Archive member included to satisfy reference by file (symbol)

c:/program files/microchip/xc32/v4.45/bin/bin/../../lib/gcc/pic32c/8.3.1/../../../../pic32c/lib/thumb/v7e-m+fp/hard\libpic32c.a(data_init.o)
                              build/pic32cxmtg/debug/_ext/1545560501/startup_xc32.o (__pic32c_data_initialization)
c:/program files/microchip/xc32/v4.45/bin/bin/../../lib/gcc/pic32c/8.3.1/../../../../pic32c/lib/thumb/v7e-m+fp/hard\libc-size-musl.a(memcpy.o)
                              build/pic32cxmtg/debug/_ext/160729472/drv_plc_boot.o (memcpy)
c:/program files/microchip/xc32/v4.45/bin/bin/../../lib/gcc/pic32c/8.3.1/../../../../pic32c/lib/thumb/v7e-m+fp/hard\libc-size-musl.a(memset.o)
                              build/pic32cxmtg/debug/_ext/160729472/drv_plc_hal.o (memset)
c:/program files/microchip/xc32/v4.45/bin/bin/../../lib/gcc/pic32c/8.3.1/../../../../pic32c/lib/thumb/v7e-m+fp/hard\libg-musl.a(__libc_start_main.o)
                              build/pic32cxmtg/debug/_ext/1545560501/startup_xc32.o (__libc_init_array)
c:/program files/microchip/xc32/v4.45/bin/bin/../../lib/gcc/pic32c/8.3.1/../../../../pic32c/lib/thumb/v7e-m+fp/hard\libg-musl.a(libc.o)
                              c:/program files/microchip/xc32/v4.45/bin/bin/../../lib/gcc/pic32c/8.3.1/../../../../pic32c/lib/thumb/v7e-m+fp/hard\libg-musl.a(__libc_start_main.o) (__progname_full)
c:/program files/microchip/xc32/v4.45/bin/bin/../../lib/gcc/pic32c/8.3.1/../../../../pic32c/lib/thumb/v7e-m+fp/hard\libg-musl.a(__environ.o)
                              c:/program files/microchip/xc32/v4.45/bin/bin/../../lib/gcc/pic32c/8.3.1/../../../../pic32c/lib/thumb/v7e-m+fp/hard\libg-musl.a(__libc_start_main.o) (__environ)
c:/program files/microchip/xc32/v4.45/bin/bin/../../lib/gcc/pic32c/8.3.1/thumb/v7e-m+fp/hard\libgcc.a(_aeabi_uldivmod.o)
                              build/pic32cxmtg/debug/_ext/1275873064/sys_time.o (__aeabi_uldivmod)
c:/program files/microchip/xc32/v4.45/bin/bin/../../lib/gcc/pic32c/8.3.1/thumb/v7e-m+fp/hard\libgcc.a(_udivmoddi4.o)
                              c:/program files/microchip/xc32/v4.45/bin/bin/../../lib/gcc/pic32c/8.3.1/thumb/v7e-m+fp/hard\libgcc.a(_aeabi_uldivmod.o) (__udivmoddi4)
c:/program files/microchip/xc32/v4.45/bin/bin/../../lib/gcc/pic32c/8.3.1/thumb/v7e-m+fp/hard\libgcc.a(_dvmd_tls.o)
                              c:/program files/microchip/xc32/v4.45/bin/bin/../../lib/gcc/pic32c/8.3.1/thumb/v7e-m+fp/hard\libgcc.a(_aeabi_uldivmod.o) (__aeabi_ldiv0)
c:/program files/microchip/xc32/v4.45/bin/bin/../../lib/gcc/pic32c/8.3.1/../../../../pic32c/lib/thumb/v7e-m+fp/hard\libpic32c.a(pic32_data_init_clear.o)
                              (__dinit_clear_needed)
c:/program files/microchip/xc32/v4.45/bin/bin/../../lib/gcc/pic32c/8.3.1/../../../../pic32c/lib/thumb/v7e-m+fp/hard\libpic32c.a(pic32_data_init_copy.o)
                              (__dinit_copy_needed)

Microchip PIC32 Memory-Usage Report

ROM Program-Memory Usage
section                    address  length [bytes]      (dec)  Description
-------                 ----------  -------------------------  -----------
.vectors                 0x1000000          0x1c0         448   
.text                    0x10001c0           0x20          32  App's exec code 
.ARM.exidx               0x10001e0            0x8           8   
.text.DRV_G3_MACRT_Clos  0x10001e8           0x18          24   
.rodata                  0x1000200        0x12300       74496  Read-only const 
.text.SRV_PCOUP_Set_Con  0x1012500          0x32c         812   
.text                    0x101282c          0x2bc         700  App's exec code 
.dinit                   0x1012ae8          0x2a0         672   
.text.DRV_G3_MACRT_Exte  0x1012d88          0x280         640   
.text.APP_Tasks          0x1013008          0x1e4         484   
.text.DRV_PLC_BOOT_Task  0x10131ec          0x1d8         472   
.text.CLK_Initialize     0x10133c4          0x194         404   
.text.DRV_G3_MACRT_Task  0x1013558          0x13c         316   
.rodata.srvPlcCoup       0x1013694          0x11c         284   
.text.PIO_Initialize     0x10137b0           0xf8         248   
.text.DRV_PLC_HAL_SendW  0x10138a8           0xf4         244   
.text.FLEXCOM0_USART_Se  0x101399c           0xe8         232   
.text.SYS_TIME_PLIBCall  0x1013a84           0xd8         216   
.text.SRV_PCOUP_Get_Def  0x1013b5c            0x4           4   
.text.SYS_TIME_Initiali  0x1013b60           0xcc         204   
.text.APP_PLC_G3MACRTIn  0x1013c2c           0xb8         184   
.text.FLEXCOM5_Interrup  0x1013ce4           0xb4         180   
.text.SYS_TIME_TimerObj  0x1013d98           0xb0         176   
.text.FLEXCOM5_SPI_Writ  0x1013e48           0xac         172   
.text.SYS_TIME_HwTimerC  0x1013ef4           0xa8         168   
.text.Reset_Handler      0x1013f9c           0xa4         164   
.text.lDRV_PLC_BOOT_Ena  0x1014040           0x9c         156   
.text.DRV_PLC_HAL_SendB  0x10140dc           0x98         152   
[...]
Memory Configuration

Name             Origin             Length             Attributes
rom              0x0000000001000000 0x0000000000100000 xrl
ram              0x0000000020000000 0x0000000000080000 xw !r
itcm             0x000000001fffc000 0x0000000000000000 xr
dtcm             0x000000001fffa000 0x0000000000000000 xw !r
*default*        0x0000000000000000 0xffffffffffffffff

Linker script and memory map

LOAD c:/program files/microchip/xc32/v4.45/bin/bin/../../lib/gcc/pic32c/8.3.1/thumb/v7e-m+fp/hard/crti.o
LOAD c:/program files/microchip/xc32/v4.45/bin/bin/../../lib/gcc/pic32c/8.3.1/thumb/v7e-m+fp/hard/crtbegin.o
LOAD build/pic32cxmtg/debug/_ext/1785439515/bsp.o
LOAD build/pic32cxmtg/debug/_ext/160729472/drv_plc_boot.o
LOAD build/pic32cxmtg/debug/_ext/160729472/drv_plc_hal.o
LOAD build/pic32cxmtg/debug/_ext/2087500840/drv_g3_macrt_bin.o
LOAD build/pic32cxmtg/debug/_ext/1804977744/drv_g3_macrt.o
LOAD build/pic32cxmtg/debug/_ext/1804977744/drv_g3_macrt_local_comm.o
LOAD build/pic32cxmtg/debug/_ext/33940185/plib_adc.o
LOAD build/pic32cxmtg/debug/_ext/33938007/plib_clk.o
LOAD build/pic32cxmtg/debug/_ext/1052077405/plib_cmcc.o
LOAD build/pic32cxmtg/debug/_ext/1052037956/plib_dwdt.o
LOAD build/pic32cxmtg/debug/_ext/1016581701/plib_flexcom5_spi_master.o
LOAD build/pic32cxmtg/debug/_ext/1051740869/plib_nvic.o
LOAD build/pic32cxmtg/debug/_ext/33925603/plib_pio.o
LOAD build/pic32cxmtg/debug/_ext/1051624247/plib_rstc.o
LOAD build/pic32cxmtg/debug/_ext/1051608344/plib_sefc0.o
LOAD build/pic32cxmtg/debug/_ext/1051608344/plib_sefc1.o
LOAD build/pic32cxmtg/debug/_ext/1051592658/plib_supc.o
LOAD build/pic32cxmtg/debug/_ext/139641592/plib_tc0.o
LOAD build/pic32cxmtg/debug/_ext/1051565808/plib_trng.o
LOAD build/pic32cxmtg/debug/_ext/1540903485/srv_pcoup.o
LOAD build/pic32cxmtg/debug/_ext/1488757394/srv_pvddmon.o
LOAD build/pic32cxmtg/debug/_ext/2099701329/xc32_monitor.o
LOAD build/pic32cxmtg/debug/_ext/1407433284/sys_cache.o
LOAD build/pic32cxmtg/debug/_ext/1787564926/sys_int.o
LOAD build/pic32cxmtg/debug/_ext/1275873064/sys_time.o
LOAD build/pic32cxmtg/debug/_ext/1545560501/initialization.o
LOAD build/pic32cxmtg/debug/_ext/1545560501/tasks.o
LOAD build/pic32cxmtg/debug/_ext/1545560501/startup_xc32.o
LOAD build/pic32cxmtg/debug/_ext/1545560501/exceptions.o
LOAD build/pic32cxmtg/debug/_ext/1545560501/libc_syscalls.o
LOAD build/pic32cxmtg/debug/_ext/1545560501/interrupts.o
LOAD build/pic32cxmtg/debug/_ext/1360937237/main.o
LOAD build/pic32cxmtg/debug/_ext/1360937237/app.o
LOAD build/pic32cxmtg/debug/_ext/1051608344/plib_sefc_common.o
LOAD build/pic32cxmtg/debug/_ext/1260474139/plib_flexcom0_usart.o
                0x0000000000000001                __MPLAB_BUILD = 0x1
                0x0000000001100000                __rom_end = (ORIGIN (rom) + LENGTH (rom))
                0x0000000020080000                __ram_end = (ORIGIN (ram) + LENGTH (ram))

.vectors        0x0000000001000000      0x1c0
                0x0000000001000000                . = ALIGN (0x4)
                0x0000000001000000                _sfixed = .
 *(.vectors .vectors.* .vectors_default .vectors_default.*)
 .vectors.exception_table
                0x0000000001000000      0x1c0 build/pic32cxmtg/debug/_ext/1545560501/interrupts.o
                0x0000000001000000                exception_table
 *(.isr_vector)
 *(.reset*)
 *(.after_vectors)

.text           0x00000000010001c0       0x20
                0x00000000010001c0                . = ALIGN (0x4)
 *(.glue_7t)
 .glue_7t       0x00000000010001c0        0x0 linker stubs
 *(.glue_7)
 .glue_7        0x00000000010001c0        0x0 linker stubs
 *(.gnu.linkonce.r.*)
 *(.ARM.extab* .gnu.linkonce.armextab.*)
                0x00000000010001c0                . = ALIGN (0x4)
 *(.init)
 .init          0x00000000010001c0        0x4 c:/program files/microchip/xc32/v4.45/bin/bin/../../lib/gcc/pic32c/8.3.1/thumb/v7e-m+fp/hard/crti.o
                0x00000000010001c0                _init
 .init          0x00000000010001c4        0x8 c:/program files/microchip/xc32/v4.45/bin/bin/../../lib/gcc/pic32c/8.3.1/thumb/v7e-m+fp/hard/crtn.o
                0x00000000010001cc                . = ALIGN (0x4)
                0x00000000010001cc                __preinit_array_start = .
 *(.preinit_array)
                0x00000000010001cc                __preinit_array_end = .
                0x00000000010001cc                . = ALIGN (0x4)
                0x00000000010001cc                __init_array_start = .
 *(SORT_BY_NAME(.init_array.*))
 *(.init_array)
 .init_array    0x00000000010001cc        0x4 c:/program files/microchip/xc32/v4.45/bin/bin/../../lib/gcc/pic32c/8.3.1/thumb/v7e-m+fp/hard/crtbegin.o
                0x00000000010001d0                __init_array_end = .
                0x00000000010001d0                . = ALIGN (0x4)
 *crtbegin.o(.ctors)
 *(EXCLUDE_FILE(*crtend.o) .ctors)
 *(SORT_BY_NAME(.ctors.*))
 *crtend.o(.ctors)
                0x00000000010001d0                . = ALIGN (0x4)
 *(.fini)
 .fini          0x00000000010001d0        0x4 c:/program files/microchip/xc32/v4.45/bin/bin/../../lib/gcc/pic32c/8.3.1/thumb/v7e-m+fp/hard/crti.o
                0x00000000010001d0                _fini
 .fini          0x00000000010001d4        0x8 c:/program files/microchip/xc32/v4.45/bin/bin/../../lib/gcc/pic32c/8.3.1/thumb/v7e-m+fp/hard/crtn.o
                0x00000000010001dc                . = ALIGN (0x4)
                0x00000000010001dc                __fini_array_start = .
 *(.fini_array)
 .fini_array    0x00000000010001dc        0x4 c:/program files/microchip/xc32/v4.45/bin/bin/../../lib/gcc/pic32c/8.3.1/thumb/v7e-m+fp/hard/crtbegin.o
 *(SORT_BY_NAME(.fini_array.*))
                0x00000000010001e0                __fini_array_end = .
 *crtbegin.o(.dtors)
 *(EXCLUDE_FILE(*crtend.o) .dtors)
 *(SORT_BY_NAME(.dtors.*))
 *crtend.o(.dtors)
                0x00000000010001e0                . = ALIGN (0x4)
                0x00000000010001e0                _efixed = .
                [!provide]                        PROVIDE (__exidx_start = .)

.ARM.exidx      0x00000000010001e0        0x8
 *(.ARM.exidx* .gnu.linkonce.armexidx.*)
 .ARM.exidx     0x00000000010001e0        0x8 c:/program files/microchip/xc32/v4.45/bin/bin/../../lib/gcc/pic32c/8.3.1/thumb/v7e-m+fp/hard\libgcc.a(_udivmoddi4.o)
                [!provide]                        PROVIDE (__exidx_end = .)
                0x00000000010001e8                . = ALIGN (0x4)
                0x00000000010001e8                _etext = .

.bss            0x0000000020000000        0x0
                0x0000000020000000                . = ALIGN (0x4)
                0x0000000020000000                __bss_start__ = .
                0x0000000020000000                _sbss = .
                0x0000000020000000                _szero = .
 *(COMMON)
                0x0000000020000000                . = ALIGN (0x4)
                0x0000000020000000                __bss_end__ = .
                0x0000000020000000                _ebss = .
                0x0000000020000000                _ezero = .
                0x0000000020000000                . = ALIGN (0x4)
                0x0000000020000000                _end = .
                0x000000002007ffff                _ram_end_ = ((ORIGIN (ram) + LENGTH (ram)) - 0x1)
                0x0000000000000001                __ICD2RAM = 0x1
                0x0000000000000001                __MPLAB_DEBUG = 0x1
                0x0000000000000001                __DEBUG = 0x1
                0x0000000000000200                _min_heap_size = 0x200
START GROUP
LOAD c:/program files/microchip/xc32/v4.45/bin/bin/../../lib/gcc/pic32c/8.3.1/../../../../pic32c/lib/thumb/v7e-m+fp/hard\libpic32c.a
LOAD c:/program files/microchip/xc32/v4.45/bin/bin/../../lib/gcc/pic32c/8.3.1/../../../../pic32c/lib/thumb/v7e-m+fp/hard\libc-size-musl.a
LOAD c:/program files/microchip/xc32/v4.45/bin/bin/../../lib/gcc/pic32c/8.3.1/../../../../pic32c/lib/thumb/v7e-m+fp/hard\liblmalloc-musl.a
LOAD c:/program files/microchip/xc32/v4.45/bin/bin/../../lib/gcc/pic32c/8.3.1/../../../../pic32c/lib/thumb/v7e-m+fp/hard\libm-fast-emfloat.a
LOAD c:/program files/microchip/xc32/v4.45/bin/bin/../../lib/gcc/pic32c/8.3.1/../../../../pic32c/lib/thumb/v7e-m+fp/hard\libm-musl.a
LOAD c:/program files/microchip/xc32/v4.45/bin/bin/../../lib/gcc/pic32c/8.3.1/../../../../pic32c/lib/thumb/v7e-m+fp/hard\libg-musl.a
LOAD c:/program files/microchip/xc32/v4.45/bin/bin/../../lib/gcc/pic32c/8.3.1/../../../../pic32c/lib/thumb/v7e-m+fp/hard\libc-musl.a
LOAD c:/program files/microchip/xc32/v4.45/bin/bin/../../lib/gcc/pic32c/8.3.1/../../../../pic32c/lib/thumb/v7e-m+fp/hard\libm-fast-emfloat.a
LOAD c:/program files/microchip/xc32/v4.45/bin/bin/../../lib/gcc/pic32c/8.3.1/../../../../pic32c/lib/thumb/v7e-m+fp/hard\libm-musl.a
LOAD c:/program files/microchip/xc32/v4.45/bin/bin/../../lib/gcc/pic32c/8.3.1/thumb/v7e-m+fp/hard\libgcc.a
END GROUP
LOAD c:/program files/microchip/xc32/v4.45/bin/bin/../../lib/gcc/pic32c/8.3.1/thumb/v7e-m+fp/hard/crtend.o
LOAD c:/program files/microchip/xc32/v4.45/bin/bin/../../lib/gcc/pic32c/8.3.1/thumb/v7e-m+fp/hard/crtn.o
OUTPUT(dist/pic32cxmtg/debug/pic32cxmtg_ek.X.debug.elf elf32-littlearm)
LOAD data_init
LOAD stack

.ARM.attributes
                0x0000000000000000       0x32
 .ARM.attributes
                0x0000000000000000       0x1e c:/program files/microchip/xc32/v4.45/bin/bin/../../lib/gcc/pic32c/8.3.1/thumb/v7e-m+fp/hard/crti.o
 .ARM.attributes
                0x000000000000001e       0x34 c:/program files/microchip/xc32/v4.45/bin/bin/../../lib/gcc/pic32c/8.3.1/thumb/v7e-m+fp/hard/crtbegin.o
 .ARM.attributes
                0x0000000000000052       0x34 build/pic32cxmtg/debug/_ext/1785439515/bsp.o
 .ARM.attributes
                0x0000000000000086       0x34 build/pic32cxmtg/debug/_ext/160729472/drv_plc_boot.o
 .ARM.attributes
                0x00000000000000ba       0x34 build/pic32cxmtg/debug/_ext/160729472/drv_plc_hal.o
 .ARM.attributes
                0x00000000000000ee       0x20 build/pic32cxmtg/debug/_ext/2087500840/drv_g3_macrt_bin.o
 .ARM.attributes
                0x000000000000010e       0x34 build/pic32cxmtg/debug/_ext/1804977744/drv_g3_macrt.o
 .ARM.attributes
                0x0000000000000142       0x34 build/pic32cxmtg/debug/_ext/1804977744/drv_g3_macrt_local_comm.o
 .ARM.attributes
                0x0000000000000176       0x34 build/pic32cxmtg/debug/_ext/33940185/plib_adc.o
 .ARM.attributes
                0x00000000000001aa       0x34 build/pic32cxmtg/debug/_ext/33938007/plib_clk.o
 .ARM.attributes
                0x00000000000001de       0x34 build/pic32cxmtg/debug/_ext/1052037956/plib_dwdt.o
 .ARM.attributes
                0x0000000000000212       0x34 build/pic32cxmtg/debug/_ext/1016581701/plib_flexcom5_spi_master.o
 .ARM.attributes
                0x0000000000000246       0x34 build/pic32cxmtg/debug/_ext/1051740869/plib_nvic.o
 .ARM.attributes
                0x000000000000027a       0x34 build/pic32cxmtg/debug/_ext/33925603/plib_pio.o
 .ARM.attributes
                0x00000000000002ae       0x34 build/pic32cxmtg/debug/_ext/1051624247/plib_rstc.o
 .ARM.attributes
                0x00000000000002e2       0x34 build/pic32cxmtg/debug/_ext/1051608344/plib_sefc0.o
 .ARM.attributes
                0x0000000000000316       0x34 build/pic32cxmtg/debug/_ext/1051608344/plib_sefc1.o
 .ARM.attributes
                0x000000000000034a       0x34 build/pic32cxmtg/debug/_ext/1051592658/plib_supc.o
 .ARM.attributes
                0x000000000000037e       0x34 build/pic32cxmtg/debug/_ext/139641592/plib_tc0.o
 .ARM.attributes
                0x00000000000003b2       0x34 build/pic32cxmtg/debug/_ext/1051565808/plib_trng.o
 .ARM.attributes
                0x00000000000003e6       0x34 build/pic32cxmtg/debug/_ext/1540903485/srv_pcoup.o
 .ARM.attributes
                0x000000000000041a       0x34 build/pic32cxmtg/debug/_ext/1488757394/srv_pvddmon.o
 .ARM.attributes
                0x000000000000044e       0x34 build/pic32cxmtg/debug/_ext/1787564926/sys_int.o
 .ARM.attributes
                0x0000000000000482       0x34 build/pic32cxmtg/debug/_ext/1275873064/sys_time.o
 .ARM.attributes
                0x00000000000004b6       0x34 build/pic32cxmtg/debug/_ext/1545560501/initialization.o
 .ARM.attributes
                0x00000000000004ea       0x34 build/pic32cxmtg/debug/_ext/1545560501/tasks.o
 .ARM.attributes
                0x000000000000051e       0x34 build/pic32cxmtg/debug/_ext/1545560501/startup_xc32.o
 .ARM.attributes
                0x0000000000000552       0x34 build/pic32cxmtg/debug/_ext/1545560501/exceptions.o
 .ARM.attributes
                0x0000000000000586       0x34 build/pic32cxmtg/debug/_ext/1545560501/interrupts.o
 .ARM.attributes
                0x00000000000005ba       0x34 build/pic32cxmtg/debug/_ext/1360937237/main.o
 .ARM.attributes
                0x00000000000005ee       0x34 build/pic32cxmtg/debug/_ext/1360937237/app.o
 .ARM.attributes
                0x0000000000000622       0x34 build/pic32cxmtg/debug/_ext/1260474139/plib_flexcom0_usart.o
 .ARM.attributes
                0x0000000000000656       0x34 c:/program files/microchip/xc32/v4.45/bin/bin/../../lib/gcc/pic32c/8.3.1/../../../../pic32c/lib/thumb/v7e-m+fp/hard\libpic32c.a(data_init.o)
 .ARM.attributes
                0x000000000000068a       0x36 c:/program files/microchip/xc32/v4.45/bin/bin/../../lib/gcc/pic32c/8.3.1/../../../../pic32c/lib/thumb/v7e-m+fp/hard\libc-size-musl.a(memcpy.o)
 .ARM.attributes
                0x00000000000006c0       0x36 c:/program files/microchip/xc32/v4.45/bin/bin/../../lib/gcc/pic32c/8.3.1/../../../../pic32c/lib/thumb/v7e-m+fp/hard\libc-size-musl.a(memset.o)
 .ARM.attributes
                0x00000000000006f6       0x36 c:/program files/microchip/xc32/v4.45/bin/bin/../../lib/gcc/pic32c/8.3.1/../../../../pic32c/lib/thumb/v7e-m+fp/hard\libg-musl.a(__libc_start_main.o)
 .ARM.attributes
                0x000000000000072c       0x34 c:/program files/microchip/xc32/v4.45/bin/bin/../../lib/gcc/pic32c/8.3.1/../../../../pic32c/lib/thumb/v7e-m+fp/hard\libg-musl.a(libc.o)
 .ARM.attributes
                0x0000000000000760       0x34 c:/program files/microchip/xc32/v4.45/bin/bin/../../lib/gcc/pic32c/8.3.1/../../../../pic32c/lib/thumb/v7e-m+fp/hard\libg-musl.a(__environ.o)
 .ARM.attributes
                0x0000000000000794       0x1e c:/program files/microchip/xc32/v4.45/bin/bin/../../lib/gcc/pic32c/8.3.1/thumb/v7e-m+fp/hard\libgcc.a(_aeabi_uldivmod.o)
 .ARM.attributes
                0x00000000000007b2       0x34 c:/program files/microchip/xc32/v4.45/bin/bin/../../lib/gcc/pic32c/8.3.1/thumb/v7e-m+fp/hard\libgcc.a(_udivmoddi4.o)
 .ARM.attributes
                0x00000000000007e6       0x1e c:/program files/microchip/xc32/v4.45/bin/bin/../../lib/gcc/pic32c/8.3.1/thumb/v7e-m+fp/hard\libgcc.a(_dvmd_tls.o)
 .ARM.attributes
                0x0000000000000804       0x1e c:/program files/microchip/xc32/v4.45/bin/bin/../../lib/gcc/pic32c/8.3.1/thumb/v7e-m+fp/hard/crtn.o
 .ARM.attributes
                0x0000000000000822       0x34 c:/program files/microchip/xc32/v4.45/bin/bin/../../lib/gcc/pic32c/8.3.1/../../../../pic32c/lib/thumb/v7e-m+fp/hard\libpic32c.a(pic32_data_init_clear.o)
 .ARM.attributes
                0x0000000000000856       0x34 c:/program files/microchip/xc32/v4.45/bin/bin/../../lib/gcc/pic32c/8.3.1/../../../../pic32c/lib/thumb/v7e-m+fp/hard\libpic32c.a(pic32_data_init_copy.o)

.comment        0x0000000000000000       0x2b
 .comment       0x0000000000000000       0x2b c:/program files/microchip/xc32/v4.45/bin/bin/../../lib/gcc/pic32c/8.3.1/thumb/v7e-m+fp/hard/crtbegin.o
                                         0x2c (size before relaxing)
 .comment       0x000000000000002b       0x2c build/pic32cxmtg/debug/_ext/1785439515/bsp.o
 .comment       0x000000000000002b       0x2c build/pic32cxmtg/debug/_ext/160729472/drv_plc_boot.o
 .comment       0x000000000000002b       0x2c build/pic32cxmtg/debug/_ext/160729472/drv_plc_hal.o
 .comment       0x000000000000002b       0x2c build/pic32cxmtg/debug/_ext/1804977744/drv_g3_macrt.o
 .comment       0x000000000000002b       0x2c build/pic32cxmtg/debug/_ext/1804977744/drv_g3_macrt_local_comm.o
 .comment       0x000000000000002b       0x2c build/pic32cxmtg/debug/_ext/33940185/plib_adc.o
 .comment       0x000000000000002b       0x2c build/pic32cxmtg/debug/_ext/33938007/plib_clk.o
 .comment       0x000000000000002b       0x2c build/pic32cxmtg/debug/_ext/1052037956/plib_dwdt.o
 .comment       0x000000000000002b       0x2c build/pic32cxmtg/debug/_ext/1016581701/plib_flexcom5_spi_master.o
 .comment       0x000000000000002b       0x2c build/pic32cxmtg/debug/_ext/1051740869/plib_nvic.o
 .comment       0x000000000000002b       0x2c build/pic32cxmtg/debug/_ext/33925603/plib_pio.o
 .comment       0x000000000000002b       0x2c build/pic32cxmtg/debug/_ext/1051624247/plib_rstc.o
 .comment       0x000000000000002b       0x2c build/pic32cxmtg/debug/_ext/1051608344/plib_sefc0.o
 .comment       0x000000000000002b       0x2c build/pic32cxmtg/debug/_ext/1051608344/plib_sefc1.o
 .comment       0x000000000000002b       0x2c build/pic32cxmtg/debug/_ext/1051592658/plib_supc.o
 .comment       0x000000000000002b       0x2c build/pic32cxmtg/debug/_ext/139641592/plib_tc0.o
 .comment       0x000000000000002b       0x2c build/pic32cxmtg/debug/_ext/1051565808/plib_trng.o
 .comment       0x000000000000002b       0x2c build/pic32cxmtg/debug/_ext/1540903485/srv_pcoup.o
 .comment       0x000000000000002b       0x2c build/pic32cxmtg/debug/_ext/1488757394/srv_pvddmon.o
 .comment       0x000000000000002b       0x2c build/pic32cxmtg/debug/_ext/1787564926/sys_int.o
 .comment       0x000000000000002b       0x2c build/pic32cxmtg/debug/_ext/1275873064/sys_time.o
 .comment       0x000000000000002b       0x2c build/pic32cxmtg/debug/_ext/1545560501/initialization.o
 .comment       0x000000000000002b       0x2c build/pic32cxmtg/debug/_ext/1545560501/tasks.o
 .comment       0x000000000000002b       0x2c build/pic32cxmtg/debug/_ext/1545560501/startup_xc32.o
 .comment       0x000000000000002b       0x2c build/pic32cxmtg/debug/_ext/1545560501/exceptions.o
 .comment       0x000000000000002b       0x2c build/pic32cxmtg/debug/_ext/1545560501/interrupts.o
 .comment       0x000000000000002b       0x2c build/pic32cxmtg/debug/_ext/1360937237/main.o
 .comment       0x000000000000002b       0x2c build/pic32cxmtg/debug/_ext/1360937237/app.o
 .comment       0x000000000000002b       0x2c build/pic32cxmtg/debug/_ext/1260474139/plib_flexcom0_usart.o
 .comment       0x000000000000002b       0x2c c:/program files/microchip/xc32/v4.45/bin/bin/../../lib/gcc/pic32c/8.3.1/../../../../pic32c/lib/thumb/v7e-m+fp/hard\libpic32c.a(data_init.o)
 .comment       0x000000000000002b       0x2c c:/program files/microchip/xc32/v4.45/bin/bin/../../lib/gcc/pic32c/8.3.1/../../../../pic32c/lib/thumb/v7e-m+fp/hard\libc-size-musl.a(memcpy.o)
 .comment       0x000000000000002b       0x2c c:/program files/microchip/xc32/v4.45/bin/bin/../../lib/gcc/pic32c/8.3.1/../../../../pic32c/lib/thumb/v7e-m+fp/hard\libc-size-musl.a(memset.o)
 .comment       0x000000000000002b       0x2c c:/program files/microchip/xc32/v4.45/bin/bin/../../lib/gcc/pic32c/8.3.1/../../../../pic32c/lib/thumb/v7e-m+fp/hard\libg-musl.a(__libc_start_main.o)
 .comment       0x000000000000002b       0x2c c:/program files/microchip/xc32/v4.45/bin/bin/../../lib/gcc/pic32c/8.3.1/../../../../pic32c/lib/thumb/v7e-m+fp/hard\libg-musl.a(libc.o)
 .comment       0x000000000000002b       0x2c c:/program files/microchip/xc32/v4.45/bin/bin/../../lib/gcc/pic32c/8.3.1/../../../../pic32c/lib/thumb/v7e-m+fp/hard\libg-musl.a(__environ.o)
 .comment       0x000000000000002b       0x2c c:/program files/microchip/xc32/v4.45/bin/bin/../../lib/gcc/pic32c/8.3.1/thumb/v7e-m+fp/hard\libgcc.a(_udivmoddi4.o)
 .comment       0x000000000000002b       0x2c c:/program files/microchip/xc32/v4.45/bin/bin/../../lib/gcc/pic32c/8.3.1/../../../../pic32c/lib/thumb/v7e-m+fp/hard\libpic32c.a(pic32_data_init_clear.o)
 .comment       0x000000000000002b       0x2c c:/program files/microchip/xc32/v4.45/bin/bin/../../lib/gcc/pic32c/8.3.1/../../../../pic32c/lib/thumb/v7e-m+fp/hard\libpic32c.a(pic32_data_init_copy.o)

.debug_info     0x0000000000000000    0x16389
 .debug_info    0x0000000000000000      0x468 build/pic32cxmtg/debug/_ext/1785439515/bsp.o
 .debug_info    0x0000000000000468     0x114c build/pic32cxmtg/debug/_ext/160729472/drv_plc_boot.o
 .debug_info    0x00000000000015b4     0x1900 build/pic32cxmtg/debug/_ext/160729472/drv_plc_hal.o
 .debug_info    0x0000000000002eb4     0x146e build/pic32cxmtg/debug/_ext/1804977744/drv_g3_macrt.o
 .debug_info    0x0000000000004322     0x1fe3 build/pic32cxmtg/debug/_ext/1804977744/drv_g3_macrt_local_comm.o
 .debug_info    0x0000000000006305      0x96c build/pic32cxmtg/debug/_ext/33940185/plib_adc.o
 .debug_info    0x0000000000006c71      0xcf4 build/pic32cxmtg/debug/_ext/33938007/plib_clk.o
 .debug_info    0x0000000000007965      0x2ab build/pic32cxmtg/debug/_ext/1052037956/plib_dwdt.o
 .debug_info    0x0000000000007c10      0xede build/pic32cxmtg/debug/_ext/1016581701/plib_flexcom5_spi_master.o
 .debug_info    0x0000000000008aee      0xbe4 build/pic32cxmtg/debug/_ext/1051740869/plib_nvic.o
 .debug_info    0x00000000000096d2      0x90b build/pic32cxmtg/debug/_ext/33925603/plib_pio.o
 .debug_info    0x0000000000009fdd      0x22d build/pic32cxmtg/debug/_ext/1051624247/plib_rstc.o
 .debug_info    0x000000000000a20a      0xb19 build/pic32cxmtg/debug/_ext/1051608344/plib_sefc0.o
 .debug_info    0x000000000000ad23      0xb19 build/pic32cxmtg/debug/_ext/1051608344/plib_sefc1.o
 .debug_info    0x000000000000b83c      0xc65 build/pic32cxmtg/debug/_ext/1051592658/plib_supc.o
 .debug_info    0x000000000000c4a1      0x597 build/pic32cxmtg/debug/_ext/139641592/plib_tc0.o
 .debug_info    0x000000000000ca38      0x237 build/pic32cxmtg/debug/_ext/1051565808/plib_trng.o
 .debug_info    0x000000000000cc6f      0xcd9 build/pic32cxmtg/debug/_ext/1540903485/srv_pcoup.o
 .debug_info    0x000000000000d948      0x80d build/pic32cxmtg/debug/_ext/1488757394/srv_pvddmon.o
 .debug_info    0x000000000000e155      0x72f build/pic32cxmtg/debug/_ext/1787564926/sys_int.o
 .debug_info    0x000000000000e884     0x1f8d build/pic32cxmtg/debug/_ext/1275873064/sys_time.o
 .debug_info    0x0000000000010811     0x141b build/pic32cxmtg/debug/_ext/1545560501/initialization.o
 .debug_info    0x0000000000011c2c      0x131 build/pic32cxmtg/debug/_ext/1545560501/tasks.o
 .debug_info    0x0000000000011d5d      0x585 build/pic32cxmtg/debug/_ext/1545560501/startup_xc32.o
 .debug_info    0x00000000000122e2      0x116 build/pic32cxmtg/debug/_ext/1545560501/exceptions.o
 .debug_info    0x00000000000123f8      0x8bc build/pic32cxmtg/debug/_ext/1545560501/interrupts.o
 .debug_info    0x0000000000012cb4      0x402 build/pic32cxmtg/debug/_ext/1360937237/main.o
 .debug_info    0x00000000000130b6     0x166a build/pic32cxmtg/debug/_ext/1360937237/app.o
 .debug_info    0x0000000000014720      0xe6a build/pic32cxmtg/debug/_ext/1260474139/plib_flexcom0_usart.o
 .debug_info    0x000000000001558a       0x54 c:/program files/microchip/xc32/v4.45/bin/bin/../../lib/gcc/pic32c/8.3.1/../../../../pic32c/lib/thumb/v7e-m+fp/hard\libpic32c.a(data_init.o)
 .debug_info    0x00000000000155de       0xf3 c:/program files/microchip/xc32/v4.45/bin/bin/../../lib/gcc/pic32c/8.3.1/../../../../pic32c/lib/thumb/v7e-m+fp/hard\libc-size-musl.a(memcpy.o)
 .debug_info    0x00000000000156d1       0xbb c:/program files/microchip/xc32/v4.45/bin/bin/../../lib/gcc/pic32c/8.3.1/../../../../pic32c/lib/thumb/v7e-m+fp/hard\libc-size-musl.a(memset.o)
 .debug_info    0x000000000001578c      0x2fb c:/program files/microchip/xc32/v4.45/bin/bin/../../lib/gcc/pic32c/8.3.1/../../../../pic32c/lib/thumb/v7e-m+fp/hard\libg-musl.a(__libc_start_main.o)
 .debug_info    0x0000000000015a87      0x276 c:/program files/microchip/xc32/v4.45/bin/bin/../../lib/gcc/pic32c/8.3.1/../../../../pic32c/lib/thumb/v7e-m+fp/hard\libg-musl.a(libc.o)
 .debug_info    0x0000000000015cfd       0x97 c:/program files/microchip/xc32/v4.45/bin/bin/../../lib/gcc/pic32c/8.3.1/../../../../pic32c/lib/thumb/v7e-m+fp/hard\libg-musl.a(__environ.o)
 .debug_info    0x0000000000015d94       0x26 c:/program files/microchip/xc32/v4.45/bin/bin/../../lib/gcc/pic32c/8.3.1/thumb/v7e-m+fp/hard\libgcc.a(_aeabi_uldivmod.o)
 .debug_info    0x0000000000015dba      0x52a c:/program files/microchip/xc32/v4.45/bin/bin/../../lib/gcc/pic32c/8.3.1/thumb/v7e-m+fp/hard\libgcc.a(_udivmoddi4.o)
 .debug_info    0x00000000000162e4       0x26 c:/program files/microchip/xc32/v4.45/bin/bin/../../lib/gcc/pic32c/8.3.1/thumb/v7e-m+fp/hard\libgcc.a(_dvmd_tls.o)
 .debug_info    0x000000000001630a       0x3f c:/program files/microchip/xc32/v4.45/bin/bin/../../lib/gcc/pic32c/8.3.1/../../../../pic32c/lib/thumb/v7e-m+fp/hard\libpic32c.a(pic32_data_init_clear.o)
 .debug_info    0x0000000000016349       0x40 c:/program files/microchip/xc32/v4.45/bin/bin/../../lib/gcc/pic32c/8.3.1/../../../../pic32c/lib/thumb/v7e-m+fp/hard\libpic32c.a(pic32_data_init_copy.o)

.debug_abbrev   0x0000000000000000     0x475d
 .debug_abbrev  0x0000000000000000       0xbc build/pic32cxmtg/debug/_ext/1785439515/bsp.o
 .debug_abbrev  0x00000000000000bc      0x3b7 build/pic32cxmtg/debug/_ext/160729472/drv_plc_boot.o
 .debug_abbrev  0x0000000000000473      0x39e build/pic32cxmtg/debug/_ext/160729472/drv_plc_hal.o
 .debug_abbrev  0x0000000000000811      0x36b build/pic32cxmtg/debug/_ext/1804977744/drv_g3_macrt.o
 .debug_abbrev  0x0000000000000b7c      0x3a8 build/pic32cxmtg/debug/_ext/1804977744/drv_g3_macrt_local_comm.o
 .debug_abbrev  0x0000000000000f24      0x1da build/pic32cxmtg/debug/_ext/33940185/plib_adc.o
 .debug_abbrev  0x00000000000010fe      0x33e build/pic32cxmtg/debug/_ext/33938007/plib_clk.o
 .debug_abbrev  0x000000000000143c       0xcd build/pic32cxmtg/debug/_ext/1052037956/plib_dwdt.o
 .debug_abbrev  0x0000000000001509      0x22d build/pic32cxmtg/debug/_ext/1016581701/plib_flexcom5_spi_master.o
 .debug_abbrev  0x0000000000001736      0x258 build/pic32cxmtg/debug/_ext/1051740869/plib_nvic.o
 .debug_abbrev  0x000000000000198e      0x259 build/pic32cxmtg/debug/_ext/33925603/plib_pio.o
 .debug_abbrev  0x0000000000001be7      0x16c build/pic32cxmtg/debug/_ext/1051624247/plib_rstc.o
 .debug_abbrev  0x0000000000001d53      0x2de build/pic32cxmtg/debug/_ext/1051608344/plib_sefc0.o
 .debug_abbrev  0x0000000000002031      0x2de build/pic32cxmtg/debug/_ext/1051608344/plib_sefc1.o
 .debug_abbrev  0x000000000000230f      0x242 build/pic32cxmtg/debug/_ext/1051592658/plib_supc.o
 .debug_abbrev  0x0000000000002551      0x176 build/pic32cxmtg/debug/_ext/139641592/plib_tc0.o
 .debug_abbrev  0x00000000000026c7       0xc0 build/pic32cxmtg/debug/_ext/1051565808/plib_trng.o
 .debug_abbrev  0x0000000000002787      0x23c build/pic32cxmtg/debug/_ext/1540903485/srv_pcoup.o
 .debug_abbrev  0x00000000000029c3      0x1bd build/pic32cxmtg/debug/_ext/1488757394/srv_pvddmon.o
 .debug_abbrev  0x0000000000002b80      0x25c build/pic32cxmtg/debug/_ext/1787564926/sys_int.o
 .debug_abbrev  0x0000000000002ddc      0x520 build/pic32cxmtg/debug/_ext/1275873064/sys_time.o
 .debug_abbrev  0x00000000000032fc      0x31a build/pic32cxmtg/debug/_ext/1545560501/initialization.o
 .debug_abbrev  0x0000000000003616       0xbd build/pic32cxmtg/debug/_ext/1545560501/tasks.o
 .debug_abbrev  0x00000000000036d3      0x1e3 build/pic32cxmtg/debug/_ext/1545560501/startup_xc32.o
 .debug_abbrev  0x00000000000038b6       0x49 build/pic32cxmtg/debug/_ext/1545560501/exceptions.o
 .debug_abbrev  0x00000000000038ff       0xee build/pic32cxmtg/debug/_ext/1545560501/interrupts.o
 .debug_abbrev  0x00000000000039ed      0x15e build/pic32cxmtg/debug/_ext/1360937237/main.o
 .debug_abbrev  0x0000000000003b4b      0x3b7 build/pic32cxmtg/debug/_ext/1360937237/app.o
 .debug_abbrev  0x0000000000003f02      0x2ab build/pic32cxmtg/debug/_ext/1260474139/plib_flexcom0_usart.o
 .debug_abbrev  0x00000000000041ad       0x44 c:/program files/microchip/xc32/v4.45/bin/bin/../../lib/gcc/pic32c/8.3.1/../../../../pic32c/lib/thumb/v7e-m+fp/hard\libpic32c.a(data_init.o)
 .debug_abbrev  0x00000000000041f1       0xbb c:/program files/microchip/xc32/v4.45/bin/bin/../../lib/gcc/pic32c/8.3.1/../../../../pic32c/lib/thumb/v7e-m+fp/hard\libc-size-musl.a(memcpy.o)
 .debug_abbrev  0x00000000000042ac       0xa2 c:/program files/microchip/xc32/v4.45/bin/bin/../../lib/gcc/pic32c/8.3.1/../../../../pic32c/lib/thumb/v7e-m+fp/hard\libc-size-musl.a(memset.o)
 .debug_abbrev  0x000000000000434e      0x133 c:/program files/microchip/xc32/v4.45/bin/bin/../../lib/gcc/pic32c/8.3.1/../../../../pic32c/lib/thumb/v7e-m+fp/hard\libg-musl.a(__libc_start_main.o)
 .debug_abbrev  0x0000000000004481       0xd4 c:/program files/microchip/xc32/v4.45/bin/bin/../../lib/gcc/pic32c/8.3.1/../../../../pic32c/lib/thumb/v7e-m+fp/hard\libg-musl.a(libc.o)
 .debug_abbrev  0x0000000000004555       0x62 c:/program files/microchip/xc32/v4.45/bin/bin/../../lib/gcc/pic32c/8.3.1/../../../../pic32c/lib/thumb/v7e-m+fp/hard\libg-musl.a(__environ.o)
 .debug_abbrev  0x00000000000045b7       0x14 c:/program files/microchip/xc32/v4.45/bin/bin/../../lib/gcc/pic32c/8.3.1/thumb/v7e-m+fp/hard\libgcc.a(_aeabi_uldivmod.o)
 .debug_abbrev  0x00000000000045cb      0x122 c:/program files/microchip/xc32/v4.45/bin/bin/../../lib/gcc/pic32c/8.3.1/thumb/v7e-m+fp/hard\libgcc.a(_udivmoddi4.o)
 .debug_abbrev  0x00000000000046ed       0x14 c:/program files/microchip/xc32/v4.45/bin/bin/../../lib/gcc/pic32c/8.3.1/thumb/v7e-m+fp/hard\libgcc.a(_dvmd_tls.o)
 .debug_abbrev  0x0000000000004701       0x2e c:/program files/microchip/xc32/v4.45/bin/bin/../../lib/gcc/pic32c/8.3.1/../../../../pic32c/lib/thumb/v7e-m+fp/hard\libpic32c.a(pic32_data_init_clear.o)
 .debug_abbrev  0x000000000000472f       0x2e c:/program files/microchip/xc32/v4.45/bin/bin/../../lib/gcc/pic32c/8.3.1/../../../../pic32c/lib/thumb/v7e-m+fp/hard\libpic32c.a(pic32_data_init_copy.o)

.debug_aranges  0x0000000000000000      0xca0
 .debug_aranges
                0x0000000000000000       0x20 build/pic32cxmtg/debug/_ext/1785439515/bsp.o
 .debug_aranges
                0x0000000000000020       0x60 build/pic32cxmtg/debug/_ext/160729472/drv_plc_boot.o
 .debug_aranges
                0x0000000000000080       0x70 build/pic32cxmtg/debug/_ext/160729472/drv_plc_hal.o
 .debug_aranges
                0x00000000000000f0       0x98 build/pic32cxmtg/debug/_ext/1804977744/drv_g3_macrt.o
 .debug_aranges
                0x0000000000000188       0x78 build/pic32cxmtg/debug/_ext/1804977744/drv_g3_macrt_local_comm.o
 .debug_aranges
                0x0000000000000200       0xc0 build/pic32cxmtg/debug/_ext/33940185/plib_adc.o
 .debug_aranges
                0x00000000000002c0       0x80 build/pic32cxmtg/debug/_ext/33938007/plib_clk.o
 .debug_aranges
                0x0000000000000340       0x20 build/pic32cxmtg/debug/_ext/1052037956/plib_dwdt.o
 .debug_aranges
                0x0000000000000360       0x68 build/pic32cxmtg/debug/_ext/1016581701/plib_flexcom5_spi_master.o
 .debug_aranges
                0x00000000000003c8       0x48 build/pic32cxmtg/debug/_ext/1051740869/plib_nvic.o
 .debug_aranges
                0x0000000000000410       0x80 build/pic32cxmtg/debug/_ext/33925603/plib_pio.o
 .debug_aranges
                0x0000000000000490       0x40 build/pic32cxmtg/debug/_ext/1051624247/plib_rstc.o
 .debug_aranges
                0x00000000000004d0       0xe8 build/pic32cxmtg/debug/_ext/1051608344/plib_sefc0.o
 .debug_aranges
                0x00000000000005b8       0xe8 build/pic32cxmtg/debug/_ext/1051608344/plib_sefc1.o
 .debug_aranges
                0x00000000000006a0       0x48 build/pic32cxmtg/debug/_ext/1051592658/plib_supc.o
 .debug_aranges
                0x00000000000006e8       0x68 build/pic32cxmtg/debug/_ext/139641592/plib_tc0.o
 .debug_aranges
                0x0000000000000750       0x38 build/pic32cxmtg/debug/_ext/1051565808/plib_trng.o
 .debug_aranges
                0x0000000000000788       0x38 build/pic32cxmtg/debug/_ext/1540903485/srv_pcoup.o
 .debug_aranges
                0x00000000000007c0       0x48 build/pic32cxmtg/debug/_ext/1488757394/srv_pvddmon.o
 .debug_aranges
                0x0000000000000808       0x40 build/pic32cxmtg/debug/_ext/1787564926/sys_int.o
 .debug_aranges
                0x0000000000000848      0x120 build/pic32cxmtg/debug/_ext/1275873064/sys_time.o
 .debug_aranges
                0x0000000000000968       0x28 build/pic32cxmtg/debug/_ext/1545560501/initialization.o
 .debug_aranges
                0x0000000000000990       0x20 build/pic32cxmtg/debug/_ext/1545560501/tasks.o
 .debug_aranges
                0x00000000000009b0       0x28 build/pic32cxmtg/debug/_ext/1545560501/startup_xc32.o
 .debug_aranges
                0x00000000000009d8       0x48 build/pic32cxmtg/debug/_ext/1545560501/exceptions.o
 .debug_aranges
                0x0000000000000a20       0x20 build/pic32cxmtg/debug/_ext/1545560501/interrupts.o
 .debug_aranges
                0x0000000000000a40       0x20 build/pic32cxmtg/debug/_ext/1360937237/main.o
 .debug_aranges
                0x0000000000000a60       0x70 build/pic32cxmtg/debug/_ext/1360937237/app.o
 .debug_aranges
                0x0000000000000ad0       0x70 build/pic32cxmtg/debug/_ext/1260474139/plib_flexcom0_usart.o
 .debug_aranges
                0x0000000000000b40       0x28 c:/program files/microchip/xc32/v4.45/bin/bin/../../lib/gcc/pic32c/8.3.1/../../../../pic32c/lib/thumb/v7e-m+fp/hard\libpic32c.a(data_init.o)
 .debug_aranges
                0x0000000000000b68       0x20 c:/program files/microchip/xc32/v4.45/bin/bin/../../lib/gcc/pic32c/8.3.1/../../../../pic32c/lib/thumb/v7e-m+fp/hard\libc-size-musl.a(memcpy.o)
 .debug_aranges
                0x0000000000000b88       0x20 c:/program files/microchip/xc32/v4.45/bin/bin/../../lib/gcc/pic32c/8.3.1/../../../../pic32c/lib/thumb/v7e-m+fp/hard\libc-size-musl.a(memset.o)
 .debug_aranges
                0x0000000000000ba8       0x28 c:/program files/microchip/xc32/v4.45/bin/bin/../../lib/gcc/pic32c/8.3.1/../../../../pic32c/lib/thumb/v7e-m+fp/hard\libg-musl.a(__libc_start_main.o)
 .debug_aranges
                0x0000000000000bd0       0x18 c:/program files/microchip/xc32/v4.45/bin/bin/../../lib/gcc/pic32c/8.3.1/../../../../pic32c/lib/thumb/v7e-m+fp/hard\libg-musl.a(libc.o)
 .debug_aranges
                0x0000000000000be8       0x18 c:/program files/microchip/xc32/v4.45/bin/bin/../../lib/gcc/pic32c/8.3.1/../../../../pic32c/lib/thumb/v7e-m+fp/hard\libg-musl.a(__environ.o)
 .debug_aranges
                0x0000000000000c00       0x20 c:/program files/microchip/xc32/v4.45/bin/bin/../../lib/gcc/pic32c/8.3.1/thumb/v7e-m+fp/hard\libgcc.a(_aeabi_uldivmod.o)
 .debug_aranges
                0x0000000000000c20       0x20 c:/program files/microchip/xc32/v4.45/bin/bin/../../lib/gcc/pic32c/8.3.1/thumb/v7e-m+fp/hard\libgcc.a(_udivmoddi4.o)
 .debug_aranges
                0x0000000000000c40       0x20 c:/program files/microchip/xc32/v4.45/bin/bin/../../lib/gcc/pic32c/8.3.1/thumb/v7e-m+fp/hard\libgcc.a(_dvmd_tls.o)
 .debug_aranges
                0x0000000000000c60       0x20 c:/program files/microchip/xc32/v4.45/bin/bin/../../lib/gcc/pic32c/8.3.1/../../../../pic32c/lib/thumb/v7e-m+fp/hard\libpic32c.a(pic32_data_init_clear.o)
 .debug_aranges
                0x0000000000000c80       0x20 c:/program files/microchip/xc32/v4.45/bin/bin/../../lib/gcc/pic32c/8.3.1/../../../../pic32c/lib/thumb/v7e-m+fp/hard\libpic32c.a(pic32_data_init_copy.o)

.debug_ranges   0x0000000000000000      0xe58
 .debug_ranges  0x0000000000000000       0x10 build/pic32cxmtg/debug/_ext/1785439515/bsp.o
 .debug_ranges  0x0000000000000010       0xa8 build/pic32cxmtg/debug/_ext/160729472/drv_plc_boot.o
 .debug_ranges  0x00000000000000b8      0x168 build/pic32cxmtg/debug/_ext/160729472/drv_plc_hal.o
 .debug_ranges  0x0000000000000220       0xa0 build/pic32cxmtg/debug/_ext/1804977744/drv_g3_macrt.o
 .debug_ranges  0x00000000000002c0      0x120 build/pic32cxmtg/debug/_ext/1804977744/drv_g3_macrt_local_comm.o
 .debug_ranges  0x00000000000003e0       0xb0 build/pic32cxmtg/debug/_ext/33940185/plib_adc.o
 .debug_ranges  0x0000000000000490       0xa8 build/pic32cxmtg/debug/_ext/33938007/plib_clk.o
 .debug_ranges  0x0000000000000538       0x10 build/pic32cxmtg/debug/_ext/1052037956/plib_dwdt.o
 .debug_ranges  0x0000000000000548       0x58 build/pic32cxmtg/debug/_ext/1016581701/plib_flexcom5_spi_master.o
 .debug_ranges  0x00000000000005a0       0x38 build/pic32cxmtg/debug/_ext/1051740869/plib_nvic.o
 .debug_ranges  0x00000000000005d8       0x70 build/pic32cxmtg/debug/_ext/33925603/plib_pio.o
 .debug_ranges  0x0000000000000648       0x60 build/pic32cxmtg/debug/_ext/1051624247/plib_rstc.o
 .debug_ranges  0x00000000000006a8      0x108 build/pic32cxmtg/debug/_ext/1051608344/plib_sefc0.o
 .debug_ranges  0x00000000000007b0      0x108 build/pic32cxmtg/debug/_ext/1051608344/plib_sefc1.o
 .debug_ranges  0x00000000000008b8       0x38 build/pic32cxmtg/debug/_ext/1051592658/plib_supc.o
 .debug_ranges  0x00000000000008f0       0x58 build/pic32cxmtg/debug/_ext/139641592/plib_tc0.o
 .debug_ranges  0x0000000000000948       0x28 build/pic32cxmtg/debug/_ext/1051565808/plib_trng.o
 .debug_ranges  0x0000000000000970       0x40 build/pic32cxmtg/debug/_ext/1540903485/srv_pcoup.o
 .debug_ranges  0x00000000000009b0       0x38 build/pic32cxmtg/debug/_ext/1488757394/srv_pvddmon.o
 .debug_ranges  0x00000000000009e8       0x30 build/pic32cxmtg/debug/_ext/1787564926/sys_int.o
 .debug_ranges  0x0000000000000a18      0x158 build/pic32cxmtg/debug/_ext/1275873064/sys_time.o
 .debug_ranges  0x0000000000000b70       0x48 build/pic32cxmtg/debug/_ext/1545560501/initialization.o
 .debug_ranges  0x0000000000000bb8       0x10 build/pic32cxmtg/debug/_ext/1545560501/tasks.o
 .debug_ranges  0x0000000000000bc8       0x18 build/pic32cxmtg/debug/_ext/1545560501/startup_xc32.o
 .debug_ranges  0x0000000000000be0       0x38 build/pic32cxmtg/debug/_ext/1545560501/exceptions.o
 .debug_ranges  0x0000000000000c18       0x10 build/pic32cxmtg/debug/_ext/1545560501/interrupts.o
 .debug_ranges  0x0000000000000c28       0x10 build/pic32cxmtg/debug/_ext/1360937237/main.o
 .debug_ranges  0x0000000000000c38       0x60 build/pic32cxmtg/debug/_ext/1360937237/app.o
 .debug_ranges  0x0000000000000c98       0x78 build/pic32cxmtg/debug/_ext/1260474139/plib_flexcom0_usart.o
 .debug_ranges  0x0000000000000d10       0x18 c:/program files/microchip/xc32/v4.45/bin/bin/../../lib/gcc/pic32c/8.3.1/../../../../pic32c/lib/thumb/v7e-m+fp/hard\libpic32c.a(data_init.o)
 .debug_ranges  0x0000000000000d28       0x10 c:/program files/microchip/xc32/v4.45/bin/bin/../../lib/gcc/pic32c/8.3.1/../../../../pic32c/lib/thumb/v7e-m+fp/hard\libc-size-musl.a(memcpy.o)
 .debug_ranges  0x0000000000000d38       0x10 c:/program files/microchip/xc32/v4.45/bin/bin/../../lib/gcc/pic32c/8.3.1/../../../../pic32c/lib/thumb/v7e-m+fp/hard\libc-size-musl.a(memset.o)
 .debug_ranges  0x0000000000000d48       0x40 c:/program files/microchip/xc32/v4.45/bin/bin/../../lib/gcc/pic32c/8.3.1/../../../../pic32c/lib/thumb/v7e-m+fp/hard\libg-musl.a(__libc_start_main.o)
 .debug_ranges  0x0000000000000d88       0xb0 c:/program files/microchip/xc32/v4.45/bin/bin/../../lib/gcc/pic32c/8.3.1/thumb/v7e-m+fp/hard\libgcc.a(_udivmoddi4.o)
 .debug_ranges  0x0000000000000e38       0x10 c:/program files/microchip/xc32/v4.45/bin/bin/../../lib/gcc/pic32c/8.3.1/../../../../pic32c/lib/thumb/v7e-m+fp/hard\libpic32c.a(pic32_data_init_clear.o)
 .debug_ranges  0x0000000000000e48       0x10 c:/program files/microchip/xc32/v4.45/bin/bin/../../lib/gcc/pic32c/8.3.1/../../../../pic32c/lib/thumb/v7e-m+fp/hard\libpic32c.a(pic32_data_init_copy.o)

.debug_line     0x0000000000000000     0x9a55
 .debug_line    0x0000000000000000       0xe0 build/pic32cxmtg/debug/_ext/1785439515/bsp.o
 .debug_line    0x00000000000000e0      0x6bb build/pic32cxmtg/debug/_ext/160729472/drv_plc_boot.o
 .debug_line    0x000000000000079b      0x950 build/pic32cxmtg/debug/_ext/160729472/drv_plc_hal.o
 .debug_line    0x00000000000010eb      0x6e9 build/pic32cxmtg/debug/_ext/1804977744/drv_g3_macrt.o
 .debug_line    0x00000000000017d4      0xc44 build/pic32cxmtg/debug/_ext/1804977744/drv_g3_macrt_local_comm.o
 .debug_line    0x0000000000002418      0x3c3 build/pic32cxmtg/debug/_ext/33940185/plib_adc.o
 .debug_line    0x00000000000027db      0x705 build/pic32cxmtg/debug/_ext/33938007/plib_clk.o
 .debug_line    0x0000000000002ee0      0x10f build/pic32cxmtg/debug/_ext/1052037956/plib_dwdt.o
 .debug_line    0x0000000000002fef      0x4df build/pic32cxmtg/debug/_ext/1016581701/plib_flexcom5_spi_master.o
 .debug_line    0x00000000000034ce      0x481 build/pic32cxmtg/debug/_ext/1051740869/plib_nvic.o
 .debug_line    0x000000000000394f      0x4ad build/pic32cxmtg/debug/_ext/33925603/plib_pio.o
 .debug_line    0x0000000000003dfc      0x220 build/pic32cxmtg/debug/_ext/1051624247/plib_rstc.o
 .debug_line    0x000000000000401c      0x765 build/pic32cxmtg/debug/_ext/1051608344/plib_sefc0.o
 .debug_line    0x0000000000004781      0x765 build/pic32cxmtg/debug/_ext/1051608344/plib_sefc1.o
 .debug_line    0x0000000000004ee6      0x4dd build/pic32cxmtg/debug/_ext/1051592658/plib_supc.o
 .debug_line    0x00000000000053c3      0x23f build/pic32cxmtg/debug/_ext/139641592/plib_tc0.o
 .debug_line    0x0000000000005602      0x159 build/pic32cxmtg/debug/_ext/1051565808/plib_trng.o
 .debug_line    0x000000000000575b      0x51a build/pic32cxmtg/debug/_ext/1540903485/srv_pcoup.o
 .debug_line    0x0000000000005c75      0x2fa build/pic32cxmtg/debug/_ext/1488757394/srv_pvddmon.o
 .debug_line    0x0000000000005f6f      0x2d4 build/pic32cxmtg/debug/_ext/1787564926/sys_int.o
 .debug_line    0x0000000000006243     0x1205 build/pic32cxmtg/debug/_ext/1275873064/sys_time.o
 .debug_line    0x0000000000007448      0x6f2 build/pic32cxmtg/debug/_ext/1545560501/initialization.o
 .debug_line    0x0000000000007b3a      0x13c build/pic32cxmtg/debug/_ext/1545560501/tasks.o
 .debug_line    0x0000000000007c76      0x26b build/pic32cxmtg/debug/_ext/1545560501/startup_xc32.o
 .debug_line    0x0000000000007ee1       0xd0 build/pic32cxmtg/debug/_ext/1545560501/exceptions.o
 .debug_line    0x0000000000007fb1      0x14c build/pic32cxmtg/debug/_ext/1545560501/interrupts.o
 .debug_line    0x00000000000080fd      0x1c1 build/pic32cxmtg/debug/_ext/1360937237/main.o
 .debug_line    0x00000000000082be      0x72a build/pic32cxmtg/debug/_ext/1360937237/app.o
 .debug_line    0x00000000000089e8      0x51a build/pic32cxmtg/debug/_ext/1260474139/plib_flexcom0_usart.o
 .debug_line    0x0000000000008f02       0x92 c:/program files/microchip/xc32/v4.45/bin/bin/../../lib/gcc/pic32c/8.3.1/../../../../pic32c/lib/thumb/v7e-m+fp/hard\libpic32c.a(data_init.o)
 .debug_line    0x0000000000008f94       0xf9 c:/program files/microchip/xc32/v4.45/bin/bin/../../lib/gcc/pic32c/8.3.1/../../../../pic32c/lib/thumb/v7e-m+fp/hard\libc-size-musl.a(memcpy.o)
 .debug_line    0x000000000000908d       0xe3 c:/program files/microchip/xc32/v4.45/bin/bin/../../lib/gcc/pic32c/8.3.1/../../../../pic32c/lib/thumb/v7e-m+fp/hard\libc-size-musl.a(memset.o)
 .debug_line    0x0000000000009170      0x1c7 c:/program files/microchip/xc32/v4.45/bin/bin/../../lib/gcc/pic32c/8.3.1/../../../../pic32c/lib/thumb/v7e-m+fp/hard\libg-musl.a(__libc_start_main.o)
 .debug_line    0x0000000000009337       0xb5 c:/program files/microchip/xc32/v4.45/bin/bin/../../lib/gcc/pic32c/8.3.1/../../../../pic32c/lib/thumb/v7e-m+fp/hard\libg-musl.a(libc.o)
 .debug_line    0x00000000000093ec       0xfb c:/program files/microchip/xc32/v4.45/bin/bin/../../lib/gcc/pic32c/8.3.1/../../../../pic32c/lib/thumb/v7e-m+fp/hard\libg-musl.a(__environ.o)
 .debug_line    0x00000000000094e7       0x91 c:/program files/microchip/xc32/v4.45/bin/bin/../../lib/gcc/pic32c/8.3.1/thumb/v7e-m+fp/hard\libgcc.a(_aeabi_uldivmod.o)
 .debug_line    0x0000000000009578      0x360 c:/program files/microchip/xc32/v4.45/bin/bin/../../lib/gcc/pic32c/8.3.1/thumb/v7e-m+fp/hard\libgcc.a(_udivmoddi4.o)
 .debug_line    0x00000000000098d8       0x91 c:/program files/microchip/xc32/v4.45/bin/bin/../../lib/gcc/pic32c/8.3.1/thumb/v7e-m+fp/hard\libgcc.a(_dvmd_tls.o)
 .debug_line    0x0000000000009969       0x72 c:/program files/microchip/xc32/v4.45/bin/bin/../../lib/gcc/pic32c/8.3.1/../../../../pic32c/lib/thumb/v7e-m+fp/hard\libpic32c.a(pic32_data_init_clear.o)
 .debug_line    0x00000000000099db       0x7a c:/program files/microchip/xc32/v4.45/bin/bin/../../lib/gcc/pic32c/8.3.1/../../../../pic32c/lib/thumb/v7e-m+fp/hard\libpic32c.a(pic32_data_init_copy.o)

.debug_str      0x0000000000000000    0x17d77
 .debug_str     0x0000000000000000      0x492 build/pic32cxmtg/debug/_ext/1785439515/bsp.o
 .debug_str     0x0000000000000492     0x14fe build/pic32cxmtg/debug/_ext/160729472/drv_plc_boot.o
 .debug_str     0x0000000000001990     0x18dd build/pic32cxmtg/debug/_ext/160729472/drv_plc_hal.o
 .debug_str     0x000000000000326d     0x1a41 build/pic32cxmtg/debug/_ext/1804977744/drv_g3_macrt.o
 .debug_str     0x0000000000004cae     0x2323 build/pic32cxmtg/debug/_ext/1804977744/drv_g3_macrt_local_comm.o
 .debug_str     0x0000000000006fd1      0x9ad build/pic32cxmtg/debug/_ext/33940185/plib_adc.o
 .debug_str     0x000000000000797e      0x8c1 build/pic32cxmtg/debug/_ext/33938007/plib_clk.o
 .debug_str     0x000000000000823f      0x456 build/pic32cxmtg/debug/_ext/1052037956/plib_dwdt.o
 .debug_str     0x0000000000008695      0xc64 build/pic32cxmtg/debug/_ext/1016581701/plib_flexcom5_spi_master.o
 .debug_str     0x00000000000092f9      0xa56 build/pic32cxmtg/debug/_ext/1051740869/plib_nvic.o
 .debug_str     0x0000000000009d4f      0x638 build/pic32cxmtg/debug/_ext/33925603/plib_pio.o
 .debug_str     0x000000000000a387      0x3e6 build/pic32cxmtg/debug/_ext/1051624247/plib_rstc.o
 .debug_str     0x000000000000a76d      0x723 build/pic32cxmtg/debug/_ext/1051608344/plib_sefc0.o
 .debug_str     0x000000000000ae90      0x723 build/pic32cxmtg/debug/_ext/1051608344/plib_sefc1.o
 .debug_str     0x000000000000b5b3      0x926 build/pic32cxmtg/debug/_ext/1051592658/plib_supc.o
 .debug_str     0x000000000000bed9      0x597 build/pic32cxmtg/debug/_ext/139641592/plib_tc0.o
 .debug_str     0x000000000000c470      0x3ae build/pic32cxmtg/debug/_ext/1051565808/plib_trng.o
 .debug_str     0x000000000000c81e     0x174d build/pic32cxmtg/debug/_ext/1540903485/srv_pcoup.o
 .debug_str     0x000000000000df6b      0x774 build/pic32cxmtg/debug/_ext/1488757394/srv_pvddmon.o
 .debug_str     0x000000000000e6df      0x991 build/pic32cxmtg/debug/_ext/1787564926/sys_int.o
 .debug_str     0x000000000000f070     0x1284 build/pic32cxmtg/debug/_ext/1275873064/sys_time.o
 .debug_str     0x00000000000102f4     0x1a8c build/pic32cxmtg/debug/_ext/1545560501/initialization.o
 .debug_str     0x0000000000011d80      0x334 build/pic32cxmtg/debug/_ext/1545560501/tasks.o
 .debug_str     0x00000000000120b4      0x48d build/pic32cxmtg/debug/_ext/1545560501/startup_xc32.o
 .debug_str     0x0000000000012541      0x34b build/pic32cxmtg/debug/_ext/1545560501/exceptions.o
 .debug_str     0x000000000001288c      0xda9 build/pic32cxmtg/debug/_ext/1545560501/interrupts.o
 .debug_str     0x0000000000013635      0x7f6 build/pic32cxmtg/debug/_ext/1360937237/main.o
 .debug_str     0x0000000000013e2b     0x1b9e build/pic32cxmtg/debug/_ext/1360937237/app.o
 .debug_str     0x00000000000159c9      0xbe4 build/pic32cxmtg/debug/_ext/1260474139/plib_flexcom0_usart.o
 .debug_str     0x00000000000165ad      0x1f5 c:/program files/microchip/xc32/v4.45/bin/bin/../../lib/gcc/pic32c/8.3.1/../../../../pic32c/lib/thumb/v7e-m+fp/hard\libpic32c.a(data_init.o)
 .debug_str     0x00000000000167a2      0x22f c:/program files/microchip/xc32/v4.45/bin/bin/../../lib/gcc/pic32c/8.3.1/../../../../pic32c/lib/thumb/v7e-m+fp/hard\libc-size-musl.a(memcpy.o)
 .debug_str     0x00000000000169d1      0x21b c:/program files/microchip/xc32/v4.45/bin/bin/../../lib/gcc/pic32c/8.3.1/../../../../pic32c/lib/thumb/v7e-m+fp/hard\libc-size-musl.a(memset.o)
 .debug_str     0x0000000000016bec      0x3d4 c:/program files/microchip/xc32/v4.45/bin/bin/../../lib/gcc/pic32c/8.3.1/../../../../pic32c/lib/thumb/v7e-m+fp/hard\libg-musl.a(__libc_start_main.o)
 .debug_str     0x0000000000016fc0      0x33f c:/program files/microchip/xc32/v4.45/bin/bin/../../lib/gcc/pic32c/8.3.1/../../../../pic32c/lib/thumb/v7e-m+fp/hard\libg-musl.a(libc.o)
 .debug_str     0x00000000000172ff      0x23f c:/program files/microchip/xc32/v4.45/bin/bin/../../lib/gcc/pic32c/8.3.1/../../../../pic32c/lib/thumb/v7e-m+fp/hard\libg-musl.a(__environ.o)
 .debug_str     0x000000000001753e       0xd6 c:/program files/microchip/xc32/v4.45/bin/bin/../../lib/gcc/pic32c/8.3.1/thumb/v7e-m+fp/hard\libgcc.a(_aeabi_uldivmod.o)
 .debug_str     0x0000000000017614      0x2cd c:/program files/microchip/xc32/v4.45/bin/bin/../../lib/gcc/pic32c/8.3.1/thumb/v7e-m+fp/hard\libgcc.a(_udivmoddi4.o)
 .debug_str     0x00000000000178e1       0xda c:/program files/microchip/xc32/v4.45/bin/bin/../../lib/gcc/pic32c/8.3.1/thumb/v7e-m+fp/hard\libgcc.a(_dvmd_tls.o)
 .debug_str     0x00000000000179bb      0x1df c:/program files/microchip/xc32/v4.45/bin/bin/../../lib/gcc/pic32c/8.3.1/../../../../pic32c/lib/thumb/v7e-m+fp/hard\libpic32c.a(pic32_data_init_clear.o)
 .debug_str     0x0000000000017b9a      0x1dd c:/program files/microchip/xc32/v4.45/bin/bin/../../lib/gcc/pic32c/8.3.1/../../../../pic32c/lib/thumb/v7e-m+fp/hard\libpic32c.a(pic32_data_init_copy.o)

.debug_frame    0x0000000000000000     0x1bb4
 .debug_frame   0x0000000000000000       0x20 build/pic32cxmtg/debug/_ext/1785439515/bsp.o
 .debug_frame   0x0000000000000020      0x130 build/pic32cxmtg/debug/_ext/160729472/drv_plc_boot.o
 .debug_frame   0x0000000000000150      0x13c build/pic32cxmtg/debug/_ext/160729472/drv_plc_hal.o
 .debug_frame   0x000000000000028c      0x178 build/pic32cxmtg/debug/_ext/1804977744/drv_g3_macrt.o
 .debug_frame   0x0000000000000404      0x1a4 build/pic32cxmtg/debug/_ext/1804977744/drv_g3_macrt_local_comm.o
 .debug_frame   0x00000000000005a8      0x178 build/pic32cxmtg/debug/_ext/33940185/plib_adc.o
 .debug_frame   0x0000000000000720      0x124 build/pic32cxmtg/debug/_ext/33938007/plib_clk.o
 .debug_frame   0x0000000000000844       0x20 build/pic32cxmtg/debug/_ext/1052037956/plib_dwdt.o
 .debug_frame   0x0000000000000864       0xe8 build/pic32cxmtg/debug/_ext/1016581701/plib_flexcom5_spi_master.o
 .debug_frame   0x000000000000094c       0x7c build/pic32cxmtg/debug/_ext/1051740869/plib_nvic.o
 .debug_frame   0x00000000000009c8      0x128 build/pic32cxmtg/debug/_ext/33925603/plib_pio.o
 .debug_frame   0x0000000000000af0       0x68 build/pic32cxmtg/debug/_ext/1051624247/plib_rstc.o
 .debug_frame   0x0000000000000b58      0x234 build/pic32cxmtg/debug/_ext/1051608344/plib_sefc0.o
 .debug_frame   0x0000000000000d8c      0x234 build/pic32cxmtg/debug/_ext/1051608344/plib_sefc1.o
 .debug_frame   0x0000000000000fc0       0x84 build/pic32cxmtg/debug/_ext/1051592658/plib_supc.o
 .debug_frame   0x0000000000001044       0xb8 build/pic32cxmtg/debug/_ext/139641592/plib_tc0.o
 .debug_frame   0x00000000000010fc       0x50 build/pic32cxmtg/debug/_ext/1051565808/plib_trng.o
 .debug_frame   0x000000000000114c       0x7c build/pic32cxmtg/debug/_ext/1540903485/srv_pcoup.o
 .debug_frame   0x00000000000011c8       0xa4 build/pic32cxmtg/debug/_ext/1488757394/srv_pvddmon.o
 .debug_frame   0x000000000000126c       0x84 build/pic32cxmtg/debug/_ext/1787564926/sys_int.o
 .debug_frame   0x00000000000012f0      0x3f8 build/pic32cxmtg/debug/_ext/1275873064/sys_time.o
 .debug_frame   0x00000000000016e8       0x40 build/pic32cxmtg/debug/_ext/1545560501/initialization.o
 .debug_frame   0x0000000000001728       0x28 build/pic32cxmtg/debug/_ext/1545560501/tasks.o
 .debug_frame   0x0000000000001750       0x38 build/pic32cxmtg/debug/_ext/1545560501/startup_xc32.o
 .debug_frame   0x0000000000001788       0x70 build/pic32cxmtg/debug/_ext/1545560501/exceptions.o
 .debug_frame   0x00000000000017f8       0x20 build/pic32cxmtg/debug/_ext/1545560501/interrupts.o
 .debug_frame   0x0000000000001818       0x28 build/pic32cxmtg/debug/_ext/1360937237/main.o
 .debug_frame   0x0000000000001840       0xec build/pic32cxmtg/debug/_ext/1360937237/app.o
 .debug_frame   0x000000000000192c      0x118 build/pic32cxmtg/debug/_ext/1260474139/plib_flexcom0_usart.o
 .debug_frame   0x0000000000001a44       0x3c c:/program files/microchip/xc32/v4.45/bin/bin/../../lib/gcc/pic32c/8.3.1/../../../../pic32c/lib/thumb/v7e-m+fp/hard\libpic32c.a(data_init.o)
 .debug_frame   0x0000000000001a80       0x2c c:/program files/microchip/xc32/v4.45/bin/bin/../../lib/gcc/pic32c/8.3.1/../../../../pic32c/lib/thumb/v7e-m+fp/hard\libc-size-musl.a(memcpy.o)
 .debug_frame   0x0000000000001aac       0x20 c:/program files/microchip/xc32/v4.45/bin/bin/../../lib/gcc/pic32c/8.3.1/../../../../pic32c/lib/thumb/v7e-m+fp/hard\libc-size-musl.a(memset.o)
 .debug_frame   0x0000000000001acc       0x3c c:/program files/microchip/xc32/v4.45/bin/bin/../../lib/gcc/pic32c/8.3.1/../../../../pic32c/lib/thumb/v7e-m+fp/hard\libg-musl.a(__libc_start_main.o)
 .debug_frame   0x0000000000001b08       0x2c c:/program files/microchip/xc32/v4.45/bin/bin/../../lib/gcc/pic32c/8.3.1/thumb/v7e-m+fp/hard\libgcc.a(_aeabi_uldivmod.o)
 .debug_frame   0x0000000000001b34       0x38 c:/program files/microchip/xc32/v4.45/bin/bin/../../lib/gcc/pic32c/8.3.1/thumb/v7e-m+fp/hard\libgcc.a(_udivmoddi4.o)
 .debug_frame   0x0000000000001b6c       0x20 c:/program files/microchip/xc32/v4.45/bin/bin/../../lib/gcc/pic32c/8.3.1/../../../../pic32c/lib/thumb/v7e-m+fp/hard\libpic32c.a(pic32_data_init_clear.o)
 .debug_frame   0x0000000000001b8c       0x28 c:/program files/microchip/xc32/v4.45/bin/bin/../../lib/gcc/pic32c/8.3.1/../../../../pic32c/lib/thumb/v7e-m+fp/hard\libpic32c.a(pic32_data_init_copy.o)

.debug_loc      0x0000000000000000     0xa03a
 .debug_loc     0x0000000000000000      0x552 build/pic32cxmtg/debug/_ext/160729472/drv_plc_boot.o
 .debug_loc     0x0000000000000552     0x1077 build/pic32cxmtg/debug/_ext/160729472/drv_plc_hal.o
 .debug_loc     0x00000000000015c9      0x482 build/pic32cxmtg/debug/_ext/1804977744/drv_g3_macrt.o
 .debug_loc     0x0000000000001a4b     0x105c build/pic32cxmtg/debug/_ext/1804977744/drv_g3_macrt_local_comm.o
 .debug_loc     0x0000000000002aa7      0x1a9 build/pic32cxmtg/debug/_ext/33940185/plib_adc.o
 .debug_loc     0x0000000000002c50      0x3e5 build/pic32cxmtg/debug/_ext/33938007/plib_clk.o
 .debug_loc     0x0000000000003035      0x6d7 build/pic32cxmtg/debug/_ext/1016581701/plib_flexcom5_spi_master.o
 .debug_loc     0x000000000000370c      0x263 build/pic32cxmtg/debug/_ext/1051740869/plib_nvic.o
 .debug_loc     0x000000000000396f      0x2ee build/pic32cxmtg/debug/_ext/33925603/plib_pio.o
 .debug_loc     0x0000000000003c5d      0x129 build/pic32cxmtg/debug/_ext/1051624247/plib_rstc.o
 .debug_loc     0x0000000000003d86      0xaae build/pic32cxmtg/debug/_ext/1051608344/plib_sefc0.o
 .debug_loc     0x0000000000004834      0xaae build/pic32cxmtg/debug/_ext/1051608344/plib_sefc1.o
 .debug_loc     0x00000000000052e2      0x1a0 build/pic32cxmtg/debug/_ext/1051592658/plib_supc.o
 .debug_loc     0x0000000000005482       0x5b build/pic32cxmtg/debug/_ext/139641592/plib_tc0.o
 .debug_loc     0x00000000000054dd      0x285 build/pic32cxmtg/debug/_ext/1540903485/srv_pcoup.o
 .debug_loc     0x0000000000005762      0x31c build/pic32cxmtg/debug/_ext/1488757394/srv_pvddmon.o
 .debug_loc     0x0000000000005a7e      0x182 build/pic32cxmtg/debug/_ext/1787564926/sys_int.o
 .debug_loc     0x0000000000005c00     0x248f build/pic32cxmtg/debug/_ext/1275873064/sys_time.o
 .debug_loc     0x000000000000808f      0x115 build/pic32cxmtg/debug/_ext/1545560501/initialization.o
 .debug_loc     0x00000000000081a4       0x20 build/pic32cxmtg/debug/_ext/1545560501/tasks.o
 .debug_loc     0x00000000000081c4       0x4a build/pic32cxmtg/debug/_ext/1545560501/startup_xc32.o
 .debug_loc     0x000000000000820e       0x36 build/pic32cxmtg/debug/_ext/1360937237/main.o
 .debug_loc     0x0000000000008244      0x313 build/pic32cxmtg/debug/_ext/1360937237/app.o
 .debug_loc     0x0000000000008557      0xa79 build/pic32cxmtg/debug/_ext/1260474139/plib_flexcom0_usart.o
 .debug_loc     0x0000000000008fd0       0x14 c:/program files/microchip/xc32/v4.45/bin/bin/../../lib/gcc/pic32c/8.3.1/../../../../pic32c/lib/thumb/v7e-m+fp/hard\libpic32c.a(data_init.o)
 .debug_loc     0x0000000000008fe4      0x10b c:/program files/microchip/xc32/v4.45/bin/bin/../../lib/gcc/pic32c/8.3.1/../../../../pic32c/lib/thumb/v7e-m+fp/hard\libc-size-musl.a(memcpy.o)
 .debug_loc     0x00000000000090ef       0x7d c:/program files/microchip/xc32/v4.45/bin/bin/../../lib/gcc/pic32c/8.3.1/../../../../pic32c/lib/thumb/v7e-m+fp/hard\libc-size-musl.a(memset.o)
 .debug_loc     0x000000000000916c       0x51 c:/program files/microchip/xc32/v4.45/bin/bin/../../lib/gcc/pic32c/8.3.1/../../../../pic32c/lib/thumb/v7e-m+fp/hard\libg-musl.a(__libc_start_main.o)
 .debug_loc     0x00000000000091bd      0xe69 c:/program files/microchip/xc32/v4.45/bin/bin/../../lib/gcc/pic32c/8.3.1/thumb/v7e-m+fp/hard\libgcc.a(_udivmoddi4.o)
 .debug_loc     0x000000000000a026       0x14 c:/program files/microchip/xc32/v4.45/bin/bin/../../lib/gcc/pic32c/8.3.1/../../../../pic32c/lib/thumb/v7e-m+fp/hard\libpic32c.a(pic32_data_init_copy.o)

.note.GNU-stack
                0x0000000000000000        0x0
 .note.GNU-stack
                0x0000000000000000        0x0 c:/program files/microchip/xc32/v4.45/bin/bin/../../lib/gcc/pic32c/8.3.1/../../../../pic32c/lib/thumb/v7e-m+fp/hard\libc-size-musl.a(memcpy.o)
 .note.GNU-stack
                0x0000000000000000        0x0 c:/program files/microchip/xc32/v4.45/bin/bin/../../lib/gcc/pic32c/8.3.1/../../../../pic32c/lib/thumb/v7e-m+fp/hard\libc-size-musl.a(memset.o)
 .note.GNU-stack
                0x0000000000000000        0x0 c:/program files/microchip/xc32/v4.45/bin/bin/../../lib/gcc/pic32c/8.3.1/../../../../pic32c/lib/thumb/v7e-m+fp/hard\libg-musl.a(__libc_start_main.o)
 .note.GNU-stack
                0x0000000000000000        0x0 c:/program files/microchip/xc32/v4.45/bin/bin/../../lib/gcc/pic32c/8.3.1/../../../../pic32c/lib/thumb/v7e-m+fp/hard\libg-musl.a(libc.o)
 .note.GNU-stack
                0x0000000000000000        0x0 c:/program files/microchip/xc32/v4.45/bin/bin/../../lib/gcc/pic32c/8.3.1/../../../../pic32c/lib/thumb/v7e-m+fp/hard\libg-musl.a(__environ.o)

.stack          0x00000000200014e8      0x100
 .stack         0x00000000200014e8      0x100 stack

.bss.gG3RxData%1
                0x0000000020000000      0x368
 .bss.gG3RxData
                0x0000000020000000      0x368 build/pic32cxmtg/debug/_ext/1804977744/drv_g3_macrt_local_comm.o

.bss.sRxSpiData%2
                0x0000000020000368      0x27c
 .bss.sRxSpiData
                0x0000000020000368      0x27c build/pic32cxmtg/debug/_ext/160729472/drv_plc_hal.o

.bss.sTxSpiData%3
                0x00000000200005e4      0x27c
 .bss.sTxSpiData
                0x00000000200005e4      0x27c build/pic32cxmtg/debug/_ext/160729472/drv_plc_hal.o

.bss.dummyDataBuffer%4
                0x0000000020000860      0x200
 .bss.dummyDataBuffer
                0x0000000020000860      0x200 build/pic32cxmtg/debug/_ext/1016581701/plib_flexcom5_spi_master.o

.bss.gG3TxData%5
                0x0000000020000a60      0x1b8
 .bss.gG3TxData
                0x0000000020000a60      0x1b8 build/pic32cxmtg/debug/_ext/1804977744/drv_g3_macrt_local_comm.o

.bss.appPlcTxFrameBuffer%6
                0x0000000020000c18      0x1b4
 .bss.appPlcTxFrameBuffer
                0x0000000020000c18      0x1b4 build/pic32cxmtg/debug/_ext/1360937237/app.o

.bss.appPlc%7   0x0000000020000dcc       0xbc
 .bss.appPlc    0x0000000020000dcc       0xbc build/pic32cxmtg/debug/_ext/1360937237/app.o
                0x0000000020000dcc                appPlc

.bss.timers%8   0x0000000020000e88       0xa0
 .bss.timers    0x0000000020000e88       0xa0 build/pic32cxmtg/debug/_ext/1275873064/sys_time.o

.bss.gG3RegResponse%9
                0x0000000020000f28       0x98
 .bss.gG3RegResponse
                0x0000000020000f28       0x98 build/pic32cxmtg/debug/_ext/1804977744/drv_g3_macrt_local_comm.o

.bss.gDrvG3MacRtObj%10
                0x0000000020000fc0       0x5c
 .bss.gDrvG3MacRtObj
                0x0000000020000fc0       0x5c build/pic32cxmtg/debug/_ext/1804977744/drv_g3_macrt.o

.bss%11         0x000000002000101c       0x50
 .bss           0x000000002000101c       0x50 c:/program files/microchip/xc32/v4.45/bin/bin/../../lib/gcc/pic32c/8.3.1/../../../../pic32c/lib/thumb/v7e-m+fp/hard\libg-musl.a(libc.o)
                0x000000002000101c                __progname_full
                0x000000002000101c                program_invocation_name
                0x0000000020001020                program_invocation_short_name
                0x0000000020001020                __progname
                0x0000000020001024                __sysinfo
                0x0000000020001028                __hwcap
                0x000000002000102c                __libc

.bss.sDrvPlcBootInfo%12
                0x000000002000106c       0x48
 .bss.sDrvPlcBootInfo
                0x000000002000106c       0x48 build/pic32cxmtg/debug/_ext/160729472/drv_plc_boot.o

.bss.gSystemCounterObj%13
                0x00000000200010b8       0x40
 .bss.gSystemCounterObj
                0x00000000200010b8       0x40 build/pic32cxmtg/debug/_ext/1275873064/sys_time.o

.bss.appPlcTx%14
                0x00000000200010f8       0x3c
 .bss.appPlcTx  0x00000000200010f8       0x3c build/pic32cxmtg/debug/_ext/1360937237/app.o
                0x00000000200010f8                appPlcTx

.bss.flexcom5SpiObj%15
                0x0000000020001134       0x30
 .bss.flexcom5SpiObj
                0x0000000020001134       0x30 build/pic32cxmtg/debug/_ext/1016581701/plib_flexcom5_spi_master.o

.bss.gG3CommStatus%16
                0x0000000020001164       0x20
 .bss.gG3CommStatus
                0x0000000020001164       0x20 build/pic32cxmtg/debug/_ext/1804977744/drv_g3_macrt_local_comm.o

.bss.gG3RxParameters%17
                0x0000000020001184       0x20
 .bss.gG3RxParameters
                0x0000000020001184       0x20 build/pic32cxmtg/debug/_ext/1804977744/drv_g3_macrt_local_comm.o

.bss%18         0x00000000200011a4       0x1c
 .bss           0x00000000200011a4       0x1c c:/program files/microchip/xc32/v4.45/bin/bin/../../lib/gcc/pic32c/8.3.1/thumb/v7e-m+fp/hard/crtbegin.o

.bss.gG3StatusInfo%19
                0x00000000200011c0        0xc
 .bss.gG3StatusInfo
                0x00000000200011c0        0xc build/pic32cxmtg/debug/_ext/1804977744/drv_g3_macrt_local_comm.o

.bss.portPinCbObj%20
                0x00000000200011cc        0xc
 .bss.portPinCbObj
                0x00000000200011cc        0xc build/pic32cxmtg/debug/_ext/33925603/plib_pio.o

.bss.ADC_CallbackObj%21
                0x00000000200011d8        0x8
 .bss.ADC_CallbackObj
                0x00000000200011d8        0x8 build/pic32cxmtg/debug/_ext/33940185/plib_adc.o

.bss.TC0_CH0_CallbackObj%22
                0x00000000200011e0        0x8
 .bss.TC0_CH0_CallbackObj
                0x00000000200011e0        0x8 build/pic32cxmtg/debug/_ext/139641592/plib_tc0.o

.bss.sysObj%23  0x00000000200011e8        0x8
 .bss.sysObj    0x00000000200011e8        0x8 build/pic32cxmtg/debug/_ext/1545560501/initialization.o
                0x00000000200011e8                sysObj

.bss.sDrvPlcHalObj%24
                0x00000000200010b4        0x4
 .bss.sDrvPlcHalObj
                0x00000000200010b4        0x4 build/pic32cxmtg/debug/_ext/160729472/drv_plc_boot.o

.bss.sPlcPlib%25
                0x00000000200011f0        0x4
 .bss.sPlcPlib  0x00000000200011f0        0x4 build/pic32cxmtg/debug/_ext/160729472/drv_plc_hal.o

.bss.gG3MacRtObj%26
                0x00000000200011f4        0x4
 .bss.gG3MacRtObj
                0x00000000200011f4        0x4 build/pic32cxmtg/debug/_ext/1804977744/drv_g3_macrt_local_comm.o

.bss.gG3TxConfirm%27
                0x00000000200011f8        0x4
 .bss.gG3TxConfirm
                0x00000000200011f8        0x4 build/pic32cxmtg/debug/_ext/1804977744/drv_g3_macrt_local_comm.o

.bss.SEFC0_PanelBaseAddr%28
                0x00000000200011fc        0x4
 .bss.SEFC0_PanelBaseAddr
                0x00000000200011fc        0x4 build/pic32cxmtg/debug/_ext/1051608344/plib_sefc0.o

.bss.SEFC1_PanelBaseAddr%29
                0x0000000020001200        0x4
 .bss.SEFC1_PanelBaseAddr
                0x0000000020001200        0x4 build/pic32cxmtg/debug/_ext/1051608344/plib_sefc1.o

.bss.ADC_CompareCallback%30
                0x0000000020001204        0x4
 .bss.ADC_CompareCallback
                0x0000000020001204        0x4 build/pic32cxmtg/debug/_ext/1488757394/srv_pvddmon.o

.bss%31         0x0000000020001208        0x4
 .bss           0x0000000020001208        0x4 c:/program files/microchip/xc32/v4.45/bin/bin/../../lib/gcc/pic32c/8.3.1/../../../../pic32c/lib/thumb/v7e-m+fp/hard\libpic32c.a(data_init.o)

.bss%32         0x000000002000120c        0x4
 .bss           0x000000002000120c        0x4 c:/program files/microchip/xc32/v4.45/bin/bin/../../lib/gcc/pic32c/8.3.1/../../../../pic32c/lib/thumb/v7e-m+fp/hard\libg-musl.a(__environ.o)
                0x000000002000120c                __environ
                0x000000002000120c                environ
                0x000000002000120c                ___environ
                0x000000002000120c                _environ

.bss.spreadRestoreStatus%33
                0x0000000020001210        0x3
 .bss.spreadRestoreStatus
                0x0000000020001210        0x3 build/pic32cxmtg/debug/_ext/33938007/plib_clk.o

.bss.srv_pvddmon_mode%34
                0x0000000020001213        0x1
 .bss.srv_pvddmon_mode
                0x0000000020001213        0x1 build/pic32cxmtg/debug/_ext/1488757394/srv_pvddmon.o

.ramfunc.SEFC0_GpnvmBitRead%35
                0x0000000020001214       0x40
 .ramfunc.SEFC0_GpnvmBitRead
                0x0000000020001214       0x20 build/pic32cxmtg/debug/_ext/1051608344/plib_sefc0.o
                0x0000000020001214                SEFC0_GpnvmBitRead
 .ramfunc.SEFC1_GpnvmBitRead
                0x0000000020001234       0x20 build/pic32cxmtg/debug/_ext/1051608344/plib_sefc1.o
                0x0000000020001234                SEFC1_GpnvmBitRead

.data.drvPLCHalAPI%36
                0x0000000020001254       0x30
 .data.drvPLCHalAPI
                0x0000000020001254       0x30 build/pic32cxmtg/debug/_ext/1545560501/initialization.o

.data.drvPLCPlib%37
                0x0000000020001284       0x18
 .data.drvPLCPlib
                0x0000000020001284       0x18 build/pic32cxmtg/debug/_ext/1545560501/initialization.o

.data.drvG3MacRtInitData%38
                0x000000002000129c       0x14
 .data.drvG3MacRtInitData
                0x000000002000129c       0x14 build/pic32cxmtg/debug/_ext/1545560501/initialization.o
                0x000000002000129c                drvG3MacRtInitData

.data.setup%39  0x00000000200012b0       0x10
 .data.setup    0x00000000200012b0       0x10 build/pic32cxmtg/debug/_ext/1360937237/main.o
                0x00000000200012b0                setup

.data.portNumCb%40
                0x00000000200012c0        0x8
 .data.portNumCb
                0x00000000200012c0        0x8 build/pic32cxmtg/debug/_ext/33925603/plib_pio.o

.data.gSysTimeTokenCount%41
                0x00000000200012c8        0x2
 .data.gSysTimeTokenCount
                0x00000000200012c8        0x2 build/pic32cxmtg/debug/_ext/1275873064/sys_time.o

.eh_frame%z1    0x0000000000000000        0x0
 .eh_frame      0x0000000000000000        0x0 c:/program files/microchip/xc32/v4.45/bin/bin/../../lib/gcc/pic32c/8.3.1/thumb/v7e-m+fp/hard/crtbegin.o

.config_D0000000.__config_D0000000%42
                0x00000000d0000000        0x4
 .config_D0000000.__config_D0000000
                0x00000000d0000000        0x4 build/pic32cxmtg/debug/_ext/1545560501/initialization.o
                0x00000000d0000000                __config_D0000000

.rodata%43      0x0000000001000200    0x12300
 .rodata        0x0000000001000200    0x12300 build/pic32cxmtg/debug/_ext/2087500840/drv_g3_macrt_bin.o
                0x0000000001000200                g3_mac_rt_bin_start
                0x0000000001012500                g3_mac_rt_bin2_start
                0x0000000001012500                g3_mac_rt_bin2_end
                0x0000000001012500                g3_mac_rt_bin_end

.text.SRV_PCOUP_Set_Config%44
                0x0000000001012500      0x32c
 .text.SRV_PCOUP_Set_Config
                0x0000000001012500      0x32c build/pic32cxmtg/debug/_ext/1540903485/srv_pcoup.o
                0x0000000001012500                SRV_PCOUP_Set_Config

.text%45        0x000000000101282c      0x2bc
 .text          0x000000000101282c      0x2bc c:/program files/microchip/xc32/v4.45/bin/bin/../../lib/gcc/pic32c/8.3.1/thumb/v7e-m+fp/hard\libgcc.a(_udivmoddi4.o)
                0x000000000101282c                __udivmoddi4

.dinit%46       0x0000000001012ae8      0x2a0
 .dinit         0x0000000001012ae8      0x2a0 data_init

.text.DRV_G3_MACRT_ExternalInterruptHandler%47
                0x0000000001012d88      0x280
 .text.DRV_G3_MACRT_ExternalInterruptHandler
                0x0000000001012d88      0x280 build/pic32cxmtg/debug/_ext/1804977744/drv_g3_macrt_local_comm.o
                0x0000000001012d88                DRV_G3_MACRT_ExternalInterruptHandler

.text.APP_Tasks%48
                0x0000000001013008      0x1e4
 .text.APP_Tasks
                0x0000000001013008      0x1e4 build/pic32cxmtg/debug/_ext/1360937237/app.o
                0x0000000001013008                APP_Tasks

.text.DRV_PLC_BOOT_Tasks%49
                0x00000000010131ec      0x1d8
 .text.DRV_PLC_BOOT_Tasks
                0x00000000010131ec      0x1d8 build/pic32cxmtg/debug/_ext/160729472/drv_plc_boot.o
                0x00000000010131ec                DRV_PLC_BOOT_Tasks

.text.CLK_Initialize%50
                0x00000000010133c4      0x194
 .text.CLK_Initialize
                0x00000000010133c4      0x194 build/pic32cxmtg/debug/_ext/33938007/plib_clk.o
                0x00000000010133c4                CLK_Initialize

.text.DRV_G3_MACRT_Task%51
                0x0000000001013558      0x13c
 .text.DRV_G3_MACRT_Task
                0x0000000001013558      0x13c build/pic32cxmtg/debug/_ext/1804977744/drv_g3_macrt_local_comm.o
                0x0000000001013558                DRV_G3_MACRT_Task

.rodata.srvPlcCoup%52
                0x0000000001013694      0x11c
 .rodata.srvPlcCoup
                0x0000000001013694      0x11c build/pic32cxmtg/debug/_ext/1540903485/srv_pcoup.o

.text.PIO_Initialize%53
                0x00000000010137b0       0xf8
 .text.PIO_Initialize
                0x00000000010137b0       0xf8 build/pic32cxmtg/debug/_ext/33925603/plib_pio.o
                0x00000000010137b0                PIO_Initialize

.text.DRV_PLC_HAL_SendWrRdCmd%54
                0x00000000010138a8       0xf4
 .text.DRV_PLC_HAL_SendWrRdCmd
                0x00000000010138a8       0xf4 build/pic32cxmtg/debug/_ext/160729472/drv_plc_hal.o
                0x00000000010138a8                DRV_PLC_HAL_SendWrRdCmd

.text.FLEXCOM0_USART_SerialSetup%55
                0x000000000101399c       0xe8
 .text.FLEXCOM0_USART_SerialSetup
                0x000000000101399c       0xe8 build/pic32cxmtg/debug/_ext/1260474139/plib_flexcom0_usart.o
                0x000000000101399c                FLEXCOM0_USART_SerialSetup

.text.SYS_TIME_PLIBCallback%56
                0x0000000001013a84       0xd8
 .text.SYS_TIME_PLIBCallback
                0x0000000001013a84       0xd8 build/pic32cxmtg/debug/_ext/1275873064/sys_time.o

.text.SYS_TIME_Initialize%57
                0x0000000001013b60       0xcc
 .text.SYS_TIME_Initialize
                0x0000000001013b60       0xcc build/pic32cxmtg/debug/_ext/1275873064/sys_time.o
                0x0000000001013b60                SYS_TIME_Initialize

.text.APP_PLC_G3MACRTInitCallback%58
                0x0000000001013c2c       0xb8
 .text.APP_PLC_G3MACRTInitCallback
                0x0000000001013c2c       0xb8 build/pic32cxmtg/debug/_ext/1360937237/app.o

.text.FLEXCOM5_InterruptHandler%59
                0x0000000001013ce4       0xb4
 .text.FLEXCOM5_InterruptHandler
                0x0000000001013ce4       0xb4 build/pic32cxmtg/debug/_ext/1016581701/plib_flexcom5_spi_master.o
                0x0000000001013ce4                FLEXCOM5_InterruptHandler

.text.SYS_TIME_TimerObjectCreate%60
                0x0000000001013d98       0xb0
 .text.SYS_TIME_TimerObjectCreate
                0x0000000001013d98       0xb0 build/pic32cxmtg/debug/_ext/1275873064/sys_time.o

.text.FLEXCOM5_SPI_WriteRead%61
                0x0000000001013e48       0xac
 .text.FLEXCOM5_SPI_WriteRead
                0x0000000001013e48       0xac build/pic32cxmtg/debug/_ext/1016581701/plib_flexcom5_spi_master.o
                0x0000000001013e48                FLEXCOM5_SPI_WriteRead

.text.SYS_TIME_HwTimerCompareUpdate%62
                0x0000000001013ef4       0xa8
 .text.SYS_TIME_HwTimerCompareUpdate
                0x0000000001013ef4       0xa8 build/pic32cxmtg/debug/_ext/1275873064/sys_time.o

.text.Reset_Handler%63
                0x0000000001013f9c       0xa4
 .text.Reset_Handler
                0x0000000001013f9c       0xa4 build/pic32cxmtg/debug/_ext/1545560501/startup_xc32.o
                0x0000000001013f9c                Reset_Handler

.text.lDRV_PLC_BOOT_EnableBootCmd%64
                0x0000000001014040       0x9c
 .text.lDRV_PLC_BOOT_EnableBootCmd
                0x0000000001014040       0x9c build/pic32cxmtg/debug/_ext/160729472/drv_plc_boot.o

.text.DRV_PLC_HAL_SendBootCmd%65
                0x00000000010140dc       0x98
 .text.DRV_PLC_HAL_SendBootCmd
                0x00000000010140dc       0x98 build/pic32cxmtg/debug/_ext/160729472/drv_plc_hal.o
                0x00000000010140dc                DRV_PLC_HAL_SendBootCmd

.rodata.srvPlcCoupPredistCoefHigh%66
                0x0000000001014174       0x90
 .rodata.srvPlcCoupPredistCoefHigh
                0x0000000001014174       0x90 build/pic32cxmtg/debug/_ext/1540903485/srv_pcoup.o

.rodata.srvPlcCoupPredistCoefVLow%67
                0x0000000001014204       0x90
 .rodata.srvPlcCoupPredistCoefVLow
                0x0000000001014204       0x90 build/pic32cxmtg/debug/_ext/1540903485/srv_pcoup.o

.text.SYS_TIME_AddToList%68
                0x0000000001014294       0x90
 .text.SYS_TIME_AddToList
                0x0000000001014294       0x90 build/pic32cxmtg/debug/_ext/1275873064/sys_time.o

.text.DRV_G3_MACRT_PIBSet%69
                0x0000000001014324       0x8c
 .text.DRV_G3_MACRT_PIBSet
                0x0000000001014324       0x8c build/pic32cxmtg/debug/_ext/1804977744/drv_g3_macrt_local_comm.o
                0x0000000001014324                DRV_G3_MACRT_PIBSet

.text.PLLInitialize%70
                0x00000000010143b0       0x84
 .text.PLLInitialize
                0x00000000010143b0       0x84 build/pic32cxmtg/debug/_ext/33938007/plib_clk.o

.text.DRV_G3_MACRT_TxRequest%71
                0x0000000001014434       0x7c
 .text.DRV_G3_MACRT_TxRequest
                0x0000000001014434       0x7c build/pic32cxmtg/debug/_ext/1804977744/drv_g3_macrt_local_comm.o
                0x0000000001014434                DRV_G3_MACRT_TxRequest

.text.NVIC_Initialize%72
                0x00000000010144b0       0x78
 .text.NVIC_Initialize
                0x00000000010144b0       0x78 build/pic32cxmtg/debug/_ext/1051740869/plib_nvic.o
                0x00000000010144b0                NVIC_Initialize

.text.SRV_PVDDMON_Restart%73
                0x0000000001014528       0x74
 .text.SRV_PVDDMON_Restart
                0x0000000001014528       0x74 build/pic32cxmtg/debug/_ext/1488757394/srv_pvddmon.o
                0x0000000001014528                SRV_PVDDMON_Restart

.text.SYS_Initialize%74
                0x000000000101459c       0x74
 .text.SYS_Initialize
                0x000000000101459c       0x74 build/pic32cxmtg/debug/_ext/1545560501/initialization.o
                0x000000000101459c                SYS_Initialize

.text.DRV_PLC_BOOT_Restart%75
                0x0000000001014610       0x6c
 .text.DRV_PLC_BOOT_Restart
                0x0000000001014610       0x6c build/pic32cxmtg/debug/_ext/160729472/drv_plc_boot.o
                0x0000000001014610                DRV_PLC_BOOT_Restart

.text.PIO_PinInterruptCallbackRegister%76
                0x000000000101467c       0x6c
 .text.PIO_PinInterruptCallbackRegister
                0x000000000101467c       0x6c build/pic32cxmtg/debug/_ext/33925603/plib_pio.o
                0x000000000101467c                PIO_PinInterruptCallbackRegister

.text.lDRV_G3_MACRT_COMM_SpiWriteCmd%77
                0x00000000010146e8       0x68
 .text.lDRV_G3_MACRT_COMM_SpiWriteCmd
                0x00000000010146e8       0x68 build/pic32cxmtg/debug/_ext/1804977744/drv_g3_macrt_local_comm.o

.text.SRV_PVDDMON_Start%78
                0x0000000001014750       0x68
 .text.SRV_PVDDMON_Start
                0x0000000001014750       0x68 build/pic32cxmtg/debug/_ext/1488757394/srv_pvddmon.o
                0x0000000001014750                SRV_PVDDMON_Start

.text.DRV_PLC_HAL_Reset%79
                0x00000000010147b8       0x64
 .text.DRV_PLC_HAL_Reset
                0x00000000010147b8       0x64 build/pic32cxmtg/debug/_ext/160729472/drv_plc_hal.o
                0x00000000010147b8                DRV_PLC_HAL_Reset

.text.DRV_PLC_HAL_SetStandBy%80
                0x000000000101481c       0x64
 .text.DRV_PLC_HAL_SetStandBy
                0x000000000101481c       0x64 build/pic32cxmtg/debug/_ext/160729472/drv_plc_hal.o
                0x000000000101481c                DRV_PLC_HAL_SetStandBy

.text.DRV_G3_MACRT_Initialize%81
                0x0000000001014880       0x64
 .text.DRV_G3_MACRT_Initialize
                0x0000000001014880       0x64 build/pic32cxmtg/debug/_ext/1804977744/drv_g3_macrt.o
                0x0000000001014880                DRV_G3_MACRT_Initialize

.text.lDRV_G3_MACRT_COMM_SpiReadCmd%82
                0x00000000010148e4       0x64
 .text.lDRV_G3_MACRT_COMM_SpiReadCmd
                0x00000000010148e4       0x64 build/pic32cxmtg/debug/_ext/1804977744/drv_g3_macrt_local_comm.o

.text.DRV_G3_MACRT_Tasks%83
                0x0000000001014948       0x5c
 .text.DRV_G3_MACRT_Tasks
                0x0000000001014948       0x5c build/pic32cxmtg/debug/_ext/1804977744/drv_g3_macrt.o
                0x0000000001014948                DRV_G3_MACRT_Tasks

.text.FLEXCOM5_SPI_TransferSetup%84
                0x00000000010149a4       0x5c
 .text.FLEXCOM5_SPI_TransferSetup
                0x00000000010149a4       0x5c build/pic32cxmtg/debug/_ext/1016581701/plib_flexcom5_spi_master.o
                0x00000000010149a4                FLEXCOM5_SPI_TransferSetup

.text.SYS_TIME_RemoveFromList%85
                0x0000000001014a00       0x5c
 .text.SYS_TIME_RemoveFromList
                0x0000000001014a00       0x5c build/pic32cxmtg/debug/_ext/1275873064/sys_time.o

.text.__libc_start_init%86
                0x0000000001014a5c       0x5c
 .text.__libc_start_init
                0x0000000001014a5c       0x5c c:/program files/microchip/xc32/v4.45/bin/bin/../../lib/gcc/pic32c/8.3.1/../../../../pic32c/lib/thumb/v7e-m+fp/hard\libg-musl.a(__libc_start_main.o)
                0x0000000001014a5c                __libc_init_array

.text.lDRV_PLC_BOOT_GetSecureInfo%87
                0x0000000001014ab8       0x58
 .text.lDRV_PLC_BOOT_GetSecureInfo
                0x0000000001014ab8       0x58 build/pic32cxmtg/debug/_ext/160729472/drv_plc_boot.o

.text.DRV_G3_MACRT_Open%88
                0x0000000001014b10       0x58
 .text.DRV_G3_MACRT_Open
                0x0000000001014b10       0x58 build/pic32cxmtg/debug/_ext/1804977744/drv_g3_macrt.o
                0x0000000001014b10                DRV_G3_MACRT_Open

.text.RSTC_PMCResetStatusGet%89
                0x0000000001014b68       0x58
 .text.RSTC_PMCResetStatusGet
                0x0000000001014b68       0x58 build/pic32cxmtg/debug/_ext/1051624247/plib_rstc.o
                0x0000000001014b68                RSTC_PMCResetStatusGet

.text.SYS_TIME_TimerAdd%90
                0x0000000001014bc0       0x58
 .text.SYS_TIME_TimerAdd
                0x0000000001014bc0       0x58 build/pic32cxmtg/debug/_ext/1275873064/sys_time.o

.text.SYS_TIME_TimerStart%91
                0x0000000001014c18       0x58
 .text.SYS_TIME_TimerStart
                0x0000000001014c18       0x58 build/pic32cxmtg/debug/_ext/1275873064/sys_time.o
                0x0000000001014c18                SYS_TIME_TimerStart

.text.SYS_TIME_CallbackRegisterMS%92
                0x0000000001014c70       0x54
 .text.SYS_TIME_CallbackRegisterMS
                0x0000000001014c70       0x54 build/pic32cxmtg/debug/_ext/1275873064/sys_time.o
                0x0000000001014c70                SYS_TIME_CallbackRegisterMS

.text.lDRV_PLC_BOOT_DisableBootCmd%93
                0x0000000001014cc4       0x50
 .text.lDRV_PLC_BOOT_DisableBootCmd
                0x0000000001014cc4       0x50 build/pic32cxmtg/debug/_ext/160729472/drv_plc_boot.o

.text.lDRV_G3_MACRT_COMM_CheckComm%94
                0x0000000001014d14       0x50
 .text.lDRV_G3_MACRT_COMM_CheckComm
                0x0000000001014d14       0x50 build/pic32cxmtg/debug/_ext/1804977744/drv_g3_macrt_local_comm.o

.text.SYS_TIME_DelayUS%95
                0x0000000001014d64       0x50
 .text.SYS_TIME_DelayUS
                0x0000000001014d64       0x50 build/pic32cxmtg/debug/_ext/1275873064/sys_time.o
                0x0000000001014d64                SYS_TIME_DelayUS

.text.FLEXCOM0_USART_Write%96
                0x0000000001014db4       0x50
 .text.FLEXCOM0_USART_Write
                0x0000000001014db4       0x50 build/pic32cxmtg/debug/_ext/1260474139/plib_flexcom0_usart.o
                0x0000000001014db4                FLEXCOM0_USART_Write

.text.DRV_G3_MACRT_Init%97
                0x0000000001014e04       0x48
 .text.DRV_G3_MACRT_Init
                0x0000000001014e04       0x48 build/pic32cxmtg/debug/_ext/1804977744/drv_g3_macrt_local_comm.o
                0x0000000001014e04                DRV_G3_MACRT_Init

.text.DRV_PLC_BOOT_Start%98
                0x0000000001014e4c       0x44
 .text.DRV_PLC_BOOT_Start
                0x0000000001014e4c       0x44 build/pic32cxmtg/debug/_ext/160729472/drv_plc_boot.o
                0x0000000001014e4c                DRV_PLC_BOOT_Start

.text.DRV_PLC_HAL_EnableInterrupts%99
                0x0000000001014e90       0x44
 .text.DRV_PLC_HAL_EnableInterrupts
                0x0000000001014e90       0x44 build/pic32cxmtg/debug/_ext/160729472/drv_plc_hal.o
                0x0000000001014e90                DRV_PLC_HAL_EnableInterrupts

.text.SYS_INT_SourceDisable%100
                0x0000000001014ed4       0x44
 .text.SYS_INT_SourceDisable
                0x0000000001014ed4       0x44 build/pic32cxmtg/debug/_ext/1787564926/sys_int.o
                0x0000000001014ed4                SYS_INT_SourceDisable

.text.APP_PLC_RxParamsIndCallback%101
                0x0000000001014f18       0x44
 .text.APP_PLC_RxParamsIndCallback
                0x0000000001014f18       0x44 build/pic32cxmtg/debug/_ext/1360937237/app.o

.text%102       0x0000000001014f5c       0x40
 .text          0x0000000001014f5c       0x40 c:/program files/microchip/xc32/v4.45/bin/bin/../../lib/gcc/pic32c/8.3.1/thumb/v7e-m+fp/hard/crtbegin.o

.text.DRV_PLC_HAL_Init%103
                0x0000000001014f9c       0x3c
 .text.DRV_PLC_HAL_Init
                0x0000000001014f9c       0x3c build/pic32cxmtg/debug/_ext/160729472/drv_plc_hal.o
                0x0000000001014f9c                DRV_PLC_HAL_Init

.text.DRV_PLC_HAL_Setup%104
                0x0000000001014fd8       0x3c
 .text.DRV_PLC_HAL_Setup
                0x0000000001014fd8       0x3c build/pic32cxmtg/debug/_ext/160729472/drv_plc_hal.o
                0x0000000001014fd8                DRV_PLC_HAL_Setup

.text.SUPC_Initialize%105
                0x0000000001015014       0x3c
 .text.SUPC_Initialize
                0x0000000001015014       0x3c build/pic32cxmtg/debug/_ext/1051592658/plib_supc.o
                0x0000000001015014                SUPC_Initialize

.text.SYS_TIME_GetTimerObject%106
                0x0000000001015050       0x3c
 .text.SYS_TIME_GetTimerObject
                0x0000000001015050       0x3c build/pic32cxmtg/debug/_ext/1275873064/sys_time.o

.text.SYS_TIME_TimerDestroy%107
                0x000000000101508c       0x3c
 .text.SYS_TIME_TimerDestroy
                0x000000000101508c       0x3c build/pic32cxmtg/debug/_ext/1275873064/sys_time.o
                0x000000000101508c                SYS_TIME_TimerDestroy

.text.FLEXCOM0_USART_Initialize%108
                0x00000000010150c8       0x3c
 .text.FLEXCOM0_USART_Initialize
                0x00000000010150c8       0x3c build/pic32cxmtg/debug/_ext/1260474139/plib_flexcom0_usart.o
                0x00000000010150c8                FLEXCOM0_USART_Initialize

.rodata%109     0x0000000001015104       0x38
 .rodata        0x0000000001015104       0x38 build/pic32cxmtg/debug/_ext/33938007/plib_clk.o

.text.FLEXCOM5_SPI_Initialize%110
                0x000000000101513c       0x38
 .text.FLEXCOM5_SPI_Initialize
                0x000000000101513c       0x38 build/pic32cxmtg/debug/_ext/1016581701/plib_flexcom5_spi_master.o
                0x000000000101513c                FLEXCOM5_SPI_Initialize

.text.PIOA_InterruptHandler%111
                0x0000000001015174       0x38
 .text.PIOA_InterruptHandler
                0x0000000001015174       0x38 build/pic32cxmtg/debug/_ext/33925603/plib_pio.o
                0x0000000001015174                PIOA_InterruptHandler

.text.SYS_TIME_ResourceLock%112
                0x00000000010151ac       0x38
 .text.SYS_TIME_ResourceLock
                0x00000000010151ac       0x38 build/pic32cxmtg/debug/_ext/1275873064/sys_time.o

.text.DRV_PLC_HAL_SetTxEnable%113
                0x00000000010151e4       0x34
 .text.DRV_PLC_HAL_SetTxEnable
                0x00000000010151e4       0x34 build/pic32cxmtg/debug/_ext/160729472/drv_plc_hal.o
                0x00000000010151e4                DRV_PLC_HAL_SetTxEnable

.text.main%114  0x0000000001015218       0x34
 .text.main     0x0000000001015218       0x34 build/pic32cxmtg/debug/_ext/1360937237/main.o
                0x0000000001015218                main

.text.APP_PLC_PVDDMonitorCallback%115
                0x000000000101524c       0x34
 .text.APP_PLC_PVDDMonitorCallback
                0x000000000101524c       0x34 build/pic32cxmtg/debug/_ext/1360937237/app.o

.text.__pic32c_data_initialization%116
                0x0000000001015280       0x34
 .text.__pic32c_data_initialization
                0x0000000001015280       0x34 c:/program files/microchip/xc32/v4.45/bin/bin/../../lib/gcc/pic32c/8.3.1/../../../../pic32c/lib/thumb/v7e-m+fp/hard\libpic32c.a(data_init.o)
                0x0000000001015280                __pic32c_data_initialization

.text.lDRV_PLC_BOOT_Rev%117
                0x00000000010152b4       0x30
 .text.lDRV_PLC_BOOT_Rev
                0x00000000010152b4       0x30 build/pic32cxmtg/debug/_ext/160729472/drv_plc_boot.o

.text.ADC_Initialize%118
                0x00000000010152e4       0x30
 .text.ADC_Initialize
                0x00000000010152e4       0x30 build/pic32cxmtg/debug/_ext/33940185/plib_adc.o
                0x00000000010152e4                ADC_Initialize

.text.SYS_TIME_UpdateTimerList%119
                0x0000000001015314       0x30
 .text.SYS_TIME_UpdateTimerList
                0x0000000001015314       0x30 build/pic32cxmtg/debug/_ext/1275873064/sys_time.o

.text._on_reset%120
                0x0000000001015344       0x30
 .text._on_reset
                0x0000000001015344       0x30 build/pic32cxmtg/debug/_ext/1545560501/initialization.o
                0x0000000001015344                _on_reset

.text.APP_Initialize%121
                0x0000000001015374       0x30
 .text.APP_Initialize
                0x0000000001015374       0x30 build/pic32cxmtg/debug/_ext/1360937237/app.o
                0x0000000001015374                APP_Initialize

.text%122       0x00000000010153a4       0x30
 .text          0x00000000010153a4       0x30 c:/program files/microchip/xc32/v4.45/bin/bin/../../lib/gcc/pic32c/8.3.1/thumb/v7e-m+fp/hard\libgcc.a(_aeabi_uldivmod.o)
                0x00000000010153a4                __aeabi_uldivmod

.text.APP_PLC_DataIndCallback%123
                0x00000000010153d4       0x2c
 .text.APP_PLC_DataIndCallback
                0x00000000010153d4       0x2c build/pic32cxmtg/debug/_ext/1360937237/app.o

.text.DRV_PLC_HAL_GetThermalMonitor%124
                0x0000000001015400       0x28
 .text.DRV_PLC_HAL_GetThermalMonitor
                0x0000000001015400       0x28 build/pic32cxmtg/debug/_ext/160729472/drv_plc_hal.o
                0x0000000001015400                DRV_PLC_HAL_GetThermalMonitor

.text.setupDMA%125
                0x0000000001015428       0x28
 .text.setupDMA
                0x0000000001015428       0x28 build/pic32cxmtg/debug/_ext/1016581701/plib_flexcom5_spi_master.o

.text.SYS_TIME_TimerPeriodHasExpired%126
                0x0000000001015450       0x28
 .text.SYS_TIME_TimerPeriodHasExpired
                0x0000000001015450       0x28 build/pic32cxmtg/debug/_ext/1275873064/sys_time.o
                0x0000000001015450                SYS_TIME_TimerPeriodHasExpired

.text.lDRV_PLC_BOOT_CheckStatus%127
                0x0000000001015478       0x24
 .text.lDRV_PLC_BOOT_CheckStatus
                0x0000000001015478       0x24 build/pic32cxmtg/debug/_ext/160729472/drv_plc_boot.o

.text.PIO_PortOutputEnable%128
                0x000000000101549c       0x24
 .text.PIO_PortOutputEnable
                0x000000000101549c       0x24 build/pic32cxmtg/debug/_ext/33925603/plib_pio.o
                0x000000000101549c                PIO_PortOutputEnable

.text.TC0_CH0_InterruptHandler%129
                0x00000000010154c0       0x24
 .text.TC0_CH0_InterruptHandler
                0x00000000010154c0       0x24 build/pic32cxmtg/debug/_ext/139641592/plib_tc0.o
                0x00000000010154c0                TC0_CH0_InterruptHandler

.text.lADC_PVDDMONCallback%130
                0x00000000010154e4       0x24
 .text.lADC_PVDDMONCallback
                0x00000000010154e4       0x24 build/pic32cxmtg/debug/_ext/1488757394/srv_pvddmon.o

.text.SYS_TIME_ResourceUnlock%131
                0x0000000001015508       0x24
 .text.SYS_TIME_ResourceUnlock
                0x0000000001015508       0x24 build/pic32cxmtg/debug/_ext/1275873064/sys_time.o

.text.DRV_PLC_HAL_Delay%132
                0x000000000101552c       0x22
 .text.DRV_PLC_HAL_Delay
                0x000000000101552c       0x22 build/pic32cxmtg/debug/_ext/160729472/drv_plc_hal.o
                0x000000000101552c                DRV_PLC_HAL_Delay

.text.ADC_InterruptHandler%133
                0x0000000001015550       0x20
 .text.ADC_InterruptHandler
                0x0000000001015550       0x20 build/pic32cxmtg/debug/_ext/33940185/plib_adc.o
                0x0000000001015550                ADC_InterruptHandler

.text.RSTC_Initialize%134
                0x0000000001015570       0x20
 .text.RSTC_Initialize
                0x0000000001015570       0x20 build/pic32cxmtg/debug/_ext/1051624247/plib_rstc.o
                0x0000000001015570                RSTC_Initialize

.text.SEFC0_Initialize%135
                0x0000000001015590       0x20
 .text.SEFC0_Initialize
                0x0000000001015590       0x20 build/pic32cxmtg/debug/_ext/1051608344/plib_sefc0.o
                0x0000000001015590                SEFC0_Initialize

.text.SEFC1_Initialize%136
                0x00000000010155b0       0x20
 .text.SEFC1_Initialize
                0x00000000010155b0       0x20 build/pic32cxmtg/debug/_ext/1051608344/plib_sefc1.o
                0x00000000010155b0                SEFC1_Initialize

.text.TC0_CH0_TimerInitialize%137
                0x00000000010155d0       0x20
 .text.TC0_CH0_TimerInitialize
                0x00000000010155d0       0x20 build/pic32cxmtg/debug/_ext/139641592/plib_tc0.o
                0x00000000010155d0                TC0_CH0_TimerInitialize

.text.SYS_INT_SourceRestore%138
                0x00000000010155f0       0x20
 .text.SYS_INT_SourceRestore
                0x00000000010155f0       0x20 build/pic32cxmtg/debug/_ext/1787564926/sys_int.o
                0x00000000010155f0                SYS_INT_SourceRestore

.text.DRV_PLC_HAL_GetPinLevel%139
                0x0000000001015610       0x1e
 .text.DRV_PLC_HAL_GetPinLevel
                0x0000000001015610       0x1e build/pic32cxmtg/debug/_ext/160729472/drv_plc_hal.o
                0x0000000001015610                DRV_PLC_HAL_GetPinLevel

.text.__dinit_copy%140
                0x000000000101562e       0x1e
 .text.__dinit_copy
                0x000000000101562e       0x1e c:/program files/microchip/xc32/v4.45/bin/bin/../../lib/gcc/pic32c/8.3.1/../../../../pic32c/lib/thumb/v7e-m+fp/hard\libpic32c.a(pic32_data_init_copy.o)
                0x000000000101562e                __dinit_copy_needed
                0x000000000101562e                __dinit_copy

.text.DWDT_Initialize%141
                0x000000000101564c       0x1c
 .text.DWDT_Initialize
                0x000000000101564c       0x1c build/pic32cxmtg/debug/_ext/1052037956/plib_dwdt.o
                0x000000000101564c                DWDT_Initialize

.text.PIO_PortRead%142
                0x0000000001015668       0x1c
 .text.PIO_PortRead
                0x0000000001015668       0x1c build/pic32cxmtg/debug/_ext/33925603/plib_pio.o
                0x0000000001015668                PIO_PortRead

.text.PIO_PortSet%143
                0x0000000001015684       0x1c
 .text.PIO_PortSet
                0x0000000001015684       0x1c build/pic32cxmtg/debug/_ext/33925603/plib_pio.o
                0x0000000001015684                PIO_PortSet

.text.PIO_PortClear%144
                0x00000000010156a0       0x1c
 .text.PIO_PortClear
                0x00000000010156a0       0x1c build/pic32cxmtg/debug/_ext/33925603/plib_pio.o
                0x00000000010156a0                PIO_PortClear

.text.PIO_PortInterruptEnable%145
                0x00000000010156bc       0x1c
 .text.PIO_PortInterruptEnable
                0x00000000010156bc       0x1c build/pic32cxmtg/debug/_ext/33925603/plib_pio.o
                0x00000000010156bc                PIO_PortInterruptEnable

.text.PIO_PortInterruptDisable%146
                0x00000000010156d8       0x1c
 .text.PIO_PortInterruptDisable
                0x00000000010156d8       0x1c build/pic32cxmtg/debug/_ext/33925603/plib_pio.o
                0x00000000010156d8                PIO_PortInterruptDisable
