Archive member included to satisfy reference by file (symbol)

c:/program files/microchip/xc32/v4.45/bin/bin/../../lib/gcc/pic32c/8.3.1/../../../../pic32c/lib/thumb/v7e-m+fp/hard\libpic32c.a(data_init.o)
                              build/pic32cxmtg/debug/_ext/1545560501/startup_xc32.o (__pic32c_data_initialization)
c:/program files/microchip/xc32/v4.45/bin/bin/../../lib/gcc/pic32c/8.3.1/../../../../pic32c/lib/thumb/v7e-m+fp/hard\libc-size-musl.a(memcpy.o)
                              build/pic32cxmtg/debug/_ext/160729472/drv_plc_boot.o (memcpy)
c:/program files/microchip/xc32/v4.45/bin/bin/../../lib/gcc/pic32c/8.3.1/../../../../pic32c/lib/thumb/v7e-m+fp/hard\libc-size-musl.a(memset.o)
                              build/pic32cxmtg/debug/_ext/160729472/drv_plc_hal.o (memset)
c:/program files/microchip/xc32/v4.45/bin/bin/../../lib/gcc/pic32c/8.3.1/../../../../pic32c/lib/thumb/v7e-m+fp/hard\libg-musl.a(__libc_start_main.o)
                              build/pic32cxmtg/debug/_ext/1545560501/startup_xc32.o (__libc_init_array)
c:/program files/microchip/xc32/v4.45/bin/bin/../../lib/gcc/pic32c/8.3.1/../../../../pic32c/lib/thumb/v7e-m+fp/hard\libg-musl.a(libc.o)
                              c:/program files/microchip/xc32/v4.45/bin/bin/../../lib/gcc/pic32c/8.3.1/../../../../pic32c/lib/thumb/v7e-m+fp/hard\libg-musl.a(__libc_start_main.o) (__progname_full)
c:/program files/microchip/xc32/v4.45/bin/bin/../../lib/gcc/pic32c/8.3.1/../../../../pic32c/lib/thumb/v7e-m+fp/hard\libg-musl.a(__environ.o)
                              c:/program files/microchip/xc32/v4.45/bin/bin/../../lib/gcc/pic32c/8.3.1/../../../../pic32c/lib/thumb/v7e-m+fp/hard\libg-musl.a(__libc_start_main.o) (__environ)
c:/program files/microchip/xc32/v4.45/bin/bin/../../lib/gcc/pic32c/8.3.1/thumb/v7e-m+fp/hard\libgcc.a(_aeabi_uldivmod.o)
                              build/pic32cxmtg/debug/_ext/1275873064/sys_time.o (__aeabi_uldivmod)
c:/program files/microchip/xc32/v4.45/bin/bin/../../lib/gcc/pic32c/8.3.1/thumb/v7e-m+fp/hard\libgcc.a(_udivmoddi4.o)
                              c:/program files/microchip/xc32/v4.45/bin/bin/../../lib/gcc/pic32c/8.3.1/thumb/v7e-m+fp/hard\libgcc.a(_aeabi_uldivmod.o) (__udivmoddi4)
c:/program files/microchip/xc32/v4.45/bin/bin/../../lib/gcc/pic32c/8.3.1/thumb/v7e-m+fp/hard\libgcc.a(_dvmd_tls.o)
                              c:/program files/microchip/xc32/v4.45/bin/bin/../../lib/gcc/pic32c/8.3.1/thumb/v7e-m+fp/hard\libgcc.a(_aeabi_uldivmod.o) (__aeabi_ldiv0)
c:/program files/microchip/xc32/v4.45/bin/bin/../../lib/gcc/pic32c/8.3.1/../../../../pic32c/lib/thumb/v7e-m+fp/hard\libpic32c.a(pic32_data_init_clear.o)
                              (__dinit_clear_needed)
c:/program files/microchip/xc32/v4.45/bin/bin/../../lib/gcc/pic32c/8.3.1/../../../../pic32c/lib/thumb/v7e-m+fp/hard\libpic32c.a(pic32_data_init_copy.o)
                              (__dinit_copy_needed)

Microchip PIC32 Memory-Usage Report

ROM Program-Memory Usage
section                    address  length [bytes]      (dec)  Description
-------                 ----------  -------------------------  -----------
.vectors                 0x1000000          0x1c0         448   
.text                    0x10001c0           0x20          32  App's exec code 
.ARM.exidx               0x10001e0            0x8           8   
.text.DRV_G3_MACRT_Clos  0x10001e8           0x18          24   
.rodata                  0x1000200        0x12300       74496  Read-only const 
.text.SRV_PCOUP_Set_Con  0x1012500          0x32c         812   
.dinit                   0x101282c          0x2f0         752   
.text                    0x1012b1c          0x2bc         700  App's exec code 
.text.DRV_G3_MACRT_Exte  0x1012dd8          0x280         640   
.text.APP_Tasks          0x1013058          0x254         596   
.text.DRV_PLC_BOOT_Task  0x10132ac          0x1d8         472   
.text.CLK_Initialize     0x1013484          0x194         404   
.text.DRV_G3_MACRT_Task  0x1013618          0x13c         316   
.rodata.srvPlcCoup       0x1013754          0x11c         284   
.text.PIO_Initialize     0x1013870           0xfc         252   
.text.DRV_PLC_HAL_SendW  0x101396c           0xf4         244   
.text.FLEXCOM0_USART_Se  0x1013a60           0xe8         232   
.text.SYS_TIME_PLIBCall  0x1013b48           0xd8         216   
.text.SYS_TIME_Initiali  0x1013c20           0xcc         204   
.text.APP_PLC_G3MACRTIn  0x1013cec           0xb8         184   
.text.FLEXCOM5_Interrup  0x1013da4           0xb4         180   
.text.SYS_TIME_TimerObj  0x1013e58           0xb0         176   
.text.FLEXCOM5_SPI_Writ  0x1013f08           0xac         172   
.text.SYS_TIME_HwTimerC  0x1013fb4           0xa8         168   
.text.Reset_Handler      0x101405c           0xa4         164   
.text.lDRV_PLC_BOOT_Ena  0x1014100           0x9c         156   
.text.DRV_PLC_HAL_SendB  0x101419c           0x98         152   
.text.UART_ISR_RX_Handl  0x1014234           0x94         148   
[...]
Memory Configuration

Name             Origin             Length             Attributes
rom              0x0000000001000000 0x0000000000100000 xrl
ram              0x0000000020000000 0x0000000000080000 xw !r
itcm             0x000000001fffc000 0x0000000000000000 xr
dtcm             0x000000001fffa000 0x0000000000000000 xw !r
*default*        0x0000000000000000 0xffffffffffffffff

Linker script and memory map

LOAD c:/program files/microchip/xc32/v4.45/bin/bin/../../lib/gcc/pic32c/8.3.1/thumb/v7e-m+fp/hard/crti.o
LOAD c:/program files/microchip/xc32/v4.45/bin/bin/../../lib/gcc/pic32c/8.3.1/thumb/v7e-m+fp/hard/crtbegin.o
LOAD build/pic32cxmtg/debug/_ext/1785439515/bsp.o
LOAD build/pic32cxmtg/debug/_ext/160729472/drv_plc_boot.o
LOAD build/pic32cxmtg/debug/_ext/160729472/drv_plc_hal.o
LOAD build/pic32cxmtg/debug/_ext/2087500840/drv_g3_macrt_bin.o
LOAD build/pic32cxmtg/debug/_ext/1804977744/drv_g3_macrt.o
LOAD build/pic32cxmtg/debug/_ext/1804977744/drv_g3_macrt_local_comm.o
LOAD build/pic32cxmtg/debug/_ext/33940185/plib_adc.o
LOAD build/pic32cxmtg/debug/_ext/33938007/plib_clk.o
LOAD build/pic32cxmtg/debug/_ext/1052077405/plib_cmcc.o
LOAD build/pic32cxmtg/debug/_ext/1052037956/plib_dwdt.o
LOAD build/pic32cxmtg/debug/_ext/1016581701/plib_flexcom5_spi_master.o
LOAD build/pic32cxmtg/debug/_ext/1260474139/plib_flexcom0_usart.o
LOAD build/pic32cxmtg/debug/_ext/1051740869/plib_nvic.o
LOAD build/pic32cxmtg/debug/_ext/33925603/plib_pio.o
LOAD build/pic32cxmtg/debug/_ext/1051624247/plib_rstc.o
LOAD build/pic32cxmtg/debug/_ext/1051608344/plib_sefc0.o
LOAD build/pic32cxmtg/debug/_ext/1051608344/plib_sefc1.o
LOAD build/pic32cxmtg/debug/_ext/1051608344/plib_sefc_common.o
LOAD build/pic32cxmtg/debug/_ext/1051592658/plib_supc.o
LOAD build/pic32cxmtg/debug/_ext/139641592/plib_tc0.o
LOAD build/pic32cxmtg/debug/_ext/1051565808/plib_trng.o
LOAD build/pic32cxmtg/debug/_ext/1051552217/plib_uart.o
LOAD build/pic32cxmtg/debug/_ext/1540903485/srv_pcoup.o
LOAD build/pic32cxmtg/debug/_ext/1488757394/srv_pvddmon.o
LOAD build/pic32cxmtg/debug/_ext/2099701329/xc32_monitor.o
LOAD build/pic32cxmtg/debug/_ext/1407433284/sys_cache.o
LOAD build/pic32cxmtg/debug/_ext/1787564926/sys_int.o
LOAD build/pic32cxmtg/debug/_ext/1275873064/sys_time.o
LOAD build/pic32cxmtg/debug/_ext/1545560501/initialization.o
LOAD build/pic32cxmtg/debug/_ext/1545560501/tasks.o
LOAD build/pic32cxmtg/debug/_ext/1545560501/startup_xc32.o
LOAD build/pic32cxmtg/debug/_ext/1545560501/exceptions.o
LOAD build/pic32cxmtg/debug/_ext/1545560501/libc_syscalls.o
LOAD build/pic32cxmtg/debug/_ext/1545560501/interrupts.o
LOAD build/pic32cxmtg/debug/_ext/1360937237/main.o
LOAD build/pic32cxmtg/debug/_ext/1360937237/app.o
LOAD build/pic32cxmtg/debug/_ext/139641592/plib_tc1.o
                0x0000000000000001                __MPLAB_BUILD = 0x1
                0x0000000001100000                __rom_end = (ORIGIN (rom) + LENGTH (rom))
                0x0000000020080000                __ram_end = (ORIGIN (ram) + LENGTH (ram))

.vectors        0x0000000001000000      0x1c0
                0x0000000001000000                . = ALIGN (0x4)
                0x0000000001000000                _sfixed = .
 *(.vectors .vectors.* .vectors_default .vectors_default.*)
 .vectors.exception_table
                0x0000000001000000      0x1c0 build/pic32cxmtg/debug/_ext/1545560501/interrupts.o
                0x0000000001000000                exception_table
 *(.isr_vector)
 *(.reset*)
 *(.after_vectors)

.text           0x00000000010001c0       0x20
                0x00000000010001c0                . = ALIGN (0x4)
 *(.glue_7t)
 .glue_7t       0x00000000010001c0        0x0 linker stubs
 *(.glue_7)
 .glue_7        0x00000000010001c0        0x0 linker stubs
 *(.gnu.linkonce.r.*)
 *(.ARM.extab* .gnu.linkonce.armextab.*)
                0x00000000010001c0                . = ALIGN (0x4)
 *(.init)
 .init          0x00000000010001c0        0x4 c:/program files/microchip/xc32/v4.45/bin/bin/../../lib/gcc/pic32c/8.3.1/thumb/v7e-m+fp/hard/crti.o
                0x00000000010001c0                _init
 .init          0x00000000010001c4        0x8 c:/program files/microchip/xc32/v4.45/bin/bin/../../lib/gcc/pic32c/8.3.1/thumb/v7e-m+fp/hard/crtn.o
                0x00000000010001cc                . = ALIGN (0x4)
                0x00000000010001cc                __preinit_array_start = .
 *(.preinit_array)
                0x00000000010001cc                __preinit_array_end = .
                0x00000000010001cc                . = ALIGN (0x4)
                0x00000000010001cc                __init_array_start = .
 *(SORT_BY_NAME(.init_array.*))
 *(.init_array)
 .init_array    0x00000000010001cc        0x4 c:/program files/microchip/xc32/v4.45/bin/bin/../../lib/gcc/pic32c/8.3.1/thumb/v7e-m+fp/hard/crtbegin.o
                0x00000000010001d0                __init_array_end = .
                0x00000000010001d0                . = ALIGN (0x4)
 *crtbegin.o(.ctors)
 *(EXCLUDE_FILE(*crtend.o) .ctors)
 *(SORT_BY_NAME(.ctors.*))
 *crtend.o(.ctors)
                0x00000000010001d0                . = ALIGN (0x4)
 *(.fini)
 .fini          0x00000000010001d0        0x4 c:/program files/microchip/xc32/v4.45/bin/bin/../../lib/gcc/pic32c/8.3.1/thumb/v7e-m+fp/hard/crti.o
                0x00000000010001d0                _fini
 .fini          0x00000000010001d4        0x8 c:/program files/microchip/xc32/v4.45/bin/bin/../../lib/gcc/pic32c/8.3.1/thumb/v7e-m+fp/hard/crtn.o
                0x00000000010001dc                . = ALIGN (0x4)
                0x00000000010001dc                __fini_array_start = .
 *(.fini_array)
 .fini_array    0x00000000010001dc        0x4 c:/program files/microchip/xc32/v4.45/bin/bin/../../lib/gcc/pic32c/8.3.1/thumb/v7e-m+fp/hard/crtbegin.o
 *(SORT_BY_NAME(.fini_array.*))
                0x00000000010001e0                __fini_array_end = .
 *crtbegin.o(.dtors)
 *(EXCLUDE_FILE(*crtend.o) .dtors)
 *(SORT_BY_NAME(.dtors.*))
 *crtend.o(.dtors)
                0x00000000010001e0                . = ALIGN (0x4)
                0x00000000010001e0                _efixed = .
                [!provide]                        PROVIDE (__exidx_start = .)

.ARM.exidx      0x00000000010001e0        0x8
 *(.ARM.exidx* .gnu.linkonce.armexidx.*)
 .ARM.exidx     0x00000000010001e0        0x8 c:/program files/microchip/xc32/v4.45/bin/bin/../../lib/gcc/pic32c/8.3.1/thumb/v7e-m+fp/hard\libgcc.a(_udivmoddi4.o)
                [!provide]                        PROVIDE (__exidx_end = .)
                0x00000000010001e8                . = ALIGN (0x4)
                0x00000000010001e8                _etext = .

.bss            0x0000000020000000        0x0
                0x0000000020000000                . = ALIGN (0x4)
                0x0000000020000000                __bss_start__ = .
                0x0000000020000000                _sbss = .
                0x0000000020000000                _szero = .
 *(COMMON)
                0x0000000020000000                . = ALIGN (0x4)
                0x0000000020000000                __bss_end__ = .
                0x0000000020000000                _ebss = .
                0x0000000020000000                _ezero = .
                0x0000000020000000                . = ALIGN (0x4)
                0x0000000020000000                _end = .
                0x000000002007ffff                _ram_end_ = ((ORIGIN (ram) + LENGTH (ram)) - 0x1)
                0x0000000000000001                __ICD2RAM = 0x1
                0x0000000000000001                __MPLAB_DEBUG = 0x1
                0x0000000000000001                __DEBUG = 0x1
                0x0000000000000200                _min_heap_size = 0x200
START GROUP
LOAD c:/program files/microchip/xc32/v4.45/bin/bin/../../lib/gcc/pic32c/8.3.1/../../../../pic32c/lib/thumb/v7e-m+fp/hard\libpic32c.a
LOAD c:/program files/microchip/xc32/v4.45/bin/bin/../../lib/gcc/pic32c/8.3.1/../../../../pic32c/lib/thumb/v7e-m+fp/hard\libc-size-musl.a
LOAD c:/program files/microchip/xc32/v4.45/bin/bin/../../lib/gcc/pic32c/8.3.1/../../../../pic32c/lib/thumb/v7e-m+fp/hard\liblmalloc-musl.a
LOAD c:/program files/microchip/xc32/v4.45/bin/bin/../../lib/gcc/pic32c/8.3.1/../../../../pic32c/lib/thumb/v7e-m+fp/hard\libm-fast-emfloat.a
LOAD c:/program files/microchip/xc32/v4.45/bin/bin/../../lib/gcc/pic32c/8.3.1/../../../../pic32c/lib/thumb/v7e-m+fp/hard\libm-musl.a
LOAD c:/program files/microchip/xc32/v4.45/bin/bin/../../lib/gcc/pic32c/8.3.1/../../../../pic32c/lib/thumb/v7e-m+fp/hard\libg-musl.a
LOAD c:/program files/microchip/xc32/v4.45/bin/bin/../../lib/gcc/pic32c/8.3.1/../../../../pic32c/lib/thumb/v7e-m+fp/hard\libc-musl.a
LOAD c:/program files/microchip/xc32/v4.45/bin/bin/../../lib/gcc/pic32c/8.3.1/../../../../pic32c/lib/thumb/v7e-m+fp/hard\libm-fast-emfloat.a
LOAD c:/program files/microchip/xc32/v4.45/bin/bin/../../lib/gcc/pic32c/8.3.1/../../../../pic32c/lib/thumb/v7e-m+fp/hard\libm-musl.a
LOAD c:/program files/microchip/xc32/v4.45/bin/bin/../../lib/gcc/pic32c/8.3.1/thumb/v7e-m+fp/hard\libgcc.a
END GROUP
LOAD c:/program files/microchip/xc32/v4.45/bin/bin/../../lib/gcc/pic32c/8.3.1/thumb/v7e-m+fp/hard/crtend.o
LOAD c:/program files/microchip/xc32/v4.45/bin/bin/../../lib/gcc/pic32c/8.3.1/thumb/v7e-m+fp/hard/crtn.o
OUTPUT(dist/pic32cxmtg/debug/pic32cxmtg_ek.X.debug.elf elf32-littlearm)
LOAD data_init
LOAD stack

.ARM.attributes
                0x0000000000000000       0x32
 .ARM.attributes
                0x0000000000000000       0x1e c:/program files/microchip/xc32/v4.45/bin/bin/../../lib/gcc/pic32c/8.3.1/thumb/v7e-m+fp/hard/crti.o
 .ARM.attributes
                0x000000000000001e       0x34 c:/program files/microchip/xc32/v4.45/bin/bin/../../lib/gcc/pic32c/8.3.1/thumb/v7e-m+fp/hard/crtbegin.o
 .ARM.attributes
                0x0000000000000052       0x34 build/pic32cxmtg/debug/_ext/1785439515/bsp.o
 .ARM.attributes
                0x0000000000000086       0x34 build/pic32cxmtg/debug/_ext/160729472/drv_plc_boot.o
 .ARM.attributes
                0x00000000000000ba       0x34 build/pic32cxmtg/debug/_ext/160729472/drv_plc_hal.o
 .ARM.attributes
                0x00000000000000ee       0x20 build/pic32cxmtg/debug/_ext/2087500840/drv_g3_macrt_bin.o
 .ARM.attributes
                0x000000000000010e       0x34 build/pic32cxmtg/debug/_ext/1804977744/drv_g3_macrt.o
 .ARM.attributes
                0x0000000000000142       0x34 build/pic32cxmtg/debug/_ext/1804977744/drv_g3_macrt_local_comm.o
 .ARM.attributes
                0x0000000000000176       0x34 build/pic32cxmtg/debug/_ext/33940185/plib_adc.o
 .ARM.attributes
                0x00000000000001aa       0x34 build/pic32cxmtg/debug/_ext/33938007/plib_clk.o
 .ARM.attributes
                0x00000000000001de       0x34 build/pic32cxmtg/debug/_ext/1052037956/plib_dwdt.o
 .ARM.attributes
                0x0000000000000212       0x34 build/pic32cxmtg/debug/_ext/1016581701/plib_flexcom5_spi_master.o
 .ARM.attributes
                0x0000000000000246       0x34 build/pic32cxmtg/debug/_ext/1260474139/plib_flexcom0_usart.o
 .ARM.attributes
                0x000000000000027a       0x34 build/pic32cxmtg/debug/_ext/1051740869/plib_nvic.o
 .ARM.attributes
                0x00000000000002ae       0x34 build/pic32cxmtg/debug/_ext/33925603/plib_pio.o
 .ARM.attributes
                0x00000000000002e2       0x34 build/pic32cxmtg/debug/_ext/1051624247/plib_rstc.o
 .ARM.attributes
                0x0000000000000316       0x34 build/pic32cxmtg/debug/_ext/1051608344/plib_sefc0.o
 .ARM.attributes
                0x000000000000034a       0x34 build/pic32cxmtg/debug/_ext/1051608344/plib_sefc1.o
 .ARM.attributes
                0x000000000000037e       0x34 build/pic32cxmtg/debug/_ext/1051592658/plib_supc.o
 .ARM.attributes
                0x00000000000003b2       0x34 build/pic32cxmtg/debug/_ext/139641592/plib_tc0.o
 .ARM.attributes
                0x00000000000003e6       0x34 build/pic32cxmtg/debug/_ext/1051565808/plib_trng.o
 .ARM.attributes
                0x000000000000041a       0x34 build/pic32cxmtg/debug/_ext/1051552217/plib_uart.o
 .ARM.attributes
                0x000000000000044e       0x34 build/pic32cxmtg/debug/_ext/1540903485/srv_pcoup.o
 .ARM.attributes
                0x0000000000000482       0x34 build/pic32cxmtg/debug/_ext/1488757394/srv_pvddmon.o
 .ARM.attributes
                0x00000000000004b6       0x34 build/pic32cxmtg/debug/_ext/1787564926/sys_int.o
 .ARM.attributes
                0x00000000000004ea       0x34 build/pic32cxmtg/debug/_ext/1275873064/sys_time.o
 .ARM.attributes
                0x000000000000051e       0x34 build/pic32cxmtg/debug/_ext/1545560501/initialization.o
 .ARM.attributes
                0x0000000000000552       0x34 build/pic32cxmtg/debug/_ext/1545560501/tasks.o
 .ARM.attributes
                0x0000000000000586       0x34 build/pic32cxmtg/debug/_ext/1545560501/startup_xc32.o
 .ARM.attributes
                0x00000000000005ba       0x34 build/pic32cxmtg/debug/_ext/1545560501/exceptions.o
 .ARM.attributes
                0x00000000000005ee       0x34 build/pic32cxmtg/debug/_ext/1545560501/interrupts.o
 .ARM.attributes
                0x0000000000000622       0x34 build/pic32cxmtg/debug/_ext/1360937237/main.o
 .ARM.attributes
                0x0000000000000656       0x34 build/pic32cxmtg/debug/_ext/1360937237/app.o
 .ARM.attributes
                0x000000000000068a       0x34 build/pic32cxmtg/debug/_ext/139641592/plib_tc1.o
 .ARM.attributes
                0x00000000000006be       0x34 c:/program files/microchip/xc32/v4.45/bin/bin/../../lib/gcc/pic32c/8.3.1/../../../../pic32c/lib/thumb/v7e-m+fp/hard\libpic32c.a(data_init.o)
 .ARM.attributes
                0x00000000000006f2       0x36 c:/program files/microchip/xc32/v4.45/bin/bin/../../lib/gcc/pic32c/8.3.1/../../../../pic32c/lib/thumb/v7e-m+fp/hard\libc-size-musl.a(memcpy.o)
 .ARM.attributes
                0x0000000000000728       0x36 c:/program files/microchip/xc32/v4.45/bin/bin/../../lib/gcc/pic32c/8.3.1/../../../../pic32c/lib/thumb/v7e-m+fp/hard\libc-size-musl.a(memset.o)
 .ARM.attributes
                0x000000000000075e       0x36 c:/program files/microchip/xc32/v4.45/bin/bin/../../lib/gcc/pic32c/8.3.1/../../../../pic32c/lib/thumb/v7e-m+fp/hard\libg-musl.a(__libc_start_main.o)
 .ARM.attributes
                0x0000000000000794       0x34 c:/program files/microchip/xc32/v4.45/bin/bin/../../lib/gcc/pic32c/8.3.1/../../../../pic32c/lib/thumb/v7e-m+fp/hard\libg-musl.a(libc.o)
 .ARM.attributes
                0x00000000000007c8       0x34 c:/program files/microchip/xc32/v4.45/bin/bin/../../lib/gcc/pic32c/8.3.1/../../../../pic32c/lib/thumb/v7e-m+fp/hard\libg-musl.a(__environ.o)
 .ARM.attributes
                0x00000000000007fc       0x1e c:/program files/microchip/xc32/v4.45/bin/bin/../../lib/gcc/pic32c/8.3.1/thumb/v7e-m+fp/hard\libgcc.a(_aeabi_uldivmod.o)
 .ARM.attributes
                0x000000000000081a       0x34 c:/program files/microchip/xc32/v4.45/bin/bin/../../lib/gcc/pic32c/8.3.1/thumb/v7e-m+fp/hard\libgcc.a(_udivmoddi4.o)
 .ARM.attributes
                0x000000000000084e       0x1e c:/program files/microchip/xc32/v4.45/bin/bin/../../lib/gcc/pic32c/8.3.1/thumb/v7e-m+fp/hard\libgcc.a(_dvmd_tls.o)
 .ARM.attributes
                0x000000000000086c       0x1e c:/program files/microchip/xc32/v4.45/bin/bin/../../lib/gcc/pic32c/8.3.1/thumb/v7e-m+fp/hard/crtn.o
 .ARM.attributes
                0x000000000000088a       0x34 c:/program files/microchip/xc32/v4.45/bin/bin/../../lib/gcc/pic32c/8.3.1/../../../../pic32c/lib/thumb/v7e-m+fp/hard\libpic32c.a(pic32_data_init_clear.o)
 .ARM.attributes
                0x00000000000008be       0x34 c:/program files/microchip/xc32/v4.45/bin/bin/../../lib/gcc/pic32c/8.3.1/../../../../pic32c/lib/thumb/v7e-m+fp/hard\libpic32c.a(pic32_data_init_copy.o)

.comment        0x0000000000000000       0x2b
 .comment       0x0000000000000000       0x2b c:/program files/microchip/xc32/v4.45/bin/bin/../../lib/gcc/pic32c/8.3.1/thumb/v7e-m+fp/hard/crtbegin.o
                                         0x2c (size before relaxing)
 .comment       0x000000000000002b       0x2c build/pic32cxmtg/debug/_ext/1785439515/bsp.o
 .comment       0x000000000000002b       0x2c build/pic32cxmtg/debug/_ext/160729472/drv_plc_boot.o
 .comment       0x000000000000002b       0x2c build/pic32cxmtg/debug/_ext/160729472/drv_plc_hal.o
 .comment       0x000000000000002b       0x2c build/pic32cxmtg/debug/_ext/1804977744/drv_g3_macrt.o
 .comment       0x000000000000002b       0x2c build/pic32cxmtg/debug/_ext/1804977744/drv_g3_macrt_local_comm.o
 .comment       0x000000000000002b       0x2c build/pic32cxmtg/debug/_ext/33940185/plib_adc.o
 .comment       0x000000000000002b       0x2c build/pic32cxmtg/debug/_ext/33938007/plib_clk.o
 .comment       0x000000000000002b       0x2c build/pic32cxmtg/debug/_ext/1052037956/plib_dwdt.o
 .comment       0x000000000000002b       0x2c build/pic32cxmtg/debug/_ext/1016581701/plib_flexcom5_spi_master.o
 .comment       0x000000000000002b       0x2c build/pic32cxmtg/debug/_ext/1260474139/plib_flexcom0_usart.o
 .comment       0x000000000000002b       0x2c build/pic32cxmtg/debug/_ext/1051740869/plib_nvic.o
 .comment       0x000000000000002b       0x2c build/pic32cxmtg/debug/_ext/33925603/plib_pio.o
 .comment       0x000000000000002b       0x2c build/pic32cxmtg/debug/_ext/1051624247/plib_rstc.o
 .comment       0x000000000000002b       0x2c build/pic32cxmtg/debug/_ext/1051608344/plib_sefc0.o
 .comment       0x000000000000002b       0x2c build/pic32cxmtg/debug/_ext/1051608344/plib_sefc1.o
 .comment       0x000000000000002b       0x2c build/pic32cxmtg/debug/_ext/1051592658/plib_supc.o
 .comment       0x000000000000002b       0x2c build/pic32cxmtg/debug/_ext/139641592/plib_tc0.o
 .comment       0x000000000000002b       0x2c build/pic32cxmtg/debug/_ext/1051565808/plib_trng.o
 .comment       0x000000000000002b       0x2c build/pic32cxmtg/debug/_ext/1051552217/plib_uart.o
 .comment       0x000000000000002b       0x2c build/pic32cxmtg/debug/_ext/1540903485/srv_pcoup.o
 .comment       0x000000000000002b       0x2c build/pic32cxmtg/debug/_ext/1488757394/srv_pvddmon.o
 .comment       0x000000000000002b       0x2c build/pic32cxmtg/debug/_ext/1787564926/sys_int.o
 .comment       0x000000000000002b       0x2c build/pic32cxmtg/debug/_ext/1275873064/sys_time.o
 .comment       0x000000000000002b       0x2c build/pic32cxmtg/debug/_ext/1545560501/initialization.o
 .comment       0x000000000000002b       0x2c build/pic32cxmtg/debug/_ext/1545560501/tasks.o
 .comment       0x000000000000002b       0x2c build/pic32cxmtg/debug/_ext/1545560501/startup_xc32.o
 .comment       0x000000000000002b       0x2c build/pic32cxmtg/debug/_ext/1545560501/exceptions.o
 .comment       0x000000000000002b       0x2c build/pic32cxmtg/debug/_ext/1545560501/interrupts.o
 .comment       0x000000000000002b       0x2c build/pic32cxmtg/debug/_ext/1360937237/main.o
 .comment       0x000000000000002b       0x2c build/pic32cxmtg/debug/_ext/1360937237/app.o
 .comment       0x000000000000002b       0x2c build/pic32cxmtg/debug/_ext/139641592/plib_tc1.o
 .comment       0x000000000000002b       0x2c c:/program files/microchip/xc32/v4.45/bin/bin/../../lib/gcc/pic32c/8.3.1/../../../../pic32c/lib/thumb/v7e-m+fp/hard\libpic32c.a(data_init.o)
 .comment       0x000000000000002b       0x2c c:/program files/microchip/xc32/v4.45/bin/bin/../../lib/gcc/pic32c/8.3.1/../../../../pic32c/lib/thumb/v7e-m+fp/hard\libc-size-musl.a(memcpy.o)
 .comment       0x000000000000002b       0x2c c:/program files/microchip/xc32/v4.45/bin/bin/../../lib/gcc/pic32c/8.3.1/../../../../pic32c/lib/thumb/v7e-m+fp/hard\libc-size-musl.a(memset.o)
 .comment       0x000000000000002b       0x2c c:/program files/microchip/xc32/v4.45/bin/bin/../../lib/gcc/pic32c/8.3.1/../../../../pic32c/lib/thumb/v7e-m+fp/hard\libg-musl.a(__libc_start_main.o)
 .comment       0x000000000000002b       0x2c c:/program files/microchip/xc32/v4.45/bin/bin/../../lib/gcc/pic32c/8.3.1/../../../../pic32c/lib/thumb/v7e-m+fp/hard\libg-musl.a(libc.o)
 .comment       0x000000000000002b       0x2c c:/program files/microchip/xc32/v4.45/bin/bin/../../lib/gcc/pic32c/8.3.1/../../../../pic32c/lib/thumb/v7e-m+fp/hard\libg-musl.a(__environ.o)
 .comment       0x000000000000002b       0x2c c:/program files/microchip/xc32/v4.45/bin/bin/../../lib/gcc/pic32c/8.3.1/thumb/v7e-m+fp/hard\libgcc.a(_udivmoddi4.o)
 .comment       0x000000000000002b       0x2c c:/program files/microchip/xc32/v4.45/bin/bin/../../lib/gcc/pic32c/8.3.1/../../../../pic32c/lib/thumb/v7e-m+fp/hard\libpic32c.a(pic32_data_init_clear.o)
 .comment       0x000000000000002b       0x2c c:/program files/microchip/xc32/v4.45/bin/bin/../../lib/gcc/pic32c/8.3.1/../../../../pic32c/lib/thumb/v7e-m+fp/hard\libpic32c.a(pic32_data_init_copy.o)

.debug_info     0x0000000000000000    0x17c54
 .debug_info    0x0000000000000000      0x468 build/pic32cxmtg/debug/_ext/1785439515/bsp.o
 .debug_info    0x0000000000000468     0x114c build/pic32cxmtg/debug/_ext/160729472/drv_plc_boot.o
 .debug_info    0x00000000000015b4     0x1900 build/pic32cxmtg/debug/_ext/160729472/drv_plc_hal.o
 .debug_info    0x0000000000002eb4     0x146e build/pic32cxmtg/debug/_ext/1804977744/drv_g3_macrt.o
 .debug_info    0x0000000000004322     0x1fe3 build/pic32cxmtg/debug/_ext/1804977744/drv_g3_macrt_local_comm.o
 .debug_info    0x0000000000006305      0x96c build/pic32cxmtg/debug/_ext/33940185/plib_adc.o
 .debug_info    0x0000000000006c71      0xcf4 build/pic32cxmtg/debug/_ext/33938007/plib_clk.o
 .debug_info    0x0000000000007965      0x2ab build/pic32cxmtg/debug/_ext/1052037956/plib_dwdt.o
 .debug_info    0x0000000000007c10      0xede build/pic32cxmtg/debug/_ext/1016581701/plib_flexcom5_spi_master.o
 .debug_info    0x0000000000008aee      0xe6a build/pic32cxmtg/debug/_ext/1260474139/plib_flexcom0_usart.o
 .debug_info    0x0000000000009958      0xc9b build/pic32cxmtg/debug/_ext/1051740869/plib_nvic.o
 .debug_info    0x000000000000a5f3      0x90b build/pic32cxmtg/debug/_ext/33925603/plib_pio.o
 .debug_info    0x000000000000aefe      0x22d build/pic32cxmtg/debug/_ext/1051624247/plib_rstc.o
 .debug_info    0x000000000000b12b      0xb19 build/pic32cxmtg/debug/_ext/1051608344/plib_sefc0.o
 .debug_info    0x000000000000bc44      0xb19 build/pic32cxmtg/debug/_ext/1051608344/plib_sefc1.o
 .debug_info    0x000000000000c75d      0xc65 build/pic32cxmtg/debug/_ext/1051592658/plib_supc.o
 .debug_info    0x000000000000d3c2      0x597 build/pic32cxmtg/debug/_ext/139641592/plib_tc0.o
 .debug_info    0x000000000000d959      0x237 build/pic32cxmtg/debug/_ext/1051565808/plib_trng.o
 .debug_info    0x000000000000db90      0xe47 build/pic32cxmtg/debug/_ext/1051552217/plib_uart.o
 .debug_info    0x000000000000e9d7      0xcd9 build/pic32cxmtg/debug/_ext/1540903485/srv_pcoup.o
 .debug_info    0x000000000000f6b0      0x80d build/pic32cxmtg/debug/_ext/1488757394/srv_pvddmon.o
 .debug_info    0x000000000000febd      0x72f build/pic32cxmtg/debug/_ext/1787564926/sys_int.o
 .debug_info    0x00000000000105ec     0x1f8d build/pic32cxmtg/debug/_ext/1275873064/sys_time.o
 .debug_info    0x0000000000012579     0x1449 build/pic32cxmtg/debug/_ext/1545560501/initialization.o
 .debug_info    0x00000000000139c2      0x131 build/pic32cxmtg/debug/_ext/1545560501/tasks.o
 .debug_info    0x0000000000013af3      0x585 build/pic32cxmtg/debug/_ext/1545560501/startup_xc32.o
 .debug_info    0x0000000000014078      0x116 build/pic32cxmtg/debug/_ext/1545560501/exceptions.o
 .debug_info    0x000000000001418e      0x8bc build/pic32cxmtg/debug/_ext/1545560501/interrupts.o
 .debug_info    0x0000000000014a4a      0x3a7 build/pic32cxmtg/debug/_ext/1360937237/main.o
 .debug_info    0x0000000000014df1     0x1af6 build/pic32cxmtg/debug/_ext/1360937237/app.o
 .debug_info    0x00000000000168e7      0x56e build/pic32cxmtg/debug/_ext/139641592/plib_tc1.o
 .debug_info    0x0000000000016e55       0x54 c:/program files/microchip/xc32/v4.45/bin/bin/../../lib/gcc/pic32c/8.3.1/../../../../pic32c/lib/thumb/v7e-m+fp/hard\libpic32c.a(data_init.o)
 .debug_info    0x0000000000016ea9       0xf3 c:/program files/microchip/xc32/v4.45/bin/bin/../../lib/gcc/pic32c/8.3.1/../../../../pic32c/lib/thumb/v7e-m+fp/hard\libc-size-musl.a(memcpy.o)
 .debug_info    0x0000000000016f9c       0xbb c:/program files/microchip/xc32/v4.45/bin/bin/../../lib/gcc/pic32c/8.3.1/../../../../pic32c/lib/thumb/v7e-m+fp/hard\libc-size-musl.a(memset.o)
 .debug_info    0x0000000000017057      0x2fb c:/program files/microchip/xc32/v4.45/bin/bin/../../lib/gcc/pic32c/8.3.1/../../../../pic32c/lib/thumb/v7e-m+fp/hard\libg-musl.a(__libc_start_main.o)
 .debug_info    0x0000000000017352      0x276 c:/program files/microchip/xc32/v4.45/bin/bin/../../lib/gcc/pic32c/8.3.1/../../../../pic32c/lib/thumb/v7e-m+fp/hard\libg-musl.a(libc.o)
 .debug_info    0x00000000000175c8       0x97 c:/program files/microchip/xc32/v4.45/bin/bin/../../lib/gcc/pic32c/8.3.1/../../../../pic32c/lib/thumb/v7e-m+fp/hard\libg-musl.a(__environ.o)
 .debug_info    0x000000000001765f       0x26 c:/program files/microchip/xc32/v4.45/bin/bin/../../lib/gcc/pic32c/8.3.1/thumb/v7e-m+fp/hard\libgcc.a(_aeabi_uldivmod.o)
 .debug_info    0x0000000000017685      0x52a c:/program files/microchip/xc32/v4.45/bin/bin/../../lib/gcc/pic32c/8.3.1/thumb/v7e-m+fp/hard\libgcc.a(_udivmoddi4.o)
 .debug_info    0x0000000000017baf       0x26 c:/program files/microchip/xc32/v4.45/bin/bin/../../lib/gcc/pic32c/8.3.1/thumb/v7e-m+fp/hard\libgcc.a(_dvmd_tls.o)
 .debug_info    0x0000000000017bd5       0x3f c:/program files/microchip/xc32/v4.45/bin/bin/../../lib/gcc/pic32c/8.3.1/../../../../pic32c/lib/thumb/v7e-m+fp/hard\libpic32c.a(pic32_data_init_clear.o)
 .debug_info    0x0000000000017c14       0x40 c:/program files/microchip/xc32/v4.45/bin/bin/../../lib/gcc/pic32c/8.3.1/../../../../pic32c/lib/thumb/v7e-m+fp/hard\libpic32c.a(pic32_data_init_copy.o)

.debug_abbrev   0x0000000000000000     0x4e13
 .debug_abbrev  0x0000000000000000       0xbc build/pic32cxmtg/debug/_ext/1785439515/bsp.o
 .debug_abbrev  0x00000000000000bc      0x3b7 build/pic32cxmtg/debug/_ext/160729472/drv_plc_boot.o
 .debug_abbrev  0x0000000000000473      0x39e build/pic32cxmtg/debug/_ext/160729472/drv_plc_hal.o
 .debug_abbrev  0x0000000000000811      0x36b build/pic32cxmtg/debug/_ext/1804977744/drv_g3_macrt.o
 .debug_abbrev  0x0000000000000b7c      0x3a8 build/pic32cxmtg/debug/_ext/1804977744/drv_g3_macrt_local_comm.o
 .debug_abbrev  0x0000000000000f24      0x1da build/pic32cxmtg/debug/_ext/33940185/plib_adc.o
 .debug_abbrev  0x00000000000010fe      0x33e build/pic32cxmtg/debug/_ext/33938007/plib_clk.o
 .debug_abbrev  0x000000000000143c       0xcd build/pic32cxmtg/debug/_ext/1052037956/plib_dwdt.o
 .debug_abbrev  0x0000000000001509      0x22d build/pic32cxmtg/debug/_ext/1016581701/plib_flexcom5_spi_master.o
 .debug_abbrev  0x0000000000001736      0x2ab build/pic32cxmtg/debug/_ext/1260474139/plib_flexcom0_usart.o
 .debug_abbrev  0x00000000000019e1      0x274 build/pic32cxmtg/debug/_ext/1051740869/plib_nvic.o
 .debug_abbrev  0x0000000000001c55      0x259 build/pic32cxmtg/debug/_ext/33925603/plib_pio.o
 .debug_abbrev  0x0000000000001eae      0x16c build/pic32cxmtg/debug/_ext/1051624247/plib_rstc.o
 .debug_abbrev  0x000000000000201a      0x2de build/pic32cxmtg/debug/_ext/1051608344/plib_sefc0.o
 .debug_abbrev  0x00000000000022f8      0x2de build/pic32cxmtg/debug/_ext/1051608344/plib_sefc1.o
 .debug_abbrev  0x00000000000025d6      0x242 build/pic32cxmtg/debug/_ext/1051592658/plib_supc.o
 .debug_abbrev  0x0000000000002818      0x176 build/pic32cxmtg/debug/_ext/139641592/plib_tc0.o
 .debug_abbrev  0x000000000000298e       0xc0 build/pic32cxmtg/debug/_ext/1051565808/plib_trng.o
 .debug_abbrev  0x0000000000002a4e      0x415 build/pic32cxmtg/debug/_ext/1051552217/plib_uart.o
 .debug_abbrev  0x0000000000002e63      0x23c build/pic32cxmtg/debug/_ext/1540903485/srv_pcoup.o
 .debug_abbrev  0x000000000000309f      0x1bd build/pic32cxmtg/debug/_ext/1488757394/srv_pvddmon.o
 .debug_abbrev  0x000000000000325c      0x25c build/pic32cxmtg/debug/_ext/1787564926/sys_int.o
 .debug_abbrev  0x00000000000034b8      0x520 build/pic32cxmtg/debug/_ext/1275873064/sys_time.o
 .debug_abbrev  0x00000000000039d8      0x31a build/pic32cxmtg/debug/_ext/1545560501/initialization.o
 .debug_abbrev  0x0000000000003cf2       0xbd build/pic32cxmtg/debug/_ext/1545560501/tasks.o
 .debug_abbrev  0x0000000000003daf      0x1e3 build/pic32cxmtg/debug/_ext/1545560501/startup_xc32.o
 .debug_abbrev  0x0000000000003f92       0x49 build/pic32cxmtg/debug/_ext/1545560501/exceptions.o
 .debug_abbrev  0x0000000000003fdb       0xee build/pic32cxmtg/debug/_ext/1545560501/interrupts.o
 .debug_abbrev  0x00000000000040c9      0x134 build/pic32cxmtg/debug/_ext/1360937237/main.o
 .debug_abbrev  0x00000000000041fd      0x4f0 build/pic32cxmtg/debug/_ext/1360937237/app.o
 .debug_abbrev  0x00000000000046ed      0x176 build/pic32cxmtg/debug/_ext/139641592/plib_tc1.o
 .debug_abbrev  0x0000000000004863       0x44 c:/program files/microchip/xc32/v4.45/bin/bin/../../lib/gcc/pic32c/8.3.1/../../../../pic32c/lib/thumb/v7e-m+fp/hard\libpic32c.a(data_init.o)
 .debug_abbrev  0x00000000000048a7       0xbb c:/program files/microchip/xc32/v4.45/bin/bin/../../lib/gcc/pic32c/8.3.1/../../../../pic32c/lib/thumb/v7e-m+fp/hard\libc-size-musl.a(memcpy.o)
 .debug_abbrev  0x0000000000004962       0xa2 c:/program files/microchip/xc32/v4.45/bin/bin/../../lib/gcc/pic32c/8.3.1/../../../../pic32c/lib/thumb/v7e-m+fp/hard\libc-size-musl.a(memset.o)
 .debug_abbrev  0x0000000000004a04      0x133 c:/program files/microchip/xc32/v4.45/bin/bin/../../lib/gcc/pic32c/8.3.1/../../../../pic32c/lib/thumb/v7e-m+fp/hard\libg-musl.a(__libc_start_main.o)
 .debug_abbrev  0x0000000000004b37       0xd4 c:/program files/microchip/xc32/v4.45/bin/bin/../../lib/gcc/pic32c/8.3.1/../../../../pic32c/lib/thumb/v7e-m+fp/hard\libg-musl.a(libc.o)
 .debug_abbrev  0x0000000000004c0b       0x62 c:/program files/microchip/xc32/v4.45/bin/bin/../../lib/gcc/pic32c/8.3.1/../../../../pic32c/lib/thumb/v7e-m+fp/hard\libg-musl.a(__environ.o)
 .debug_abbrev  0x0000000000004c6d       0x14 c:/program files/microchip/xc32/v4.45/bin/bin/../../lib/gcc/pic32c/8.3.1/thumb/v7e-m+fp/hard\libgcc.a(_aeabi_uldivmod.o)
 .debug_abbrev  0x0000000000004c81      0x122 c:/program files/microchip/xc32/v4.45/bin/bin/../../lib/gcc/pic32c/8.3.1/thumb/v7e-m+fp/hard\libgcc.a(_udivmoddi4.o)
 .debug_abbrev  0x0000000000004da3       0x14 c:/program files/microchip/xc32/v4.45/bin/bin/../../lib/gcc/pic32c/8.3.1/thumb/v7e-m+fp/hard\libgcc.a(_dvmd_tls.o)
 .debug_abbrev  0x0000000000004db7       0x2e c:/program files/microchip/xc32/v4.45/bin/bin/../../lib/gcc/pic32c/8.3.1/../../../../pic32c/lib/thumb/v7e-m+fp/hard\libpic32c.a(pic32_data_init_clear.o)
 .debug_abbrev  0x0000000000004de5       0x2e c:/program files/microchip/xc32/v4.45/bin/bin/../../lib/gcc/pic32c/8.3.1/../../../../pic32c/lib/thumb/v7e-m+fp/hard\libpic32c.a(pic32_data_init_copy.o)

.debug_aranges  0x0000000000000000      0xdf0
 .debug_aranges
                0x0000000000000000       0x20 build/pic32cxmtg/debug/_ext/1785439515/bsp.o
 .debug_aranges
                0x0000000000000020       0x60 build/pic32cxmtg/debug/_ext/160729472/drv_plc_boot.o
 .debug_aranges
                0x0000000000000080       0x70 build/pic32cxmtg/debug/_ext/160729472/drv_plc_hal.o
 .debug_aranges
                0x00000000000000f0       0x98 build/pic32cxmtg/debug/_ext/1804977744/drv_g3_macrt.o
 .debug_aranges
                0x0000000000000188       0x78 build/pic32cxmtg/debug/_ext/1804977744/drv_g3_macrt_local_comm.o
 .debug_aranges
                0x0000000000000200       0xc0 build/pic32cxmtg/debug/_ext/33940185/plib_adc.o
 .debug_aranges
                0x00000000000002c0       0x80 build/pic32cxmtg/debug/_ext/33938007/plib_clk.o
 .debug_aranges
                0x0000000000000340       0x20 build/pic32cxmtg/debug/_ext/1052037956/plib_dwdt.o
 .debug_aranges
                0x0000000000000360       0x68 build/pic32cxmtg/debug/_ext/1016581701/plib_flexcom5_spi_master.o
 .debug_aranges
                0x00000000000003c8       0x70 build/pic32cxmtg/debug/_ext/1260474139/plib_flexcom0_usart.o
 .debug_aranges
                0x0000000000000438       0x48 build/pic32cxmtg/debug/_ext/1051740869/plib_nvic.o
 .debug_aranges
                0x0000000000000480       0x80 build/pic32cxmtg/debug/_ext/33925603/plib_pio.o
 .debug_aranges
                0x0000000000000500       0x40 build/pic32cxmtg/debug/_ext/1051624247/plib_rstc.o
 .debug_aranges
                0x0000000000000540       0xe8 build/pic32cxmtg/debug/_ext/1051608344/plib_sefc0.o
 .debug_aranges
                0x0000000000000628       0xe8 build/pic32cxmtg/debug/_ext/1051608344/plib_sefc1.o
 .debug_aranges
                0x0000000000000710       0x48 build/pic32cxmtg/debug/_ext/1051592658/plib_supc.o
 .debug_aranges
                0x0000000000000758       0x68 build/pic32cxmtg/debug/_ext/139641592/plib_tc0.o
 .debug_aranges
                0x00000000000007c0       0x38 build/pic32cxmtg/debug/_ext/1051565808/plib_trng.o
 .debug_aranges
                0x00000000000007f8       0xc8 build/pic32cxmtg/debug/_ext/1051552217/plib_uart.o
 .debug_aranges
                0x00000000000008c0       0x38 build/pic32cxmtg/debug/_ext/1540903485/srv_pcoup.o
 .debug_aranges
                0x00000000000008f8       0x48 build/pic32cxmtg/debug/_ext/1488757394/srv_pvddmon.o
 .debug_aranges
                0x0000000000000940       0x40 build/pic32cxmtg/debug/_ext/1787564926/sys_int.o
 .debug_aranges
                0x0000000000000980      0x120 build/pic32cxmtg/debug/_ext/1275873064/sys_time.o
 .debug_aranges
                0x0000000000000aa0       0x28 build/pic32cxmtg/debug/_ext/1545560501/initialization.o
 .debug_aranges
                0x0000000000000ac8       0x20 build/pic32cxmtg/debug/_ext/1545560501/tasks.o
 .debug_aranges
                0x0000000000000ae8       0x28 build/pic32cxmtg/debug/_ext/1545560501/startup_xc32.o
 .debug_aranges
                0x0000000000000b10       0x48 build/pic32cxmtg/debug/_ext/1545560501/exceptions.o
 .debug_aranges
                0x0000000000000b58       0x20 build/pic32cxmtg/debug/_ext/1545560501/interrupts.o
 .debug_aranges
                0x0000000000000b78       0x20 build/pic32cxmtg/debug/_ext/1360937237/main.o
 .debug_aranges
                0x0000000000000b98       0x98 build/pic32cxmtg/debug/_ext/1360937237/app.o
 .debug_aranges
                0x0000000000000c30       0x60 build/pic32cxmtg/debug/_ext/139641592/plib_tc1.o
 .debug_aranges
                0x0000000000000c90       0x28 c:/program files/microchip/xc32/v4.45/bin/bin/../../lib/gcc/pic32c/8.3.1/../../../../pic32c/lib/thumb/v7e-m+fp/hard\libpic32c.a(data_init.o)
 .debug_aranges
                0x0000000000000cb8       0x20 c:/program files/microchip/xc32/v4.45/bin/bin/../../lib/gcc/pic32c/8.3.1/../../../../pic32c/lib/thumb/v7e-m+fp/hard\libc-size-musl.a(memcpy.o)
 .debug_aranges
                0x0000000000000cd8       0x20 c:/program files/microchip/xc32/v4.45/bin/bin/../../lib/gcc/pic32c/8.3.1/../../../../pic32c/lib/thumb/v7e-m+fp/hard\libc-size-musl.a(memset.o)
 .debug_aranges
                0x0000000000000cf8       0x28 c:/program files/microchip/xc32/v4.45/bin/bin/../../lib/gcc/pic32c/8.3.1/../../../../pic32c/lib/thumb/v7e-m+fp/hard\libg-musl.a(__libc_start_main.o)
 .debug_aranges
                0x0000000000000d20       0x18 c:/program files/microchip/xc32/v4.45/bin/bin/../../lib/gcc/pic32c/8.3.1/../../../../pic32c/lib/thumb/v7e-m+fp/hard\libg-musl.a(libc.o)
 .debug_aranges
                0x0000000000000d38       0x18 c:/program files/microchip/xc32/v4.45/bin/bin/../../lib/gcc/pic32c/8.3.1/../../../../pic32c/lib/thumb/v7e-m+fp/hard\libg-musl.a(__environ.o)
 .debug_aranges
                0x0000000000000d50       0x20 c:/program files/microchip/xc32/v4.45/bin/bin/../../lib/gcc/pic32c/8.3.1/thumb/v7e-m+fp/hard\libgcc.a(_aeabi_uldivmod.o)
 .debug_aranges
                0x0000000000000d70       0x20 c:/program files/microchip/xc32/v4.45/bin/bin/../../lib/gcc/pic32c/8.3.1/thumb/v7e-m+fp/hard\libgcc.a(_udivmoddi4.o)
 .debug_aranges
                0x0000000000000d90       0x20 c:/program files/microchip/xc32/v4.45/bin/bin/../../lib/gcc/pic32c/8.3.1/thumb/v7e-m+fp/hard\libgcc.a(_dvmd_tls.o)
 .debug_aranges
                0x0000000000000db0       0x20 c:/program files/microchip/xc32/v4.45/bin/bin/../../lib/gcc/pic32c/8.3.1/../../../../pic32c/lib/thumb/v7e-m+fp/hard\libpic32c.a(pic32_data_init_clear.o)
 .debug_aranges
                0x0000000000000dd0       0x20 c:/program files/microchip/xc32/v4.45/bin/bin/../../lib/gcc/pic32c/8.3.1/../../../../pic32c/lib/thumb/v7e-m+fp/hard\libpic32c.a(pic32_data_init_copy.o)

.debug_ranges   0x0000000000000000     0x1090
 .debug_ranges  0x0000000000000000       0x10 build/pic32cxmtg/debug/_ext/1785439515/bsp.o
 .debug_ranges  0x0000000000000010       0xa8 build/pic32cxmtg/debug/_ext/160729472/drv_plc_boot.o
 .debug_ranges  0x00000000000000b8      0x168 build/pic32cxmtg/debug/_ext/160729472/drv_plc_hal.o
 .debug_ranges  0x0000000000000220       0xa0 build/pic32cxmtg/debug/_ext/1804977744/drv_g3_macrt.o
 .debug_ranges  0x00000000000002c0      0x120 build/pic32cxmtg/debug/_ext/1804977744/drv_g3_macrt_local_comm.o
 .debug_ranges  0x00000000000003e0       0xb0 build/pic32cxmtg/debug/_ext/33940185/plib_adc.o
 .debug_ranges  0x0000000000000490       0xa8 build/pic32cxmtg/debug/_ext/33938007/plib_clk.o
 .debug_ranges  0x0000000000000538       0x10 build/pic32cxmtg/debug/_ext/1052037956/plib_dwdt.o
 .debug_ranges  0x0000000000000548       0x58 build/pic32cxmtg/debug/_ext/1016581701/plib_flexcom5_spi_master.o
 .debug_ranges  0x00000000000005a0       0x78 build/pic32cxmtg/debug/_ext/1260474139/plib_flexcom0_usart.o
 .debug_ranges  0x0000000000000618       0x38 build/pic32cxmtg/debug/_ext/1051740869/plib_nvic.o
 .debug_ranges  0x0000000000000650       0x70 build/pic32cxmtg/debug/_ext/33925603/plib_pio.o
 .debug_ranges  0x00000000000006c0       0x60 build/pic32cxmtg/debug/_ext/1051624247/plib_rstc.o
 .debug_ranges  0x0000000000000720      0x108 build/pic32cxmtg/debug/_ext/1051608344/plib_sefc0.o
 .debug_ranges  0x0000000000000828      0x108 build/pic32cxmtg/debug/_ext/1051608344/plib_sefc1.o
 .debug_ranges  0x0000000000000930       0x38 build/pic32cxmtg/debug/_ext/1051592658/plib_supc.o
 .debug_ranges  0x0000000000000968       0x58 build/pic32cxmtg/debug/_ext/139641592/plib_tc0.o
 .debug_ranges  0x00000000000009c0       0x28 build/pic32cxmtg/debug/_ext/1051565808/plib_trng.o
 .debug_ranges  0x00000000000009e8      0x1c0 build/pic32cxmtg/debug/_ext/1051552217/plib_uart.o
 .debug_ranges  0x0000000000000ba8       0x40 build/pic32cxmtg/debug/_ext/1540903485/srv_pcoup.o
 .debug_ranges  0x0000000000000be8       0x38 build/pic32cxmtg/debug/_ext/1488757394/srv_pvddmon.o
 .debug_ranges  0x0000000000000c20       0x30 build/pic32cxmtg/debug/_ext/1787564926/sys_int.o
 .debug_ranges  0x0000000000000c50      0x158 build/pic32cxmtg/debug/_ext/1275873064/sys_time.o
 .debug_ranges  0x0000000000000da8       0x48 build/pic32cxmtg/debug/_ext/1545560501/initialization.o
 .debug_ranges  0x0000000000000df0       0x10 build/pic32cxmtg/debug/_ext/1545560501/tasks.o
 .debug_ranges  0x0000000000000e00       0x18 build/pic32cxmtg/debug/_ext/1545560501/startup_xc32.o
 .debug_ranges  0x0000000000000e18       0x38 build/pic32cxmtg/debug/_ext/1545560501/exceptions.o
 .debug_ranges  0x0000000000000e50       0x10 build/pic32cxmtg/debug/_ext/1545560501/interrupts.o
 .debug_ranges  0x0000000000000e60       0x10 build/pic32cxmtg/debug/_ext/1360937237/main.o
 .debug_ranges  0x0000000000000e70       0x88 build/pic32cxmtg/debug/_ext/1360937237/app.o
 .debug_ranges  0x0000000000000ef8       0x50 build/pic32cxmtg/debug/_ext/139641592/plib_tc1.o
 .debug_ranges  0x0000000000000f48       0x18 c:/program files/microchip/xc32/v4.45/bin/bin/../../lib/gcc/pic32c/8.3.1/../../../../pic32c/lib/thumb/v7e-m+fp/hard\libpic32c.a(data_init.o)
 .debug_ranges  0x0000000000000f60       0x10 c:/program files/microchip/xc32/v4.45/bin/bin/../../lib/gcc/pic32c/8.3.1/../../../../pic32c/lib/thumb/v7e-m+fp/hard\libc-size-musl.a(memcpy.o)
 .debug_ranges  0x0000000000000f70       0x10 c:/program files/microchip/xc32/v4.45/bin/bin/../../lib/gcc/pic32c/8.3.1/../../../../pic32c/lib/thumb/v7e-m+fp/hard\libc-size-musl.a(memset.o)
 .debug_ranges  0x0000000000000f80       0x40 c:/program files/microchip/xc32/v4.45/bin/bin/../../lib/gcc/pic32c/8.3.1/../../../../pic32c/lib/thumb/v7e-m+fp/hard\libg-musl.a(__libc_start_main.o)
 .debug_ranges  0x0000000000000fc0       0xb0 c:/program files/microchip/xc32/v4.45/bin/bin/../../lib/gcc/pic32c/8.3.1/thumb/v7e-m+fp/hard\libgcc.a(_udivmoddi4.o)
 .debug_ranges  0x0000000000001070       0x10 c:/program files/microchip/xc32/v4.45/bin/bin/../../lib/gcc/pic32c/8.3.1/../../../../pic32c/lib/thumb/v7e-m+fp/hard\libpic32c.a(pic32_data_init_clear.o)
 .debug_ranges  0x0000000000001080       0x10 c:/program files/microchip/xc32/v4.45/bin/bin/../../lib/gcc/pic32c/8.3.1/../../../../pic32c/lib/thumb/v7e-m+fp/hard\libpic32c.a(pic32_data_init_copy.o)

.debug_line     0x0000000000000000     0xa811
 .debug_line    0x0000000000000000       0xe0 build/pic32cxmtg/debug/_ext/1785439515/bsp.o
 .debug_line    0x00000000000000e0      0x6bb build/pic32cxmtg/debug/_ext/160729472/drv_plc_boot.o
 .debug_line    0x000000000000079b      0x950 build/pic32cxmtg/debug/_ext/160729472/drv_plc_hal.o
 .debug_line    0x00000000000010eb      0x6e9 build/pic32cxmtg/debug/_ext/1804977744/drv_g3_macrt.o
 .debug_line    0x00000000000017d4      0xc44 build/pic32cxmtg/debug/_ext/1804977744/drv_g3_macrt_local_comm.o
 .debug_line    0x0000000000002418      0x3c3 build/pic32cxmtg/debug/_ext/33940185/plib_adc.o
 .debug_line    0x00000000000027db      0x706 build/pic32cxmtg/debug/_ext/33938007/plib_clk.o
 .debug_line    0x0000000000002ee1      0x10f build/pic32cxmtg/debug/_ext/1052037956/plib_dwdt.o
 .debug_line    0x0000000000002ff0      0x4df build/pic32cxmtg/debug/_ext/1016581701/plib_flexcom5_spi_master.o
 .debug_line    0x00000000000034cf      0x51a build/pic32cxmtg/debug/_ext/1260474139/plib_flexcom0_usart.o
 .debug_line    0x00000000000039e9      0x4f9 build/pic32cxmtg/debug/_ext/1051740869/plib_nvic.o
 .debug_line    0x0000000000003ee2      0x4bd build/pic32cxmtg/debug/_ext/33925603/plib_pio.o
 .debug_line    0x000000000000439f      0x220 build/pic32cxmtg/debug/_ext/1051624247/plib_rstc.o
 .debug_line    0x00000000000045bf      0x765 build/pic32cxmtg/debug/_ext/1051608344/plib_sefc0.o
 .debug_line    0x0000000000004d24      0x765 build/pic32cxmtg/debug/_ext/1051608344/plib_sefc1.o
 .debug_line    0x0000000000005489      0x4dd build/pic32cxmtg/debug/_ext/1051592658/plib_supc.o
 .debug_line    0x0000000000005966      0x23f build/pic32cxmtg/debug/_ext/139641592/plib_tc0.o
 .debug_line    0x0000000000005ba5      0x159 build/pic32cxmtg/debug/_ext/1051565808/plib_trng.o
 .debug_line    0x0000000000005cfe      0x8c9 build/pic32cxmtg/debug/_ext/1051552217/plib_uart.o
 .debug_line    0x00000000000065c7      0x51a build/pic32cxmtg/debug/_ext/1540903485/srv_pcoup.o
 .debug_line    0x0000000000006ae1      0x2fa build/pic32cxmtg/debug/_ext/1488757394/srv_pvddmon.o
 .debug_line    0x0000000000006ddb      0x2d4 build/pic32cxmtg/debug/_ext/1787564926/sys_int.o
 .debug_line    0x00000000000070af     0x1205 build/pic32cxmtg/debug/_ext/1275873064/sys_time.o
 .debug_line    0x00000000000082b4      0x73a build/pic32cxmtg/debug/_ext/1545560501/initialization.o
 .debug_line    0x00000000000089ee      0x13c build/pic32cxmtg/debug/_ext/1545560501/tasks.o
 .debug_line    0x0000000000008b2a      0x26b build/pic32cxmtg/debug/_ext/1545560501/startup_xc32.o
 .debug_line    0x0000000000008d95       0xd0 build/pic32cxmtg/debug/_ext/1545560501/exceptions.o
 .debug_line    0x0000000000008e65      0x14c build/pic32cxmtg/debug/_ext/1545560501/interrupts.o
 .debug_line    0x0000000000008fb1      0x1b5 build/pic32cxmtg/debug/_ext/1360937237/main.o
 .debug_line    0x0000000000009166      0x935 build/pic32cxmtg/debug/_ext/1360937237/app.o
 .debug_line    0x0000000000009a9b      0x223 build/pic32cxmtg/debug/_ext/139641592/plib_tc1.o
 .debug_line    0x0000000000009cbe       0x92 c:/program files/microchip/xc32/v4.45/bin/bin/../../lib/gcc/pic32c/8.3.1/../../../../pic32c/lib/thumb/v7e-m+fp/hard\libpic32c.a(data_init.o)
 .debug_line    0x0000000000009d50       0xf9 c:/program files/microchip/xc32/v4.45/bin/bin/../../lib/gcc/pic32c/8.3.1/../../../../pic32c/lib/thumb/v7e-m+fp/hard\libc-size-musl.a(memcpy.o)
 .debug_line    0x0000000000009e49       0xe3 c:/program files/microchip/xc32/v4.45/bin/bin/../../lib/gcc/pic32c/8.3.1/../../../../pic32c/lib/thumb/v7e-m+fp/hard\libc-size-musl.a(memset.o)
 .debug_line    0x0000000000009f2c      0x1c7 c:/program files/microchip/xc32/v4.45/bin/bin/../../lib/gcc/pic32c/8.3.1/../../../../pic32c/lib/thumb/v7e-m+fp/hard\libg-musl.a(__libc_start_main.o)
 .debug_line    0x000000000000a0f3       0xb5 c:/program files/microchip/xc32/v4.45/bin/bin/../../lib/gcc/pic32c/8.3.1/../../../../pic32c/lib/thumb/v7e-m+fp/hard\libg-musl.a(libc.o)
 .debug_line    0x000000000000a1a8       0xfb c:/program files/microchip/xc32/v4.45/bin/bin/../../lib/gcc/pic32c/8.3.1/../../../../pic32c/lib/thumb/v7e-m+fp/hard\libg-musl.a(__environ.o)
 .debug_line    0x000000000000a2a3       0x91 c:/program files/microchip/xc32/v4.45/bin/bin/../../lib/gcc/pic32c/8.3.1/thumb/v7e-m+fp/hard\libgcc.a(_aeabi_uldivmod.o)
 .debug_line    0x000000000000a334      0x360 c:/program files/microchip/xc32/v4.45/bin/bin/../../lib/gcc/pic32c/8.3.1/thumb/v7e-m+fp/hard\libgcc.a(_udivmoddi4.o)
 .debug_line    0x000000000000a694       0x91 c:/program files/microchip/xc32/v4.45/bin/bin/../../lib/gcc/pic32c/8.3.1/thumb/v7e-m+fp/hard\libgcc.a(_dvmd_tls.o)
 .debug_line    0x000000000000a725       0x72 c:/program files/microchip/xc32/v4.45/bin/bin/../../lib/gcc/pic32c/8.3.1/../../../../pic32c/lib/thumb/v7e-m+fp/hard\libpic32c.a(pic32_data_init_clear.o)
 .debug_line    0x000000000000a797       0x7a c:/program files/microchip/xc32/v4.45/bin/bin/../../lib/gcc/pic32c/8.3.1/../../../../pic32c/lib/thumb/v7e-m+fp/hard\libpic32c.a(pic32_data_init_copy.o)

.debug_str      0x0000000000000000    0x18f2e
 .debug_str     0x0000000000000000      0x492 build/pic32cxmtg/debug/_ext/1785439515/bsp.o
 .debug_str     0x0000000000000492     0x14fe build/pic32cxmtg/debug/_ext/160729472/drv_plc_boot.o
 .debug_str     0x0000000000001990     0x18dd build/pic32cxmtg/debug/_ext/160729472/drv_plc_hal.o
 .debug_str     0x000000000000326d     0x1a41 build/pic32cxmtg/debug/_ext/1804977744/drv_g3_macrt.o
 .debug_str     0x0000000000004cae     0x2323 build/pic32cxmtg/debug/_ext/1804977744/drv_g3_macrt_local_comm.o
 .debug_str     0x0000000000006fd1      0x9ad build/pic32cxmtg/debug/_ext/33940185/plib_adc.o
 .debug_str     0x000000000000797e      0x8c1 build/pic32cxmtg/debug/_ext/33938007/plib_clk.o
 .debug_str     0x000000000000823f      0x456 build/pic32cxmtg/debug/_ext/1052037956/plib_dwdt.o
 .debug_str     0x0000000000008695      0xc64 build/pic32cxmtg/debug/_ext/1016581701/plib_flexcom5_spi_master.o
 .debug_str     0x00000000000092f9      0xbe4 build/pic32cxmtg/debug/_ext/1260474139/plib_flexcom0_usart.o
 .debug_str     0x0000000000009edd      0xa56 build/pic32cxmtg/debug/_ext/1051740869/plib_nvic.o
 .debug_str     0x000000000000a933      0x638 build/pic32cxmtg/debug/_ext/33925603/plib_pio.o
 .debug_str     0x000000000000af6b      0x3e6 build/pic32cxmtg/debug/_ext/1051624247/plib_rstc.o
 .debug_str     0x000000000000b351      0x723 build/pic32cxmtg/debug/_ext/1051608344/plib_sefc0.o
 .debug_str     0x000000000000ba74      0x723 build/pic32cxmtg/debug/_ext/1051608344/plib_sefc1.o
 .debug_str     0x000000000000c197      0x926 build/pic32cxmtg/debug/_ext/1051592658/plib_supc.o
 .debug_str     0x000000000000cabd      0x597 build/pic32cxmtg/debug/_ext/139641592/plib_tc0.o
 .debug_str     0x000000000000d054      0x3ae build/pic32cxmtg/debug/_ext/1051565808/plib_trng.o
 .debug_str     0x000000000000d402      0x95e build/pic32cxmtg/debug/_ext/1051552217/plib_uart.o
 .debug_str     0x000000000000dd60     0x174d build/pic32cxmtg/debug/_ext/1540903485/srv_pcoup.o
 .debug_str     0x000000000000f4ad      0x774 build/pic32cxmtg/debug/_ext/1488757394/srv_pvddmon.o
 .debug_str     0x000000000000fc21      0x991 build/pic32cxmtg/debug/_ext/1787564926/sys_int.o
 .debug_str     0x00000000000105b2     0x1284 build/pic32cxmtg/debug/_ext/1275873064/sys_time.o
 .debug_str     0x0000000000011836     0x1ab4 build/pic32cxmtg/debug/_ext/1545560501/initialization.o
 .debug_str     0x00000000000132ea      0x334 build/pic32cxmtg/debug/_ext/1545560501/tasks.o
 .debug_str     0x000000000001361e      0x48d build/pic32cxmtg/debug/_ext/1545560501/startup_xc32.o
 .debug_str     0x0000000000013aab      0x34b build/pic32cxmtg/debug/_ext/1545560501/exceptions.o
 .debug_str     0x0000000000013df6      0xda9 build/pic32cxmtg/debug/_ext/1545560501/interrupts.o
 .debug_str     0x0000000000014b9f      0x7e1 build/pic32cxmtg/debug/_ext/1360937237/main.o
 .debug_str     0x0000000000015380     0x1e6d build/pic32cxmtg/debug/_ext/1360937237/app.o
 .debug_str     0x00000000000171ed      0x577 build/pic32cxmtg/debug/_ext/139641592/plib_tc1.o
 .debug_str     0x0000000000017764      0x1f5 c:/program files/microchip/xc32/v4.45/bin/bin/../../lib/gcc/pic32c/8.3.1/../../../../pic32c/lib/thumb/v7e-m+fp/hard\libpic32c.a(data_init.o)
 .debug_str     0x0000000000017959      0x22f c:/program files/microchip/xc32/v4.45/bin/bin/../../lib/gcc/pic32c/8.3.1/../../../../pic32c/lib/thumb/v7e-m+fp/hard\libc-size-musl.a(memcpy.o)
 .debug_str     0x0000000000017b88      0x21b c:/program files/microchip/xc32/v4.45/bin/bin/../../lib/gcc/pic32c/8.3.1/../../../../pic32c/lib/thumb/v7e-m+fp/hard\libc-size-musl.a(memset.o)
 .debug_str     0x0000000000017da3      0x3d4 c:/program files/microchip/xc32/v4.45/bin/bin/../../lib/gcc/pic32c/8.3.1/../../../../pic32c/lib/thumb/v7e-m+fp/hard\libg-musl.a(__libc_start_main.o)
 .debug_str     0x0000000000018177      0x33f c:/program files/microchip/xc32/v4.45/bin/bin/../../lib/gcc/pic32c/8.3.1/../../../../pic32c/lib/thumb/v7e-m+fp/hard\libg-musl.a(libc.o)
 .debug_str     0x00000000000184b6      0x23f c:/program files/microchip/xc32/v4.45/bin/bin/../../lib/gcc/pic32c/8.3.1/../../../../pic32c/lib/thumb/v7e-m+fp/hard\libg-musl.a(__environ.o)
 .debug_str     0x00000000000186f5       0xd6 c:/program files/microchip/xc32/v4.45/bin/bin/../../lib/gcc/pic32c/8.3.1/thumb/v7e-m+fp/hard\libgcc.a(_aeabi_uldivmod.o)
 .debug_str     0x00000000000187cb      0x2cd c:/program files/microchip/xc32/v4.45/bin/bin/../../lib/gcc/pic32c/8.3.1/thumb/v7e-m+fp/hard\libgcc.a(_udivmoddi4.o)
 .debug_str     0x0000000000018a98       0xda c:/program files/microchip/xc32/v4.45/bin/bin/../../lib/gcc/pic32c/8.3.1/thumb/v7e-m+fp/hard\libgcc.a(_dvmd_tls.o)
 .debug_str     0x0000000000018b72      0x1df c:/program files/microchip/xc32/v4.45/bin/bin/../../lib/gcc/pic32c/8.3.1/../../../../pic32c/lib/thumb/v7e-m+fp/hard\libpic32c.a(pic32_data_init_clear.o)
 .debug_str     0x0000000000018d51      0x1dd c:/program files/microchip/xc32/v4.45/bin/bin/../../lib/gcc/pic32c/8.3.1/../../../../pic32c/lib/thumb/v7e-m+fp/hard\libpic32c.a(pic32_data_init_copy.o)

.debug_frame    0x0000000000000000     0x1eb4
 .debug_frame   0x0000000000000000       0x20 build/pic32cxmtg/debug/_ext/1785439515/bsp.o
 .debug_frame   0x0000000000000020      0x130 build/pic32cxmtg/debug/_ext/160729472/drv_plc_boot.o
 .debug_frame   0x0000000000000150      0x13c build/pic32cxmtg/debug/_ext/160729472/drv_plc_hal.o
 .debug_frame   0x000000000000028c      0x178 build/pic32cxmtg/debug/_ext/1804977744/drv_g3_macrt.o
 .debug_frame   0x0000000000000404      0x1a4 build/pic32cxmtg/debug/_ext/1804977744/drv_g3_macrt_local_comm.o
 .debug_frame   0x00000000000005a8      0x178 build/pic32cxmtg/debug/_ext/33940185/plib_adc.o
 .debug_frame   0x0000000000000720      0x124 build/pic32cxmtg/debug/_ext/33938007/plib_clk.o
 .debug_frame   0x0000000000000844       0x20 build/pic32cxmtg/debug/_ext/1052037956/plib_dwdt.o
 .debug_frame   0x0000000000000864       0xe8 build/pic32cxmtg/debug/_ext/1016581701/plib_flexcom5_spi_master.o
 .debug_frame   0x000000000000094c      0x118 build/pic32cxmtg/debug/_ext/1260474139/plib_flexcom0_usart.o
 .debug_frame   0x0000000000000a64       0x88 build/pic32cxmtg/debug/_ext/1051740869/plib_nvic.o
 .debug_frame   0x0000000000000aec      0x128 build/pic32cxmtg/debug/_ext/33925603/plib_pio.o
 .debug_frame   0x0000000000000c14       0x68 build/pic32cxmtg/debug/_ext/1051624247/plib_rstc.o
 .debug_frame   0x0000000000000c7c      0x234 build/pic32cxmtg/debug/_ext/1051608344/plib_sefc0.o
 .debug_frame   0x0000000000000eb0      0x234 build/pic32cxmtg/debug/_ext/1051608344/plib_sefc1.o
 .debug_frame   0x00000000000010e4       0x84 build/pic32cxmtg/debug/_ext/1051592658/plib_supc.o
 .debug_frame   0x0000000000001168       0xb8 build/pic32cxmtg/debug/_ext/139641592/plib_tc0.o
 .debug_frame   0x0000000000001220       0x50 build/pic32cxmtg/debug/_ext/1051565808/plib_trng.o
 .debug_frame   0x0000000000001270      0x1d0 build/pic32cxmtg/debug/_ext/1051552217/plib_uart.o
 .debug_frame   0x0000000000001440       0x7c build/pic32cxmtg/debug/_ext/1540903485/srv_pcoup.o
 .debug_frame   0x00000000000014bc       0xa4 build/pic32cxmtg/debug/_ext/1488757394/srv_pvddmon.o
 .debug_frame   0x0000000000001560       0x84 build/pic32cxmtg/debug/_ext/1787564926/sys_int.o
 .debug_frame   0x00000000000015e4      0x3f8 build/pic32cxmtg/debug/_ext/1275873064/sys_time.o
 .debug_frame   0x00000000000019dc       0x40 build/pic32cxmtg/debug/_ext/1545560501/initialization.o
 .debug_frame   0x0000000000001a1c       0x28 build/pic32cxmtg/debug/_ext/1545560501/tasks.o
 .debug_frame   0x0000000000001a44       0x38 build/pic32cxmtg/debug/_ext/1545560501/startup_xc32.o
 .debug_frame   0x0000000000001a7c       0x70 build/pic32cxmtg/debug/_ext/1545560501/exceptions.o
 .debug_frame   0x0000000000001aec       0x20 build/pic32cxmtg/debug/_ext/1545560501/interrupts.o
 .debug_frame   0x0000000000001b0c       0x28 build/pic32cxmtg/debug/_ext/1360937237/main.o
 .debug_frame   0x0000000000001b34      0x168 build/pic32cxmtg/debug/_ext/1360937237/app.o
 .debug_frame   0x0000000000001c9c       0xa8 build/pic32cxmtg/debug/_ext/139641592/plib_tc1.o
 .debug_frame   0x0000000000001d44       0x3c c:/program files/microchip/xc32/v4.45/bin/bin/../../lib/gcc/pic32c/8.3.1/../../../../pic32c/lib/thumb/v7e-m+fp/hard\libpic32c.a(data_init.o)
 .debug_frame   0x0000000000001d80       0x2c c:/program files/microchip/xc32/v4.45/bin/bin/../../lib/gcc/pic32c/8.3.1/../../../../pic32c/lib/thumb/v7e-m+fp/hard\libc-size-musl.a(memcpy.o)
 .debug_frame   0x0000000000001dac       0x20 c:/program files/microchip/xc32/v4.45/bin/bin/../../lib/gcc/pic32c/8.3.1/../../../../pic32c/lib/thumb/v7e-m+fp/hard\libc-size-musl.a(memset.o)
 .debug_frame   0x0000000000001dcc       0x3c c:/program files/microchip/xc32/v4.45/bin/bin/../../lib/gcc/pic32c/8.3.1/../../../../pic32c/lib/thumb/v7e-m+fp/hard\libg-musl.a(__libc_start_main.o)
 .debug_frame   0x0000000000001e08       0x2c c:/program files/microchip/xc32/v4.45/bin/bin/../../lib/gcc/pic32c/8.3.1/thumb/v7e-m+fp/hard\libgcc.a(_aeabi_uldivmod.o)
 .debug_frame   0x0000000000001e34       0x38 c:/program files/microchip/xc32/v4.45/bin/bin/../../lib/gcc/pic32c/8.3.1/thumb/v7e-m+fp/hard\libgcc.a(_udivmoddi4.o)
 .debug_frame   0x0000000000001e6c       0x20 c:/program files/microchip/xc32/v4.45/bin/bin/../../lib/gcc/pic32c/8.3.1/../../../../pic32c/lib/thumb/v7e-m+fp/hard\libpic32c.a(pic32_data_init_clear.o)
 .debug_frame   0x0000000000001e8c       0x28 c:/program files/microchip/xc32/v4.45/bin/bin/../../lib/gcc/pic32c/8.3.1/../../../../pic32c/lib/thumb/v7e-m+fp/hard\libpic32c.a(pic32_data_init_copy.o)

.debug_loc      0x0000000000000000     0xac5c
 .debug_loc     0x0000000000000000      0x552 build/pic32cxmtg/debug/_ext/160729472/drv_plc_boot.o
 .debug_loc     0x0000000000000552     0x1077 build/pic32cxmtg/debug/_ext/160729472/drv_plc_hal.o
 .debug_loc     0x00000000000015c9      0x482 build/pic32cxmtg/debug/_ext/1804977744/drv_g3_macrt.o
 .debug_loc     0x0000000000001a4b     0x105c build/pic32cxmtg/debug/_ext/1804977744/drv_g3_macrt_local_comm.o
 .debug_loc     0x0000000000002aa7      0x1a9 build/pic32cxmtg/debug/_ext/33940185/plib_adc.o
 .debug_loc     0x0000000000002c50      0x3e5 build/pic32cxmtg/debug/_ext/33938007/plib_clk.o
 .debug_loc     0x0000000000003035      0x6d7 build/pic32cxmtg/debug/_ext/1016581701/plib_flexcom5_spi_master.o
 .debug_loc     0x000000000000370c      0xa79 build/pic32cxmtg/debug/_ext/1260474139/plib_flexcom0_usart.o
 .debug_loc     0x0000000000004185      0x317 build/pic32cxmtg/debug/_ext/1051740869/plib_nvic.o
 .debug_loc     0x000000000000449c      0x2ee build/pic32cxmtg/debug/_ext/33925603/plib_pio.o
 .debug_loc     0x000000000000478a      0x129 build/pic32cxmtg/debug/_ext/1051624247/plib_rstc.o
 .debug_loc     0x00000000000048b3      0xaae build/pic32cxmtg/debug/_ext/1051608344/plib_sefc0.o
 .debug_loc     0x0000000000005361      0xaae build/pic32cxmtg/debug/_ext/1051608344/plib_sefc1.o
 .debug_loc     0x0000000000005e0f      0x1a0 build/pic32cxmtg/debug/_ext/1051592658/plib_supc.o
 .debug_loc     0x0000000000005faf       0x5b build/pic32cxmtg/debug/_ext/139641592/plib_tc0.o
 .debug_loc     0x000000000000600a      0x904 build/pic32cxmtg/debug/_ext/1051552217/plib_uart.o
 .debug_loc     0x000000000000690e      0x285 build/pic32cxmtg/debug/_ext/1540903485/srv_pcoup.o
 .debug_loc     0x0000000000006b93      0x31c build/pic32cxmtg/debug/_ext/1488757394/srv_pvddmon.o
 .debug_loc     0x0000000000006eaf      0x182 build/pic32cxmtg/debug/_ext/1787564926/sys_int.o
 .debug_loc     0x0000000000007031     0x248f build/pic32cxmtg/debug/_ext/1275873064/sys_time.o
 .debug_loc     0x00000000000094c0      0x115 build/pic32cxmtg/debug/_ext/1545560501/initialization.o
 .debug_loc     0x00000000000095d5       0x20 build/pic32cxmtg/debug/_ext/1545560501/tasks.o
 .debug_loc     0x00000000000095f5       0x4a build/pic32cxmtg/debug/_ext/1545560501/startup_xc32.o
 .debug_loc     0x000000000000963f       0x20 build/pic32cxmtg/debug/_ext/1360937237/main.o
 .debug_loc     0x000000000000965f      0x538 build/pic32cxmtg/debug/_ext/1360937237/app.o
 .debug_loc     0x0000000000009b97       0x5b build/pic32cxmtg/debug/_ext/139641592/plib_tc1.o
 .debug_loc     0x0000000000009bf2       0x14 c:/program files/microchip/xc32/v4.45/bin/bin/../../lib/gcc/pic32c/8.3.1/../../../../pic32c/lib/thumb/v7e-m+fp/hard\libpic32c.a(data_init.o)
 .debug_loc     0x0000000000009c06      0x10b c:/program files/microchip/xc32/v4.45/bin/bin/../../lib/gcc/pic32c/8.3.1/../../../../pic32c/lib/thumb/v7e-m+fp/hard\libc-size-musl.a(memcpy.o)
 .debug_loc     0x0000000000009d11       0x7d c:/program files/microchip/xc32/v4.45/bin/bin/../../lib/gcc/pic32c/8.3.1/../../../../pic32c/lib/thumb/v7e-m+fp/hard\libc-size-musl.a(memset.o)
 .debug_loc     0x0000000000009d8e       0x51 c:/program files/microchip/xc32/v4.45/bin/bin/../../lib/gcc/pic32c/8.3.1/../../../../pic32c/lib/thumb/v7e-m+fp/hard\libg-musl.a(__libc_start_main.o)
 .debug_loc     0x0000000000009ddf      0xe69 c:/program files/microchip/xc32/v4.45/bin/bin/../../lib/gcc/pic32c/8.3.1/thumb/v7e-m+fp/hard\libgcc.a(_udivmoddi4.o)
 .debug_loc     0x000000000000ac48       0x14 c:/program files/microchip/xc32/v4.45/bin/bin/../../lib/gcc/pic32c/8.3.1/../../../../pic32c/lib/thumb/v7e-m+fp/hard\libpic32c.a(pic32_data_init_copy.o)

.note.GNU-stack
                0x0000000000000000        0x0
 .note.GNU-stack
                0x0000000000000000        0x0 c:/program files/microchip/xc32/v4.45/bin/bin/../../lib/gcc/pic32c/8.3.1/../../../../pic32c/lib/thumb/v7e-m+fp/hard\libc-size-musl.a(memcpy.o)
 .note.GNU-stack
                0x0000000000000000        0x0 c:/program files/microchip/xc32/v4.45/bin/bin/../../lib/gcc/pic32c/8.3.1/../../../../pic32c/lib/thumb/v7e-m+fp/hard\libc-size-musl.a(memset.o)
 .note.GNU-stack
                0x0000000000000000        0x0 c:/program files/microchip/xc32/v4.45/bin/bin/../../lib/gcc/pic32c/8.3.1/../../../../pic32c/lib/thumb/v7e-m+fp/hard\libg-musl.a(__libc_start_main.o)
 .note.GNU-stack
                0x0000000000000000        0x0 c:/program files/microchip/xc32/v4.45/bin/bin/../../lib/gcc/pic32c/8.3.1/../../../../pic32c/lib/thumb/v7e-m+fp/hard\libg-musl.a(libc.o)
 .note.GNU-stack
                0x0000000000000000        0x0 c:/program files/microchip/xc32/v4.45/bin/bin/../../lib/gcc/pic32c/8.3.1/../../../../pic32c/lib/thumb/v7e-m+fp/hard\libg-musl.a(__environ.o)

.stack          0x0000000020001830      0x100
 .stack         0x0000000020001830      0x100 stack

.bss.gG3RxData%1
                0x0000000020000000      0x368
 .bss.gG3RxData
                0x0000000020000000      0x368 build/pic32cxmtg/debug/_ext/1804977744/drv_g3_macrt_local_comm.o

.bss.sRxSpiData%2
                0x0000000020000368      0x27c
 .bss.sRxSpiData
                0x0000000020000368      0x27c build/pic32cxmtg/debug/_ext/160729472/drv_plc_hal.o

.bss.sTxSpiData%3
                0x00000000200005e4      0x27c
 .bss.sTxSpiData
                0x00000000200005e4      0x27c build/pic32cxmtg/debug/_ext/160729472/drv_plc_hal.o

.bss.dummyDataBuffer%4
                0x0000000020000860      0x200
 .bss.dummyDataBuffer
                0x0000000020000860      0x200 build/pic32cxmtg/debug/_ext/1016581701/plib_flexcom5_spi_master.o

.bss.rxBuffer%5
                0x0000000020000a60      0x200
 .bss.rxBuffer  0x0000000020000a60      0x200 build/pic32cxmtg/debug/_ext/1360937237/app.o

.bss.gG3TxData%6
                0x0000000020000c60      0x1b8
 .bss.gG3TxData
                0x0000000020000c60      0x1b8 build/pic32cxmtg/debug/_ext/1804977744/drv_g3_macrt_local_comm.o

.bss.appPlcTxFrameBuffer%7
                0x0000000020000e18      0x1b4
 .bss.appPlcTxFrameBuffer
                0x0000000020000e18      0x1b4 build/pic32cxmtg/debug/_ext/1360937237/app.o

.bss.appPlc%8   0x0000000020000fcc       0xbc
 .bss.appPlc    0x0000000020000fcc       0xbc build/pic32cxmtg/debug/_ext/1360937237/app.o
                0x0000000020000fcc                appPlc

.bss.timers%9   0x0000000020001088       0xa0
 .bss.timers    0x0000000020001088       0xa0 build/pic32cxmtg/debug/_ext/1275873064/sys_time.o

.bss.gG3RegResponse%10
                0x0000000020001128       0x98
 .bss.gG3RegResponse
                0x0000000020001128       0x98 build/pic32cxmtg/debug/_ext/1804977744/drv_g3_macrt_local_comm.o

.bss.UART_ReadBuffer%11
                0x00000000200011c0       0x80
 .bss.UART_ReadBuffer
                0x00000000200011c0       0x80 build/pic32cxmtg/debug/_ext/1051552217/plib_uart.o

.bss.UART_WriteBuffer%12
                0x0000000020001240       0x80
 .bss.UART_WriteBuffer
                0x0000000020001240       0x80 build/pic32cxmtg/debug/_ext/1051552217/plib_uart.o

.bss.gDrvG3MacRtObj%13
                0x00000000200012c0       0x5c
 .bss.gDrvG3MacRtObj
                0x00000000200012c0       0x5c build/pic32cxmtg/debug/_ext/1804977744/drv_g3_macrt.o

.bss%14         0x000000002000131c       0x50
 .bss           0x000000002000131c       0x50 c:/program files/microchip/xc32/v4.45/bin/bin/../../lib/gcc/pic32c/8.3.1/../../../../pic32c/lib/thumb/v7e-m+fp/hard\libg-musl.a(libc.o)
                0x000000002000131c                __progname_full
                0x000000002000131c                program_invocation_name
                0x0000000020001320                program_invocation_short_name
                0x0000000020001320                __progname
                0x0000000020001324                __sysinfo
                0x0000000020001328                __hwcap
                0x000000002000132c                __libc

.bss.sDrvPlcBootInfo%15
                0x000000002000136c       0x48
 .bss.sDrvPlcBootInfo
                0x000000002000136c       0x48 build/pic32cxmtg/debug/_ext/160729472/drv_plc_boot.o

.bss.gSystemCounterObj%16
                0x00000000200013b8       0x40
 .bss.gSystemCounterObj
                0x00000000200013b8       0x40 build/pic32cxmtg/debug/_ext/1275873064/sys_time.o

.bss.appPlcTx%17
                0x00000000200013f8       0x3c
 .bss.appPlcTx  0x00000000200013f8       0x3c build/pic32cxmtg/debug/_ext/1360937237/app.o
                0x00000000200013f8                appPlcTx

.bss.uartObj%18
                0x0000000020001434       0x38
 .bss.uartObj   0x0000000020001434       0x38 build/pic32cxmtg/debug/_ext/1051552217/plib_uart.o

.bss.flexcom5SpiObj%19
                0x000000002000146c       0x30
 .bss.flexcom5SpiObj
                0x000000002000146c       0x30 build/pic32cxmtg/debug/_ext/1016581701/plib_flexcom5_spi_master.o

.bss.gG3CommStatus%20
                0x000000002000149c       0x20
 .bss.gG3CommStatus
                0x000000002000149c       0x20 build/pic32cxmtg/debug/_ext/1804977744/drv_g3_macrt_local_comm.o

.bss.gG3RxParameters%21
                0x00000000200014bc       0x20
 .bss.gG3RxParameters
                0x00000000200014bc       0x20 build/pic32cxmtg/debug/_ext/1804977744/drv_g3_macrt_local_comm.o

.bss%22         0x00000000200014dc       0x1c
 .bss           0x00000000200014dc       0x1c c:/program files/microchip/xc32/v4.45/bin/bin/../../lib/gcc/pic32c/8.3.1/thumb/v7e-m+fp/hard/crtbegin.o

.bss.gG3StatusInfo%23
                0x00000000200014f8        0xc
 .bss.gG3StatusInfo
                0x00000000200014f8        0xc build/pic32cxmtg/debug/_ext/1804977744/drv_g3_macrt_local_comm.o

.bss.portPinCbObj%24
                0x0000000020001504        0xc
 .bss.portPinCbObj
                0x0000000020001504        0xc build/pic32cxmtg/debug/_ext/33925603/plib_pio.o

.bss.ADC_CallbackObj%25
                0x0000000020001510        0x8
 .bss.ADC_CallbackObj
                0x0000000020001510        0x8 build/pic32cxmtg/debug/_ext/33940185/plib_adc.o

.bss.TC0_CH0_CallbackObj%26
                0x0000000020001518        0x8
 .bss.TC0_CH0_CallbackObj
                0x0000000020001518        0x8 build/pic32cxmtg/debug/_ext/139641592/plib_tc0.o

.bss.sysObj%27  0x0000000020001520        0x8
 .bss.sysObj    0x0000000020001520        0x8 build/pic32cxmtg/debug/_ext/1545560501/initialization.o
                0x0000000020001520                sysObj

.bss.TC1_CH0_CallbackObj%28
                0x0000000020001528        0x8
 .bss.TC1_CH0_CallbackObj
                0x0000000020001528        0x8 build/pic32cxmtg/debug/_ext/139641592/plib_tc1.o

.bss.sDrvPlcHalObj%29
                0x00000000200013b4        0x4
 .bss.sDrvPlcHalObj
                0x00000000200013b4        0x4 build/pic32cxmtg/debug/_ext/160729472/drv_plc_boot.o

.bss.sPlcPlib%30
                0x0000000020001530        0x4
 .bss.sPlcPlib  0x0000000020001530        0x4 build/pic32cxmtg/debug/_ext/160729472/drv_plc_hal.o

.bss.gG3MacRtObj%31
                0x0000000020001534        0x4
 .bss.gG3MacRtObj
                0x0000000020001534        0x4 build/pic32cxmtg/debug/_ext/1804977744/drv_g3_macrt_local_comm.o

.bss.gG3TxConfirm%32
                0x0000000020001538        0x4
 .bss.gG3TxConfirm
                0x0000000020001538        0x4 build/pic32cxmtg/debug/_ext/1804977744/drv_g3_macrt_local_comm.o

.bss.SEFC0_PanelBaseAddr%33
                0x000000002000153c        0x4
 .bss.SEFC0_PanelBaseAddr
                0x000000002000153c        0x4 build/pic32cxmtg/debug/_ext/1051608344/plib_sefc0.o

.bss.SEFC1_PanelBaseAddr%34
                0x0000000020001540        0x4
 .bss.SEFC1_PanelBaseAddr
                0x0000000020001540        0x4 build/pic32cxmtg/debug/_ext/1051608344/plib_sefc1.o

.bss.ADC_CompareCallback%35
                0x0000000020001544        0x4
 .bss.ADC_CompareCallback
                0x0000000020001544        0x4 build/pic32cxmtg/debug/_ext/1488757394/srv_pvddmon.o

.bss.nBytesRead%36
                0x0000000020001548        0x4
 .bss.nBytesRead
                0x0000000020001548        0x4 build/pic32cxmtg/debug/_ext/1360937237/app.o

.bss.pReceivedChar%37
                0x000000002000154c        0x4
 .bss.pReceivedChar
                0x000000002000154c        0x4 build/pic32cxmtg/debug/_ext/1360937237/app.o

.bss%38         0x0000000020001550        0x4
 .bss           0x0000000020001550        0x4 c:/program files/microchip/xc32/v4.45/bin/bin/../../lib/gcc/pic32c/8.3.1/../../../../pic32c/lib/thumb/v7e-m+fp/hard\libpic32c.a(data_init.o)

.bss%39         0x0000000020001554        0x4
 .bss           0x0000000020001554        0x4 c:/program files/microchip/xc32/v4.45/bin/bin/../../lib/gcc/pic32c/8.3.1/../../../../pic32c/lib/thumb/v7e-m+fp/hard\libg-musl.a(__environ.o)
                0x0000000020001554                __environ
                0x0000000020001554                environ
                0x0000000020001554                ___environ
                0x0000000020001554                _environ

.bss.spreadRestoreStatus%40
                0x0000000020001558        0x3
 .bss.spreadRestoreStatus
                0x0000000020001558        0x3 build/pic32cxmtg/debug/_ext/33938007/plib_clk.o

.bss.srv_pvddmon_mode%41
                0x000000002000155b        0x1
 .bss.srv_pvddmon_mode
                0x000000002000155b        0x1 build/pic32cxmtg/debug/_ext/1488757394/srv_pvddmon.o

.bss.timeout_occurred%42
                0x000000002000155c        0x1
 .bss.timeout_occurred
                0x000000002000155c        0x1 build/pic32cxmtg/debug/_ext/1360937237/app.o
                0x000000002000155c                timeout_occurred

.ramfunc.SEFC0_GpnvmBitRead%43
                0x0000000020001560       0x40
 .ramfunc.SEFC0_GpnvmBitRead
                0x0000000020001560       0x20 build/pic32cxmtg/debug/_ext/1051608344/plib_sefc0.o
                0x0000000020001560                SEFC0_GpnvmBitRead
 .ramfunc.SEFC1_GpnvmBitRead
                0x0000000020001580       0x20 build/pic32cxmtg/debug/_ext/1051608344/plib_sefc1.o
                0x0000000020001580                SEFC1_GpnvmBitRead

.data.drvPLCHalAPI%44
                0x00000000200015a0       0x30
 .data.drvPLCHalAPI
                0x00000000200015a0       0x30 build/pic32cxmtg/debug/_ext/1545560501/initialization.o

.data.drvPLCPlib%45
                0x00000000200015d0       0x18
 .data.drvPLCPlib
                0x00000000200015d0       0x18 build/pic32cxmtg/debug/_ext/1545560501/initialization.o

.data.drvG3MacRtInitData%46
                0x00000000200015e8       0x14
 .data.drvG3MacRtInitData
                0x00000000200015e8       0x14 build/pic32cxmtg/debug/_ext/1545560501/initialization.o
                0x00000000200015e8                drvG3MacRtInitData

.data.setup%47  0x00000000200015fc       0x10
 .data.setup    0x00000000200015fc       0x10 build/pic32cxmtg/debug/_ext/1360937237/main.o
                0x00000000200015fc                setup

.data.portNumCb%48
                0x000000002000160c        0x8
 .data.portNumCb
                0x000000002000160c        0x8 build/pic32cxmtg/debug/_ext/33925603/plib_pio.o

.data.gSysTimeTokenCount%49
                0x000000002000155e        0x2
 .data.gSysTimeTokenCount
                0x000000002000155e        0x2 build/pic32cxmtg/debug/_ext/1275873064/sys_time.o

.data.length_msg_pot%50
                0x0000000020001614        0x2
 .data.length_msg_pot
                0x0000000020001614        0x2 build/pic32cxmtg/debug/_ext/1360937237/app.o

.eh_frame%z1    0x0000000000000000        0x0
 .eh_frame      0x0000000000000000        0x0 c:/program files/microchip/xc32/v4.45/bin/bin/../../lib/gcc/pic32c/8.3.1/thumb/v7e-m+fp/hard/crtbegin.o

.config_D0000000.__config_D0000000%51
                0x00000000d0000000        0x4
 .config_D0000000.__config_D0000000
                0x00000000d0000000        0x4 build/pic32cxmtg/debug/_ext/1545560501/initialization.o
                0x00000000d0000000                __config_D0000000

.rodata%52      0x0000000001000200    0x12300
 .rodata        0x0000000001000200    0x12300 build/pic32cxmtg/debug/_ext/2087500840/drv_g3_macrt_bin.o
                0x0000000001000200                g3_mac_rt_bin_start
                0x0000000001012500                g3_mac_rt_bin2_start
                0x0000000001012500                g3_mac_rt_bin2_end
                0x0000000001012500                g3_mac_rt_bin_end

.text.SRV_PCOUP_Set_Config%53
                0x0000000001012500      0x32c
 .text.SRV_PCOUP_Set_Config
                0x0000000001012500      0x32c build/pic32cxmtg/debug/_ext/1540903485/srv_pcoup.o
                0x0000000001012500                SRV_PCOUP_Set_Config

.dinit%54       0x000000000101282c      0x2f0
 .dinit         0x000000000101282c      0x2f0 data_init

.text%55        0x0000000001012b1c      0x2bc
 .text          0x0000000001012b1c      0x2bc c:/program files/microchip/xc32/v4.45/bin/bin/../../lib/gcc/pic32c/8.3.1/thumb/v7e-m+fp/hard\libgcc.a(_udivmoddi4.o)
                0x0000000001012b1c                __udivmoddi4

.text.DRV_G3_MACRT_ExternalInterruptHandler%56
                0x0000000001012dd8      0x280
 .text.DRV_G3_MACRT_ExternalInterruptHandler
                0x0000000001012dd8      0x280 build/pic32cxmtg/debug/_ext/1804977744/drv_g3_macrt_local_comm.o
                0x0000000001012dd8                DRV_G3_MACRT_ExternalInterruptHandler

.text.APP_Tasks%57
                0x0000000001013058      0x254
 .text.APP_Tasks
                0x0000000001013058      0x254 build/pic32cxmtg/debug/_ext/1360937237/app.o
                0x0000000001013058                APP_Tasks

.text.DRV_PLC_BOOT_Tasks%58
                0x00000000010132ac      0x1d8
 .text.DRV_PLC_BOOT_Tasks
                0x00000000010132ac      0x1d8 build/pic32cxmtg/debug/_ext/160729472/drv_plc_boot.o
                0x00000000010132ac                DRV_PLC_BOOT_Tasks

.text.CLK_Initialize%59
                0x0000000001013484      0x194
 .text.CLK_Initialize
                0x0000000001013484      0x194 build/pic32cxmtg/debug/_ext/33938007/plib_clk.o
                0x0000000001013484                CLK_Initialize

.text.DRV_G3_MACRT_Task%60
                0x0000000001013618      0x13c
 .text.DRV_G3_MACRT_Task
                0x0000000001013618      0x13c build/pic32cxmtg/debug/_ext/1804977744/drv_g3_macrt_local_comm.o
                0x0000000001013618                DRV_G3_MACRT_Task

.rodata.srvPlcCoup%61
                0x0000000001013754      0x11c
 .rodata.srvPlcCoup
                0x0000000001013754      0x11c build/pic32cxmtg/debug/_ext/1540903485/srv_pcoup.o

.text.PIO_Initialize%62
                0x0000000001013870       0xfc
 .text.PIO_Initialize
                0x0000000001013870       0xfc build/pic32cxmtg/debug/_ext/33925603/plib_pio.o
                0x0000000001013870                PIO_Initialize

.text.DRV_PLC_HAL_SendWrRdCmd%63
                0x000000000101396c       0xf4
 .text.DRV_PLC_HAL_SendWrRdCmd
                0x000000000101396c       0xf4 build/pic32cxmtg/debug/_ext/160729472/drv_plc_hal.o
                0x000000000101396c                DRV_PLC_HAL_SendWrRdCmd

.text.FLEXCOM0_USART_SerialSetup%64
                0x0000000001013a60       0xe8
 .text.FLEXCOM0_USART_SerialSetup
                0x0000000001013a60       0xe8 build/pic32cxmtg/debug/_ext/1260474139/plib_flexcom0_usart.o
                0x0000000001013a60                FLEXCOM0_USART_SerialSetup

.text.SYS_TIME_PLIBCallback%65
                0x0000000001013b48       0xd8
 .text.SYS_TIME_PLIBCallback
                0x0000000001013b48       0xd8 build/pic32cxmtg/debug/_ext/1275873064/sys_time.o

.text.SYS_TIME_Initialize%66
                0x0000000001013c20       0xcc
 .text.SYS_TIME_Initialize
                0x0000000001013c20       0xcc build/pic32cxmtg/debug/_ext/1275873064/sys_time.o
                0x0000000001013c20                SYS_TIME_Initialize

.text.APP_PLC_G3MACRTInitCallback%67
                0x0000000001013cec       0xb8
 .text.APP_PLC_G3MACRTInitCallback
                0x0000000001013cec       0xb8 build/pic32cxmtg/debug/_ext/1360937237/app.o

.text.FLEXCOM5_InterruptHandler%68
                0x0000000001013da4       0xb4
 .text.FLEXCOM5_InterruptHandler
                0x0000000001013da4       0xb4 build/pic32cxmtg/debug/_ext/1016581701/plib_flexcom5_spi_master.o
                0x0000000001013da4                FLEXCOM5_InterruptHandler

.text.SYS_TIME_TimerObjectCreate%69
                0x0000000001013e58       0xb0
 .text.SYS_TIME_TimerObjectCreate
                0x0000000001013e58       0xb0 build/pic32cxmtg/debug/_ext/1275873064/sys_time.o

.text.FLEXCOM5_SPI_WriteRead%70
                0x0000000001013f08       0xac
 .text.FLEXCOM5_SPI_WriteRead
                0x0000000001013f08       0xac build/pic32cxmtg/debug/_ext/1016581701/plib_flexcom5_spi_master.o
                0x0000000001013f08                FLEXCOM5_SPI_WriteRead

.text.SYS_TIME_HwTimerCompareUpdate%71
                0x0000000001013fb4       0xa8
 .text.SYS_TIME_HwTimerCompareUpdate
                0x0000000001013fb4       0xa8 build/pic32cxmtg/debug/_ext/1275873064/sys_time.o

.text.Reset_Handler%72
                0x000000000101405c       0xa4
 .text.Reset_Handler
                0x000000000101405c       0xa4 build/pic32cxmtg/debug/_ext/1545560501/startup_xc32.o
                0x000000000101405c                Reset_Handler

.text.lDRV_PLC_BOOT_EnableBootCmd%73
                0x0000000001014100       0x9c
 .text.lDRV_PLC_BOOT_EnableBootCmd
                0x0000000001014100       0x9c build/pic32cxmtg/debug/_ext/160729472/drv_plc_boot.o

.text.DRV_PLC_HAL_SendBootCmd%74
                0x000000000101419c       0x98
 .text.DRV_PLC_HAL_SendBootCmd
                0x000000000101419c       0x98 build/pic32cxmtg/debug/_ext/160729472/drv_plc_hal.o
                0x000000000101419c                DRV_PLC_HAL_SendBootCmd

.text.UART_ISR_RX_Handler%75
                0x0000000001014234       0x94
 .text.UART_ISR_RX_Handler
                0x0000000001014234       0x94 build/pic32cxmtg/debug/_ext/1051552217/plib_uart.o

.text.NVIC_Initialize%76
                0x00000000010142c8       0x90
 .text.NVIC_Initialize
                0x00000000010142c8       0x90 build/pic32cxmtg/debug/_ext/1051740869/plib_nvic.o
                0x00000000010142c8                NVIC_Initialize

.rodata.srvPlcCoupPredistCoefHigh%77
                0x0000000001014358       0x90
 .rodata.srvPlcCoupPredistCoefHigh
                0x0000000001014358       0x90 build/pic32cxmtg/debug/_ext/1540903485/srv_pcoup.o

.rodata.srvPlcCoupPredistCoefVLow%78
                0x00000000010143e8       0x90
 .rodata.srvPlcCoupPredistCoefVLow
                0x00000000010143e8       0x90 build/pic32cxmtg/debug/_ext/1540903485/srv_pcoup.o

.text.SYS_TIME_AddToList%79
                0x0000000001014478       0x90
 .text.SYS_TIME_AddToList
                0x0000000001014478       0x90 build/pic32cxmtg/debug/_ext/1275873064/sys_time.o

.text.DRV_G3_MACRT_PIBSet%80
                0x0000000001014508       0x8c
 .text.DRV_G3_MACRT_PIBSet
                0x0000000001014508       0x8c build/pic32cxmtg/debug/_ext/1804977744/drv_g3_macrt_local_comm.o
                0x0000000001014508                DRV_G3_MACRT_PIBSet

.text.PLLInitialize%81
                0x0000000001014594       0x84
 .text.PLLInitialize
                0x0000000001014594       0x84 build/pic32cxmtg/debug/_ext/33938007/plib_clk.o

.text.UART_Read%82
                0x0000000001014618       0x84
 .text.UART_Read
                0x0000000001014618       0x84 build/pic32cxmtg/debug/_ext/1051552217/plib_uart.o
                0x0000000001014618                UART_Read

.text.DRV_G3_MACRT_TxRequest%83
                0x000000000101469c       0x7c
 .text.DRV_G3_MACRT_TxRequest
                0x000000000101469c       0x7c build/pic32cxmtg/debug/_ext/1804977744/drv_g3_macrt_local_comm.o
                0x000000000101469c                DRV_G3_MACRT_TxRequest

.text.UART_ISR_TX_Handler%84
                0x0000000001014718       0x7c
 .text.UART_ISR_TX_Handler
                0x0000000001014718       0x7c build/pic32cxmtg/debug/_ext/1051552217/plib_uart.o

.text.SYS_Initialize%85
                0x0000000001014794       0x7c
 .text.SYS_Initialize
                0x0000000001014794       0x7c build/pic32cxmtg/debug/_ext/1545560501/initialization.o
                0x0000000001014794                SYS_Initialize

.text.SRV_PVDDMON_Restart%86
                0x0000000001014810       0x74
 .text.SRV_PVDDMON_Restart
                0x0000000001014810       0x74 build/pic32cxmtg/debug/_ext/1488757394/srv_pvddmon.o
                0x0000000001014810                SRV_PVDDMON_Restart

.text.DRV_PLC_BOOT_Restart%87
                0x0000000001014884       0x6c
 .text.DRV_PLC_BOOT_Restart
                0x0000000001014884       0x6c build/pic32cxmtg/debug/_ext/160729472/drv_plc_boot.o
                0x0000000001014884                DRV_PLC_BOOT_Restart

.text.PIO_PinInterruptCallbackRegister%88
                0x00000000010148f0       0x6c
 .text.PIO_PinInterruptCallbackRegister
                0x00000000010148f0       0x6c build/pic32cxmtg/debug/_ext/33925603/plib_pio.o
                0x00000000010148f0                PIO_PinInterruptCallbackRegister

.text.lDRV_G3_MACRT_COMM_SpiWriteCmd%89
                0x000000000101495c       0x68
 .text.lDRV_G3_MACRT_COMM_SpiWriteCmd
                0x000000000101495c       0x68 build/pic32cxmtg/debug/_ext/1804977744/drv_g3_macrt_local_comm.o

.text.SRV_PVDDMON_Start%90
                0x00000000010149c4       0x68
 .text.SRV_PVDDMON_Start
                0x00000000010149c4       0x68 build/pic32cxmtg/debug/_ext/1488757394/srv_pvddmon.o
                0x00000000010149c4                SRV_PVDDMON_Start

.text.DRV_PLC_HAL_Reset%91
                0x0000000001014a2c       0x64
 .text.DRV_PLC_HAL_Reset
                0x0000000001014a2c       0x64 build/pic32cxmtg/debug/_ext/160729472/drv_plc_hal.o
                0x0000000001014a2c                DRV_PLC_HAL_Reset

.text.DRV_PLC_HAL_SetStandBy%92
                0x0000000001014a90       0x64
 .text.DRV_PLC_HAL_SetStandBy
                0x0000000001014a90       0x64 build/pic32cxmtg/debug/_ext/160729472/drv_plc_hal.o
                0x0000000001014a90                DRV_PLC_HAL_SetStandBy

.text.DRV_G3_MACRT_Initialize%93
                0x0000000001014af4       0x64
 .text.DRV_G3_MACRT_Initialize
                0x0000000001014af4       0x64 build/pic32cxmtg/debug/_ext/1804977744/drv_g3_macrt.o
                0x0000000001014af4                DRV_G3_MACRT_Initialize

.text.lDRV_G3_MACRT_COMM_SpiReadCmd%94
                0x0000000001014b58       0x64
 .text.lDRV_G3_MACRT_COMM_SpiReadCmd
                0x0000000001014b58       0x64 build/pic32cxmtg/debug/_ext/1804977744/drv_g3_macrt_local_comm.o

.text.DRV_G3_MACRT_Tasks%95
                0x0000000001014bbc       0x5c
 .text.DRV_G3_MACRT_Tasks
                0x0000000001014bbc       0x5c build/pic32cxmtg/debug/_ext/1804977744/drv_g3_macrt.o
                0x0000000001014bbc                DRV_G3_MACRT_Tasks

.text.FLEXCOM5_SPI_TransferSetup%96
                0x0000000001014c18       0x5c
 .text.FLEXCOM5_SPI_TransferSetup
                0x0000000001014c18       0x5c build/pic32cxmtg/debug/_ext/1016581701/plib_flexcom5_spi_master.o
                0x0000000001014c18                FLEXCOM5_SPI_TransferSetup

.text.SYS_TIME_RemoveFromList%97
                0x0000000001014c74       0x5c
 .text.SYS_TIME_RemoveFromList
                0x0000000001014c74       0x5c build/pic32cxmtg/debug/_ext/1275873064/sys_time.o

.text.__libc_start_init%98
                0x0000000001014cd0       0x5c
 .text.__libc_start_init
                0x0000000001014cd0       0x5c c:/program files/microchip/xc32/v4.45/bin/bin/../../lib/gcc/pic32c/8.3.1/../../../../pic32c/lib/thumb/v7e-m+fp/hard\libg-musl.a(__libc_start_main.o)
                0x0000000001014cd0                __libc_init_array

.text.lDRV_PLC_BOOT_GetSecureInfo%99
                0x0000000001014d2c       0x58
 .text.lDRV_PLC_BOOT_GetSecureInfo
                0x0000000001014d2c       0x58 build/pic32cxmtg/debug/_ext/160729472/drv_plc_boot.o

.text.DRV_G3_MACRT_Open%100
                0x0000000001014d84       0x58
 .text.DRV_G3_MACRT_Open
                0x0000000001014d84       0x58 build/pic32cxmtg/debug/_ext/1804977744/drv_g3_macrt.o
                0x0000000001014d84                DRV_G3_MACRT_Open

.text.RSTC_PMCResetStatusGet%101
                0x0000000001014ddc       0x58
 .text.RSTC_PMCResetStatusGet
                0x0000000001014ddc       0x58 build/pic32cxmtg/debug/_ext/1051624247/plib_rstc.o
                0x0000000001014ddc                RSTC_PMCResetStatusGet

.text.SYS_TIME_TimerAdd%102
                0x0000000001014e34       0x58
 .text.SYS_TIME_TimerAdd
                0x0000000001014e34       0x58 build/pic32cxmtg/debug/_ext/1275873064/sys_time.o

.text.SYS_TIME_TimerStart%103
                0x0000000001014e8c       0x58
 .text.SYS_TIME_TimerStart
                0x0000000001014e8c       0x58 build/pic32cxmtg/debug/_ext/1275873064/sys_time.o
                0x0000000001014e8c                SYS_TIME_TimerStart

.text.SYS_TIME_CallbackRegisterMS%104
                0x0000000001014ee4       0x54
 .text.SYS_TIME_CallbackRegisterMS
                0x0000000001014ee4       0x54 build/pic32cxmtg/debug/_ext/1275873064/sys_time.o
                0x0000000001014ee4                SYS_TIME_CallbackRegisterMS

.text.lDRV_PLC_BOOT_DisableBootCmd%105
                0x0000000001014f38       0x50
 .text.lDRV_PLC_BOOT_DisableBootCmd
                0x0000000001014f38       0x50 build/pic32cxmtg/debug/_ext/160729472/drv_plc_boot.o

.text.lDRV_G3_MACRT_COMM_CheckComm%106
                0x0000000001014f88       0x50
 .text.lDRV_G3_MACRT_COMM_CheckComm
                0x0000000001014f88       0x50 build/pic32cxmtg/debug/_ext/1804977744/drv_g3_macrt_local_comm.o

.text.FLEXCOM0_USART_Write%107
                0x0000000001014fd8       0x50
 .text.FLEXCOM0_USART_Write
                0x0000000001014fd8       0x50 build/pic32cxmtg/debug/_ext/1260474139/plib_flexcom0_usart.o
                0x0000000001014fd8                FLEXCOM0_USART_Write

.text.SYS_TIME_DelayUS%108
                0x0000000001015028       0x50
 .text.SYS_TIME_DelayUS
                0x0000000001015028       0x50 build/pic32cxmtg/debug/_ext/1275873064/sys_time.o
                0x0000000001015028                SYS_TIME_DelayUS

.text.UART_InterruptHandler%109
                0x0000000001015078       0x4c
 .text.UART_InterruptHandler
                0x0000000001015078       0x4c build/pic32cxmtg/debug/_ext/1051552217/plib_uart.o
                0x0000000001015078                UART_InterruptHandler

.text.DRV_G3_MACRT_Init%110
                0x00000000010150c4       0x48
 .text.DRV_G3_MACRT_Init
                0x00000000010150c4       0x48 build/pic32cxmtg/debug/_ext/1804977744/drv_g3_macrt_local_comm.o
                0x00000000010150c4                DRV_G3_MACRT_Init

.text.DRV_PLC_BOOT_Start%111
                0x000000000101510c       0x44
 .text.DRV_PLC_BOOT_Start
                0x000000000101510c       0x44 build/pic32cxmtg/debug/_ext/160729472/drv_plc_boot.o
                0x000000000101510c                DRV_PLC_BOOT_Start

.text.DRV_PLC_HAL_EnableInterrupts%112
                0x0000000001015150       0x44
 .text.DRV_PLC_HAL_EnableInterrupts
                0x0000000001015150       0x44 build/pic32cxmtg/debug/_ext/160729472/drv_plc_hal.o
                0x0000000001015150                DRV_PLC_HAL_EnableInterrupts

.rodata%113     0x0000000001015194       0x44
 .rodata        0x0000000001015194       0x44 build/pic32cxmtg/debug/_ext/33938007/plib_clk.o

.text.UART_Initialize%114
                0x00000000010151d8       0x44
 .text.UART_Initialize
                0x00000000010151d8       0x44 build/pic32cxmtg/debug/_ext/1051552217/plib_uart.o
                0x00000000010151d8                UART_Initialize

.text.SYS_INT_SourceDisable%115
                0x000000000101521c       0x44
 .text.SYS_INT_SourceDisable
                0x000000000101521c       0x44 build/pic32cxmtg/debug/_ext/1787564926/sys_int.o
                0x000000000101521c                SYS_INT_SourceDisable

.text.APP_PLC_RxParamsIndCallback%116
                0x0000000001015260       0x44
 .text.APP_PLC_RxParamsIndCallback
                0x0000000001015260       0x44 build/pic32cxmtg/debug/_ext/1360937237/app.o

.text%117       0x00000000010152a4       0x40
 .text          0x00000000010152a4       0x40 c:/program files/microchip/xc32/v4.45/bin/bin/../../lib/gcc/pic32c/8.3.1/thumb/v7e-m+fp/hard/crtbegin.o

.text.DRV_PLC_HAL_Init%118
                0x00000000010152e4       0x3c
 .text.DRV_PLC_HAL_Init
                0x00000000010152e4       0x3c build/pic32cxmtg/debug/_ext/160729472/drv_plc_hal.o
                0x00000000010152e4                DRV_PLC_HAL_Init

.text.DRV_PLC_HAL_Setup%119
                0x0000000001015320       0x3c
 .text.DRV_PLC_HAL_Setup
                0x0000000001015320       0x3c build/pic32cxmtg/debug/_ext/160729472/drv_plc_hal.o
                0x0000000001015320                DRV_PLC_HAL_Setup

.text.FLEXCOM0_USART_Initialize%120
                0x000000000101535c       0x3c
 .text.FLEXCOM0_USART_Initialize
                0x000000000101535c       0x3c build/pic32cxmtg/debug/_ext/1260474139/plib_flexcom0_usart.o
                0x000000000101535c                FLEXCOM0_USART_Initialize

.text.SUPC_Initialize%121
                0x0000000001015398       0x3c
 .text.SUPC_Initialize
                0x0000000001015398       0x3c build/pic32cxmtg/debug/_ext/1051592658/plib_supc.o
                0x0000000001015398                SUPC_Initialize

.text.SYS_TIME_GetTimerObject%122
                0x00000000010153d4       0x3c
 .text.SYS_TIME_GetTimerObject
                0x00000000010153d4       0x3c build/pic32cxmtg/debug/_ext/1275873064/sys_time.o

.text.SYS_TIME_TimerDestroy%123
                0x0000000001015410       0x3c
 .text.SYS_TIME_TimerDestroy
                0x0000000001015410       0x3c build/pic32cxmtg/debug/_ext/1275873064/sys_time.o
                0x0000000001015410                SYS_TIME_TimerDestroy

.text.APP_PLC_DataIndCallback%124
                0x000000000101544c       0x3c
 .text.APP_PLC_DataIndCallback
                0x000000000101544c       0x3c build/pic32cxmtg/debug/_ext/1360937237/app.o

.text.FLEXCOM5_SPI_Initialize%125
                0x0000000001015488       0x38
 .text.FLEXCOM5_SPI_Initialize
                0x0000000001015488       0x38 build/pic32cxmtg/debug/_ext/1016581701/plib_flexcom5_spi_master.o
                0x0000000001015488                FLEXCOM5_SPI_Initialize

.text.PIOA_InterruptHandler%126
                0x00000000010154c0       0x38
 .text.PIOA_InterruptHandler
                0x00000000010154c0       0x38 build/pic32cxmtg/debug/_ext/33925603/plib_pio.o
                0x00000000010154c0                PIOA_InterruptHandler

.text.SYS_TIME_ResourceLock%127
                0x00000000010154f8       0x38
 .text.SYS_TIME_ResourceLock
                0x00000000010154f8       0x38 build/pic32cxmtg/debug/_ext/1275873064/sys_time.o

.text.DRV_PLC_HAL_SetTxEnable%128
                0x0000000001015530       0x34
 .text.DRV_PLC_HAL_SetTxEnable
                0x0000000001015530       0x34 build/pic32cxmtg/debug/_ext/160729472/drv_plc_hal.o
                0x0000000001015530                DRV_PLC_HAL_SetTxEnable

.text.usartReadEventHandler%129
                0x0000000001015564       0x34
 .text.usartReadEventHandler
                0x0000000001015564       0x34 build/pic32cxmtg/debug/_ext/1360937237/app.o
                0x0000000001015564                usartReadEventHandler

.text.APP_PLC_PVDDMonitorCallback%130
                0x0000000001015598       0x34
 .text.APP_PLC_PVDDMonitorCallback
                0x0000000001015598       0x34 build/pic32cxmtg/debug/_ext/1360937237/app.o

.text.__pic32c_data_initialization%131
                0x00000000010155cc       0x34
 .text.__pic32c_data_initialization
                0x00000000010155cc       0x34 c:/program files/microchip/xc32/v4.45/bin/bin/../../lib/gcc/pic32c/8.3.1/../../../../pic32c/lib/thumb/v7e-m+fp/hard\libpic32c.a(data_init.o)
                0x00000000010155cc                __pic32c_data_initialization

.text.lDRV_PLC_BOOT_Rev%132
                0x0000000001015600       0x30
 .text.lDRV_PLC_BOOT_Rev
                0x0000000001015600       0x30 build/pic32cxmtg/debug/_ext/160729472/drv_plc_boot.o

.text.ADC_Initialize%133
                0x0000000001015630       0x30
 .text.ADC_Initialize
                0x0000000001015630       0x30 build/pic32cxmtg/debug/_ext/33940185/plib_adc.o
                0x0000000001015630                ADC_Initialize

.text.SYS_TIME_UpdateTimerList%134
                0x0000000001015660       0x30
 .text.SYS_TIME_UpdateTimerList
                0x0000000001015660       0x30 build/pic32cxmtg/debug/_ext/1275873064/sys_time.o

.text._on_reset%135
                0x0000000001015690       0x30
 .text._on_reset
                0x0000000001015690       0x30 build/pic32cxmtg/debug/_ext/1545560501/initialization.o
                0x0000000001015690                _on_reset

.text.APP_Initialize%136
                0x00000000010156c0       0x30
 .text.APP_Initialize
                0x00000000010156c0       0x30 build/pic32cxmtg/debug/_ext/1360937237/app.o
                0x00000000010156c0                APP_Initialize

.text%137       0x00000000010156f0       0x30
 .text          0x00000000010156f0       0x30 c:/program files/microchip/xc32/v4.45/bin/bin/../../lib/gcc/pic32c/8.3.1/thumb/v7e-m+fp/hard\libgcc.a(_aeabi_uldivmod.o)
                0x00000000010156f0                __aeabi_uldivmod

.text.UART_Reset%138
                0x0000000001015720       0x2c
 .text.UART_Reset
                0x0000000001015720       0x2c build/pic32cxmtg/debug/_ext/1360937237/app.o
                0x0000000001015720                UART_Reset

.text.DRV_PLC_HAL_GetThermalMonitor%139
                0x000000000101574c       0x28
 .text.DRV_PLC_HAL_GetThermalMonitor
                0x000000000101574c       0x28 build/pic32cxmtg/debug/_ext/160729472/drv_plc_hal.o
                0x000000000101574c                DRV_PLC_HAL_GetThermalMonitor

.text.setupDMA%140
                0x0000000001015774       0x28
 .text.setupDMA
                0x0000000001015774       0x28 build/pic32cxmtg/debug/_ext/1016581701/plib_flexcom5_spi_master.o

.text.SYS_TIME_TimerPeriodHasExpired%141
                0x000000000101579c       0x28
 .text.SYS_TIME_TimerPeriodHasExpired
                0x000000000101579c       0x28 build/pic32cxmtg/debug/_ext/1275873064/sys_time.o
                0x000000000101579c                SYS_TIME_TimerPeriodHasExpired

.text.lDRV_PLC_BOOT_CheckStatus%142